Archive member included to satisfy reference by file (symbol)

/opt/st/stm32cubeclt_1.16.0/GNU-tools-for-STM32/bin/../lib/gcc/arm-none-eabi/12.3.1/../../../../arm-none-eabi/lib/thumb/v7e-m+dp/hard/libstdc++_nano.a(atexit_arm.o)
                              CMakeFiles/slave.dir/Core/Src/main.cpp.obj (__aeabi_atexit)
/opt/st/stm32cubeclt_1.16.0/GNU-tools-for-STM32/bin/../lib/gcc/arm-none-eabi/12.3.1/../../../../arm-none-eabi/lib/thumb/v7e-m+dp/hard/libstdc++_nano.a(del_ops.o)
                              CMakeFiles/slave.dir/Core/Src/main.cpp.obj (operator delete(void*, unsigned int))
/opt/st/stm32cubeclt_1.16.0/GNU-tools-for-STM32/bin/../lib/gcc/arm-none-eabi/12.3.1/../../../../arm-none-eabi/lib/thumb/v7e-m+dp/hard/libstdc++_nano.a(del_op.o)
                              /opt/st/stm32cubeclt_1.16.0/GNU-tools-for-STM32/bin/../lib/gcc/arm-none-eabi/12.3.1/../../../../arm-none-eabi/lib/thumb/v7e-m+dp/hard/libstdc++_nano.a(del_ops.o) (operator delete(void*))
/opt/st/stm32cubeclt_1.16.0/GNU-tools-for-STM32/bin/../lib/gcc/arm-none-eabi/12.3.1/../../../../arm-none-eabi/lib/thumb/v7e-m+dp/hard/libc_nano.a(libc_a-exit.o)
                              /opt/st/stm32cubeclt_1.16.0/GNU-tools-for-STM32/bin/../lib/gcc/arm-none-eabi/12.3.1/../../../../arm-none-eabi/lib/thumb/v7e-m+dp/hard/crt0.o (exit)
/opt/st/stm32cubeclt_1.16.0/GNU-tools-for-STM32/bin/../lib/gcc/arm-none-eabi/12.3.1/../../../../arm-none-eabi/lib/thumb/v7e-m+dp/hard/libc_nano.a(libc_a-malloc.o)
                              /opt/st/stm32cubeclt_1.16.0/GNU-tools-for-STM32/bin/../lib/gcc/arm-none-eabi/12.3.1/../../../../arm-none-eabi/lib/thumb/v7e-m+dp/hard/libstdc++_nano.a(del_op.o) (free)
/opt/st/stm32cubeclt_1.16.0/GNU-tools-for-STM32/bin/../lib/gcc/arm-none-eabi/12.3.1/../../../../arm-none-eabi/lib/thumb/v7e-m+dp/hard/libc_nano.a(libc_a-mallocr.o)
                              /opt/st/stm32cubeclt_1.16.0/GNU-tools-for-STM32/bin/../lib/gcc/arm-none-eabi/12.3.1/../../../../arm-none-eabi/lib/thumb/v7e-m+dp/hard/libc_nano.a(libc_a-malloc.o) (_malloc_r)
/opt/st/stm32cubeclt_1.16.0/GNU-tools-for-STM32/bin/../lib/gcc/arm-none-eabi/12.3.1/../../../../arm-none-eabi/lib/thumb/v7e-m+dp/hard/libc_nano.a(libc_a-mlock.o)
                              /opt/st/stm32cubeclt_1.16.0/GNU-tools-for-STM32/bin/../lib/gcc/arm-none-eabi/12.3.1/../../../../arm-none-eabi/lib/thumb/v7e-m+dp/hard/libc_nano.a(libc_a-mallocr.o) (__malloc_lock)
/opt/st/stm32cubeclt_1.16.0/GNU-tools-for-STM32/bin/../lib/gcc/arm-none-eabi/12.3.1/../../../../arm-none-eabi/lib/thumb/v7e-m+dp/hard/libc_nano.a(libc_a-cxa_atexit.o)
                              /opt/st/stm32cubeclt_1.16.0/GNU-tools-for-STM32/bin/../lib/gcc/arm-none-eabi/12.3.1/../../../../arm-none-eabi/lib/thumb/v7e-m+dp/hard/libstdc++_nano.a(atexit_arm.o) (__cxa_atexit)
/opt/st/stm32cubeclt_1.16.0/GNU-tools-for-STM32/bin/../lib/gcc/arm-none-eabi/12.3.1/../../../../arm-none-eabi/lib/thumb/v7e-m+dp/hard/libc_nano.a(libc_a-findfp.o)
                              /opt/st/stm32cubeclt_1.16.0/GNU-tools-for-STM32/bin/../lib/gcc/arm-none-eabi/12.3.1/../../../../arm-none-eabi/lib/thumb/v7e-m+dp/hard/libc_nano.a(libc_a-exit.o) (__stdio_exit_handler)
/opt/st/stm32cubeclt_1.16.0/GNU-tools-for-STM32/bin/../lib/gcc/arm-none-eabi/12.3.1/../../../../arm-none-eabi/lib/thumb/v7e-m+dp/hard/libc_nano.a(libc_a-fwalk.o)
                              /opt/st/stm32cubeclt_1.16.0/GNU-tools-for-STM32/bin/../lib/gcc/arm-none-eabi/12.3.1/../../../../arm-none-eabi/lib/thumb/v7e-m+dp/hard/libc_nano.a(libc_a-findfp.o) (_fwalk_sglue)
/opt/st/stm32cubeclt_1.16.0/GNU-tools-for-STM32/bin/../lib/gcc/arm-none-eabi/12.3.1/../../../../arm-none-eabi/lib/thumb/v7e-m+dp/hard/libc_nano.a(libc_a-stdio.o)
                              /opt/st/stm32cubeclt_1.16.0/GNU-tools-for-STM32/bin/../lib/gcc/arm-none-eabi/12.3.1/../../../../arm-none-eabi/lib/thumb/v7e-m+dp/hard/libc_nano.a(libc_a-findfp.o) (__sread)
/opt/st/stm32cubeclt_1.16.0/GNU-tools-for-STM32/bin/../lib/gcc/arm-none-eabi/12.3.1/../../../../arm-none-eabi/lib/thumb/v7e-m+dp/hard/libc_nano.a(libc_a-memset.o)
                              /opt/st/stm32cubeclt_1.16.0/GNU-tools-for-STM32/bin/../lib/gcc/arm-none-eabi/12.3.1/../../../../arm-none-eabi/lib/thumb/v7e-m+dp/hard/crt0.o (memset)
/opt/st/stm32cubeclt_1.16.0/GNU-tools-for-STM32/bin/../lib/gcc/arm-none-eabi/12.3.1/../../../../arm-none-eabi/lib/thumb/v7e-m+dp/hard/libc_nano.a(libc_a-closer.o)
                              /opt/st/stm32cubeclt_1.16.0/GNU-tools-for-STM32/bin/../lib/gcc/arm-none-eabi/12.3.1/../../../../arm-none-eabi/lib/thumb/v7e-m+dp/hard/libc_nano.a(libc_a-stdio.o) (_close_r)
/opt/st/stm32cubeclt_1.16.0/GNU-tools-for-STM32/bin/../lib/gcc/arm-none-eabi/12.3.1/../../../../arm-none-eabi/lib/thumb/v7e-m+dp/hard/libc_nano.a(libc_a-reent.o)
                              /opt/st/stm32cubeclt_1.16.0/GNU-tools-for-STM32/bin/../lib/gcc/arm-none-eabi/12.3.1/../../../../arm-none-eabi/lib/thumb/v7e-m+dp/hard/libc_nano.a(libc_a-closer.o) (errno)
[...]
Memory Configuration

Name             Origin             Length             Attributes
DTCMRAM          0x20000000         0x00020000         xrw
RAM              0x24000000         0x00080000         xrw
RAM_D2           0x30000000         0x00048000         xrw
RAM_D3           0x38000000         0x00010000         xrw
ITCMRAM          0x00000000         0x00010000         xrw
FLASH            0x08000000         0x00200000         xr
*default*        0x00000000         0xffffffff

Linker script and memory map

LOAD /opt/st/stm32cubeclt_1.16.0/GNU-tools-for-STM32/bin/../lib/gcc/arm-none-eabi/12.3.1/thumb/v7e-m+dp/hard/crti.o
LOAD /opt/st/stm32cubeclt_1.16.0/GNU-tools-for-STM32/bin/../lib/gcc/arm-none-eabi/12.3.1/thumb/v7e-m+dp/hard/crtbegin.o
LOAD /opt/st/stm32cubeclt_1.16.0/GNU-tools-for-STM32/bin/../lib/gcc/arm-none-eabi/12.3.1/../../../../arm-none-eabi/lib/thumb/v7e-m+dp/hard/crt0.o
START GROUP
END GROUP
START GROUP
LOAD /opt/st/stm32cubeclt_1.16.0/GNU-tools-for-STM32/bin/../lib/gcc/arm-none-eabi/12.3.1/../../../../arm-none-eabi/lib/thumb/v7e-m+dp/hard/libstdc++_nano.a
LOAD /opt/st/stm32cubeclt_1.16.0/GNU-tools-for-STM32/bin/../lib/gcc/arm-none-eabi/12.3.1/../../../../arm-none-eabi/lib/thumb/v7e-m+dp/hard/libsupc++_nano.a
END GROUP
LOAD CMakeFiles/slave.dir/Core/Src/main.cpp.obj
LOAD CMakeFiles/slave.dir/Core/Src/dummy.cpp.obj
LOAD CMakeFiles/slave.dir/Core/Src/stm32h7xx_it.c.obj
LOAD CMakeFiles/slave.dir/Core/Src/stm32h7xx_hal_msp.c.obj
LOAD CMakeFiles/slave.dir/Drivers/STM32H7xx_HAL_Driver/Src/stm32h7xx_hal_cortex.c.obj
LOAD CMakeFiles/slave.dir/Drivers/STM32H7xx_HAL_Driver/Src/stm32h7xx_hal_rcc.c.obj
LOAD CMakeFiles/slave.dir/Drivers/STM32H7xx_HAL_Driver/Src/stm32h7xx_hal_rcc_ex.c.obj
LOAD CMakeFiles/slave.dir/Drivers/STM32H7xx_HAL_Driver/Src/stm32h7xx_hal_flash.c.obj
LOAD CMakeFiles/slave.dir/Drivers/STM32H7xx_HAL_Driver/Src/stm32h7xx_hal_flash_ex.c.obj
LOAD CMakeFiles/slave.dir/Drivers/STM32H7xx_HAL_Driver/Src/stm32h7xx_hal_gpio.c.obj
LOAD CMakeFiles/slave.dir/Drivers/STM32H7xx_HAL_Driver/Src/stm32h7xx_hal_hsem.c.obj
LOAD CMakeFiles/slave.dir/Drivers/STM32H7xx_HAL_Driver/Src/stm32h7xx_hal_dma.c.obj
LOAD CMakeFiles/slave.dir/Drivers/STM32H7xx_HAL_Driver/Src/stm32h7xx_hal_dma_ex.c.obj
LOAD CMakeFiles/slave.dir/Drivers/STM32H7xx_HAL_Driver/Src/stm32h7xx_hal_mdma.c.obj
LOAD CMakeFiles/slave.dir/Drivers/STM32H7xx_HAL_Driver/Src/stm32h7xx_hal_pwr.c.obj
LOAD CMakeFiles/slave.dir/Drivers/STM32H7xx_HAL_Driver/Src/stm32h7xx_hal_pwr_ex.c.obj
LOAD CMakeFiles/slave.dir/Drivers/STM32H7xx_HAL_Driver/Src/stm32h7xx_hal.c.obj
LOAD CMakeFiles/slave.dir/Drivers/STM32H7xx_HAL_Driver/Src/stm32h7xx_hal_i2c.c.obj
LOAD CMakeFiles/slave.dir/Drivers/STM32H7xx_HAL_Driver/Src/stm32h7xx_hal_i2c_ex.c.obj
LOAD CMakeFiles/slave.dir/Drivers/STM32H7xx_HAL_Driver/Src/stm32h7xx_hal_exti.c.obj
LOAD CMakeFiles/slave.dir/Drivers/STM32H7xx_HAL_Driver/Src/stm32h7xx_hal_fdcan.c.obj
LOAD CMakeFiles/slave.dir/Drivers/STM32H7xx_HAL_Driver/Src/stm32h7xx_hal_spi.c.obj
LOAD CMakeFiles/slave.dir/Drivers/STM32H7xx_HAL_Driver/Src/stm32h7xx_hal_spi_ex.c.obj
LOAD CMakeFiles/slave.dir/Drivers/STM32H7xx_HAL_Driver/Src/stm32h7xx_hal_tim.c.obj
LOAD CMakeFiles/slave.dir/Drivers/STM32H7xx_HAL_Driver/Src/stm32h7xx_hal_tim_ex.c.obj
LOAD CMakeFiles/slave.dir/Drivers/STM32H7xx_HAL_Driver/Src/stm32h7xx_hal_uart.c.obj
LOAD CMakeFiles/slave.dir/Drivers/STM32H7xx_HAL_Driver/Src/stm32h7xx_hal_uart_ex.c.obj
LOAD CMakeFiles/slave.dir/Core/Src/system_stm32h7xx.c.obj
LOAD CMakeFiles/slave.dir/Core/Src/sysmem.c.obj
LOAD CMakeFiles/slave.dir/Core/Src/syscalls.c.obj
LOAD CMakeFiles/slave.dir/Core/Src/board.slave.cpp.obj
LOAD CMakeFiles/slave.dir/startup_stm32h753xx.s.obj
LOAD /opt/st/stm32cubeclt_1.16.0/GNU-tools-for-STM32/bin/../lib/gcc/arm-none-eabi/12.3.1/../../../../arm-none-eabi/lib/thumb/v7e-m+dp/hard/libstdc++_nano.a
LOAD /opt/st/stm32cubeclt_1.16.0/GNU-tools-for-STM32/bin/../lib/gcc/arm-none-eabi/12.3.1/../../../../arm-none-eabi/lib/thumb/v7e-m+dp/hard/libm.a
LOAD /opt/st/stm32cubeclt_1.16.0/GNU-tools-for-STM32/bin/../lib/gcc/arm-none-eabi/12.3.1/../../../../arm-none-eabi/lib/thumb/v7e-m+dp/hard/libc_nano.a
START GROUP
LOAD /opt/st/stm32cubeclt_1.16.0/GNU-tools-for-STM32/bin/../lib/gcc/arm-none-eabi/12.3.1/thumb/v7e-m+dp/hard/libgcc.a
LOAD /opt/st/stm32cubeclt_1.16.0/GNU-tools-for-STM32/bin/../lib/gcc/arm-none-eabi/12.3.1/../../../../arm-none-eabi/lib/thumb/v7e-m+dp/hard/libg_nano.a
LOAD /opt/st/stm32cubeclt_1.16.0/GNU-tools-for-STM32/bin/../lib/gcc/arm-none-eabi/12.3.1/../../../../arm-none-eabi/lib/thumb/v7e-m+dp/hard/libc_nano.a
END GROUP
START GROUP
LOAD /opt/st/stm32cubeclt_1.16.0/GNU-tools-for-STM32/bin/../lib/gcc/arm-none-eabi/12.3.1/thumb/v7e-m+dp/hard/libgcc.a
LOAD /opt/st/stm32cubeclt_1.16.0/GNU-tools-for-STM32/bin/../lib/gcc/arm-none-eabi/12.3.1/../../../../arm-none-eabi/lib/thumb/v7e-m+dp/hard/libc_nano.a
END GROUP
LOAD /opt/st/stm32cubeclt_1.16.0/GNU-tools-for-STM32/bin/../lib/gcc/arm-none-eabi/12.3.1/thumb/v7e-m+dp/hard/crtend.o
LOAD /opt/st/stm32cubeclt_1.16.0/GNU-tools-for-STM32/bin/../lib/gcc/arm-none-eabi/12.3.1/thumb/v7e-m+dp/hard/crtn.o
                0x20020000                        _estack = (ORIGIN (DTCMRAM) + LENGTH (DTCMRAM))
                0x00000200                        _Min_Heap_Size = 0x200
                0x00000400                        _Min_Stack_Size = 0x400

.isr_vector     0x08000000      0x298
                0x08000000                        . = ALIGN (0x4)
 *(.isr_vector)
 .isr_vector    0x08000000      0x298 CMakeFiles/slave.dir/startup_stm32h753xx.s.obj
                0x08000000                g_pfnVectors
                0x08000298                        . = ALIGN (0x4)

.text           0x08000298     0x6388
                0x08000298                        . = ALIGN (0x4)
 *(.text)
 .text          0x08000298       0x40 /opt/st/stm32cubeclt_1.16.0/GNU-tools-for-STM32/bin/../lib/gcc/arm-none-eabi/12.3.1/thumb/v7e-m+dp/hard/crtbegin.o
 .text          0x080002d8       0x30 /opt/st/stm32cubeclt_1.16.0/GNU-tools-for-STM32/bin/../lib/gcc/arm-none-eabi/12.3.1/thumb/v7e-m+dp/hard/libgcc.a(_aeabi_uldivmod.o)
                0x080002d8                __aeabi_uldivmod
 .text          0x08000308      0x2bc /opt/st/stm32cubeclt_1.16.0/GNU-tools-for-STM32/bin/../lib/gcc/arm-none-eabi/12.3.1/thumb/v7e-m+dp/hard/libgcc.a(_udivmoddi4.o)
                0x08000308                __udivmoddi4
 .text          0x080005c4        0x4 /opt/st/stm32cubeclt_1.16.0/GNU-tools-for-STM32/bin/../lib/gcc/arm-none-eabi/12.3.1/thumb/v7e-m+dp/hard/libgcc.a(_dvmd_tls.o)
                0x080005c4                __aeabi_ldiv0
                0x080005c4                __aeabi_idiv0
 *(.text*)
 .text.main     0x080005c8       0x50 CMakeFiles/slave.dir/Core/Src/main.cpp.obj
                0x080005c8                main
 .text._Z18SystemClock_Configv
                0x08000618      0x184 CMakeFiles/slave.dir/Core/Src/main.cpp.obj
                0x08000618                SystemClock_Config()
 .text._Z24PeriphCommonClock_Configv
                0x0800079c       0x92 CMakeFiles/slave.dir/Core/Src/main.cpp.obj
                0x0800079c                PeriphCommonClock_Config()
 .text._Z10MPU_Configv
                0x0800082e       0x58 CMakeFiles/slave.dir/Core/Src/main.cpp.obj
                0x0800082e                MPU_Config()
 .text.Error_Handler
                0x08000886        0xc CMakeFiles/slave.dir/Core/Src/main.cpp.obj
                0x08000886                Error_Handler
 *fill*         0x08000892        0x2 
 .text._ZN4dina5DummyD2Ev
                0x08000894       0x20 CMakeFiles/slave.dir/Core/Src/main.cpp.obj
                0x08000894                dina::Dummy::~Dummy()
                0x08000894                dina::Dummy::~Dummy()
 .text._ZN4dina5DummyD0Ev
                0x080008b4       0x20 CMakeFiles/slave.dir/Core/Src/main.cpp.obj
                0x080008b4                dina::Dummy::~Dummy()
 .text._ZN4dina5Dummy5printEv
                0x080008d4       0x14 CMakeFiles/slave.dir/Core/Src/dummy.cpp.obj
                0x080008d4                dina::Dummy::print()
 .text.NMI_Handler
                0x080008e8        0x8 CMakeFiles/slave.dir/Core/Src/stm32h7xx_it.c.obj
                0x080008e8                NMI_Handler
 .text.HardFault_Handler
                0x080008f0        0x8 CMakeFiles/slave.dir/Core/Src/stm32h7xx_it.c.obj
                0x080008f0                HardFault_Handler
 .text.MemManage_Handler
                0x080008f8        0x8 CMakeFiles/slave.dir/Core/Src/stm32h7xx_it.c.obj
                0x080008f8                MemManage_Handler
 .text.BusFault_Handler
                0x08000900        0x8 CMakeFiles/slave.dir/Core/Src/stm32h7xx_it.c.obj
                0x08000900                BusFault_Handler
 .text.UsageFault_Handler
                0x08000908        0x8 CMakeFiles/slave.dir/Core/Src/stm32h7xx_it.c.obj
                0x08000908                UsageFault_Handler
 .text.SVC_Handler
                0x08000910        0xe CMakeFiles/slave.dir/Core/Src/stm32h7xx_it.c.obj
                0x08000910                SVC_Handler
 .text.DebugMon_Handler
                0x0800091e        0xe CMakeFiles/slave.dir/Core/Src/stm32h7xx_it.c.obj
                0x0800091e                DebugMon_Handler
 .text.PendSV_Handler
                0x0800092c        0xe CMakeFiles/slave.dir/Core/Src/stm32h7xx_it.c.obj
                0x0800092c                PendSV_Handler
 .text.SysTick_Handler
                0x0800093a        0xc CMakeFiles/slave.dir/Core/Src/stm32h7xx_it.c.obj
                0x0800093a                SysTick_Handler
 *fill*         0x08000946        0x2 
 .text.HAL_MspInit
                0x08000948       0x34 CMakeFiles/slave.dir/Core/Src/stm32h7xx_hal_msp.c.obj
                0x08000948                HAL_MspInit
 .text.HAL_FDCAN_MspInit
                0x0800097c      0x130 CMakeFiles/slave.dir/Core/Src/stm32h7xx_hal_msp.c.obj
                0x0800097c                HAL_FDCAN_MspInit
 .text.HAL_SPI_MspInit
                0x08000aac       0xd0 CMakeFiles/slave.dir/Core/Src/stm32h7xx_hal_msp.c.obj
                0x08000aac                HAL_SPI_MspInit
 .text.HAL_UART_MspInit
                0x08000b7c      0x1e8 CMakeFiles/slave.dir/Core/Src/stm32h7xx_hal_msp.c.obj
                0x08000b7c                HAL_UART_MspInit
 .text.__NVIC_SetPriorityGrouping
                0x08000d64       0x48 CMakeFiles/slave.dir/Drivers/STM32H7xx_HAL_Driver/Src/stm32h7xx_hal_cortex.c.obj
 .text.__NVIC_GetPriorityGrouping
                0x08000dac       0x1c CMakeFiles/slave.dir/Drivers/STM32H7xx_HAL_Driver/Src/stm32h7xx_hal_cortex.c.obj
 .text.__NVIC_SetPriority
                0x08000dc8       0x54 CMakeFiles/slave.dir/Drivers/STM32H7xx_HAL_Driver/Src/stm32h7xx_hal_cortex.c.obj
 .text.NVIC_EncodePriority
                0x08000e1c       0x66 CMakeFiles/slave.dir/Drivers/STM32H7xx_HAL_Driver/Src/stm32h7xx_hal_cortex.c.obj
 *fill*         0x08000e82        0x2 
 .text.SysTick_Config
                0x08000e84       0x44 CMakeFiles/slave.dir/Drivers/STM32H7xx_HAL_Driver/Src/stm32h7xx_hal_cortex.c.obj
 .text.HAL_NVIC_SetPriorityGrouping
                0x08000ec8       0x16 CMakeFiles/slave.dir/Drivers/STM32H7xx_HAL_Driver/Src/stm32h7xx_hal_cortex.c.obj
                0x08000ec8                HAL_NVIC_SetPriorityGrouping
 .text.HAL_NVIC_SetPriority
                0x08000ede       0x34 CMakeFiles/slave.dir/Drivers/STM32H7xx_HAL_Driver/Src/stm32h7xx_hal_cortex.c.obj
                0x08000ede                HAL_NVIC_SetPriority
 .text.HAL_SYSTICK_Config
                0x08000f12       0x18 CMakeFiles/slave.dir/Drivers/STM32H7xx_HAL_Driver/Src/stm32h7xx_hal_cortex.c.obj
                0x08000f12                HAL_SYSTICK_Config
 *fill*         0x08000f2a        0x2 
 .text.HAL_MPU_Disable
                0x08000f2c       0x30 CMakeFiles/slave.dir/Drivers/STM32H7xx_HAL_Driver/Src/stm32h7xx_hal_cortex.c.obj
                0x08000f2c                HAL_MPU_Disable
 .text.HAL_MPU_Enable
                0x08000f5c       0x40 CMakeFiles/slave.dir/Drivers/STM32H7xx_HAL_Driver/Src/stm32h7xx_hal_cortex.c.obj
                0x08000f5c                HAL_MPU_Enable
 .text.HAL_MPU_ConfigRegion
                0x08000f9c       0x80 CMakeFiles/slave.dir/Drivers/STM32H7xx_HAL_Driver/Src/stm32h7xx_hal_cortex.c.obj
                0x08000f9c                HAL_MPU_ConfigRegion
 .text.HAL_RCC_OscConfig
                0x0800101c      0x8b4 CMakeFiles/slave.dir/Drivers/STM32H7xx_HAL_Driver/Src/stm32h7xx_hal_rcc.c.obj
                0x0800101c                HAL_RCC_OscConfig
 .text.HAL_RCC_ClockConfig
                0x080018d0      0x36c CMakeFiles/slave.dir/Drivers/STM32H7xx_HAL_Driver/Src/stm32h7xx_hal_rcc.c.obj
                0x080018d0                HAL_RCC_ClockConfig
 .text.HAL_RCC_GetSysClockFreq
                0x08001c3c      0x2f4 CMakeFiles/slave.dir/Drivers/STM32H7xx_HAL_Driver/Src/stm32h7xx_hal_rcc.c.obj
                0x08001c3c                HAL_RCC_GetSysClockFreq
 .text.HAL_RCC_GetHCLKFreq
                0x08001f30       0x60 CMakeFiles/slave.dir/Drivers/STM32H7xx_HAL_Driver/Src/stm32h7xx_hal_rcc.c.obj
                0x08001f30                HAL_RCC_GetHCLKFreq
 .text.HAL_RCC_GetPCLK1Freq
                0x08001f90       0x2c CMakeFiles/slave.dir/Drivers/STM32H7xx_HAL_Driver/Src/stm32h7xx_hal_rcc.c.obj
                0x08001f90                HAL_RCC_GetPCLK1Freq
 .text.HAL_RCC_GetPCLK2Freq
                0x08001fbc       0x2c CMakeFiles/slave.dir/Drivers/STM32H7xx_HAL_Driver/Src/stm32h7xx_hal_rcc.c.obj
                0x08001fbc                HAL_RCC_GetPCLK2Freq
 .text.HAL_RCCEx_PeriphCLKConfig
                0x08001fe8     0x1414 CMakeFiles/slave.dir/Drivers/STM32H7xx_HAL_Driver/Src/stm32h7xx_hal_rcc_ex.c.obj
                0x08001fe8                HAL_RCCEx_PeriphCLKConfig
 .text.HAL_RCCEx_GetD3PCLK1Freq
                0x080033fc       0x2c CMakeFiles/slave.dir/Drivers/STM32H7xx_HAL_Driver/Src/stm32h7xx_hal_rcc_ex.c.obj
                0x080033fc                HAL_RCCEx_GetD3PCLK1Freq
 .text.HAL_RCCEx_GetPLL2ClockFreq
                0x08003428      0x2a8 CMakeFiles/slave.dir/Drivers/STM32H7xx_HAL_Driver/Src/stm32h7xx_hal_rcc_ex.c.obj
                0x08003428                HAL_RCCEx_GetPLL2ClockFreq
 .text.HAL_RCCEx_GetPLL3ClockFreq
                0x080036d0      0x2a8 CMakeFiles/slave.dir/Drivers/STM32H7xx_HAL_Driver/Src/stm32h7xx_hal_rcc_ex.c.obj
                0x080036d0                HAL_RCCEx_GetPLL3ClockFreq
 .text.RCCEx_PLL2_Config
                0x08003978      0x164 CMakeFiles/slave.dir/Drivers/STM32H7xx_HAL_Driver/Src/stm32h7xx_hal_rcc_ex.c.obj
 .text.RCCEx_PLL3_Config
                0x08003adc      0x164 CMakeFiles/slave.dir/Drivers/STM32H7xx_HAL_Driver/Src/stm32h7xx_hal_rcc_ex.c.obj
 .text.HAL_GPIO_Init
                0x08003c40      0x360 CMakeFiles/slave.dir/Drivers/STM32H7xx_HAL_Driver/Src/stm32h7xx_hal_gpio.c.obj
                0x08003c40                HAL_GPIO_Init
 .text.HAL_GPIO_WritePin
                0x08003fa0       0x32 CMakeFiles/slave.dir/Drivers/STM32H7xx_HAL_Driver/Src/stm32h7xx_hal_gpio.c.obj
                0x08003fa0                HAL_GPIO_WritePin
 *fill*         0x08003fd2        0x2 
 .text.HAL_PWREx_ConfigSupply
                0x08003fd4       0x74 CMakeFiles/slave.dir/Drivers/STM32H7xx_HAL_Driver/Src/stm32h7xx_hal_pwr_ex.c.obj
                0x08003fd4                HAL_PWREx_ConfigSupply
 .text.HAL_Init
                0x08004048       0x78 CMakeFiles/slave.dir/Drivers/STM32H7xx_HAL_Driver/Src/stm32h7xx_hal.c.obj
                0x08004048                HAL_Init
 .text.HAL_InitTick
                0x080040c0       0x6c CMakeFiles/slave.dir/Drivers/STM32H7xx_HAL_Driver/Src/stm32h7xx_hal.c.obj
                0x080040c0                HAL_InitTick
 .text.HAL_IncTick
                0x0800412c       0x28 CMakeFiles/slave.dir/Drivers/STM32H7xx_HAL_Driver/Src/stm32h7xx_hal.c.obj
                0x0800412c                HAL_IncTick
 .text.HAL_GetTick
                0x08004154       0x18 CMakeFiles/slave.dir/Drivers/STM32H7xx_HAL_Driver/Src/stm32h7xx_hal.c.obj
                0x08004154                HAL_GetTick
 .text.HAL_GetREVID
                0x0800416c       0x18 CMakeFiles/slave.dir/Drivers/STM32H7xx_HAL_Driver/Src/stm32h7xx_hal.c.obj
                0x0800416c                HAL_GetREVID
 .text.HAL_FDCAN_Init
                0x08004184      0x3bc CMakeFiles/slave.dir/Drivers/STM32H7xx_HAL_Driver/Src/stm32h7xx_hal_fdcan.c.obj
                0x08004184                HAL_FDCAN_Init
 .text.FDCAN_CalcultateRamBlockAddresses
                0x08004540      0x30c CMakeFiles/slave.dir/Drivers/STM32H7xx_HAL_Driver/Src/stm32h7xx_hal_fdcan.c.obj
 .text.HAL_SPI_Init
                0x0800484c      0x248 CMakeFiles/slave.dir/Drivers/STM32H7xx_HAL_Driver/Src/stm32h7xx_hal_spi.c.obj
                0x0800484c                HAL_SPI_Init
 .text.SPI_GetPacketSize
                0x08004a94       0x36 CMakeFiles/slave.dir/Drivers/STM32H7xx_HAL_Driver/Src/stm32h7xx_hal_spi.c.obj
 .text.HAL_UART_Init
                0x08004aca       0xa0 CMakeFiles/slave.dir/Drivers/STM32H7xx_HAL_Driver/Src/stm32h7xx_hal_uart.c.obj
                0x08004aca                HAL_UART_Init
 *fill*         0x08004b6a        0x2 
 .text.UART_SetConfig
                0x08004b6c      0xad0 CMakeFiles/slave.dir/Drivers/STM32H7xx_HAL_Driver/Src/stm32h7xx_hal_uart.c.obj
                0x08004b6c                UART_SetConfig
 .text.UART_AdvFeatureConfig
                0x0800563c      0x144 CMakeFiles/slave.dir/Drivers/STM32H7xx_HAL_Driver/Src/stm32h7xx_hal_uart.c.obj
                0x0800563c                UART_AdvFeatureConfig
 .text.UART_CheckIdleState
                0x08005780      0x154 CMakeFiles/slave.dir/Drivers/STM32H7xx_HAL_Driver/Src/stm32h7xx_hal_uart.c.obj
                0x08005780                UART_CheckIdleState
 .text.UART_WaitOnFlagUntilTimeout
                0x080058d4       0xda CMakeFiles/slave.dir/Drivers/STM32H7xx_HAL_Driver/Src/stm32h7xx_hal_uart.c.obj
                0x080058d4                UART_WaitOnFlagUntilTimeout
 *fill*         0x080059ae        0x2 
 .text.UART_EndRxTransfer
                0x080059b0       0xcc CMakeFiles/slave.dir/Drivers/STM32H7xx_HAL_Driver/Src/stm32h7xx_hal_uart.c.obj
 .text.HAL_UARTEx_DisableFifoMode
                0x08005a7c       0x72 CMakeFiles/slave.dir/Drivers/STM32H7xx_HAL_Driver/Src/stm32h7xx_hal_uart_ex.c.obj
                0x08005a7c                HAL_UARTEx_DisableFifoMode
 .text.HAL_UARTEx_SetTxFifoThreshold
                0x08005aee       0x7c CMakeFiles/slave.dir/Drivers/STM32H7xx_HAL_Driver/Src/stm32h7xx_hal_uart_ex.c.obj
                0x08005aee                HAL_UARTEx_SetTxFifoThreshold
 .text.HAL_UARTEx_SetRxFifoThreshold
                0x08005b6a       0x7c CMakeFiles/slave.dir/Drivers/STM32H7xx_HAL_Driver/Src/stm32h7xx_hal_uart_ex.c.obj
                0x08005b6a                HAL_UARTEx_SetRxFifoThreshold
 *fill*         0x08005be6        0x2 
 .text.UARTEx_SetNbDataToProcess
                0x08005be8       0x9c CMakeFiles/slave.dir/Drivers/STM32H7xx_HAL_Driver/Src/stm32h7xx_hal_uart_ex.c.obj
 .text.SystemInit
                0x08005c84      0x110 CMakeFiles/slave.dir/Core/Src/system_stm32h7xx.c.obj
                0x08005c84                SystemInit
 .text._Z14MX_FDCAN1_Initv
                0x08005d94       0xd4 CMakeFiles/slave.dir/Core/Src/board.slave.cpp.obj
                0x08005d94                MX_FDCAN1_Init()
 .text._Z14MX_FDCAN2_Initv
                0x08005e68       0xd4 CMakeFiles/slave.dir/Core/Src/board.slave.cpp.obj
                0x08005e68                MX_FDCAN2_Init()
 .text._Z12MX_SPI1_Initv
                0x08005f3c       0xb4 CMakeFiles/slave.dir/Core/Src/board.slave.cpp.obj
                0x08005f3c                MX_SPI1_Init()
 .text._Z13MX_UART4_Initv
                0x08005ff0       0xc0 CMakeFiles/slave.dir/Core/Src/board.slave.cpp.obj
                0x08005ff0                MX_UART4_Init()
 .text._Z13MX_UART5_Initv
                0x080060b0       0xc0 CMakeFiles/slave.dir/Core/Src/board.slave.cpp.obj
                0x080060b0                MX_UART5_Init()
 .text._Z19MX_USART1_UART_Initv
                0x08006170       0xc0 CMakeFiles/slave.dir/Core/Src/board.slave.cpp.obj
                0x08006170                MX_USART1_UART_Init()
 .text._Z19MX_USART3_UART_Initv
                0x08006230       0xc0 CMakeFiles/slave.dir/Core/Src/board.slave.cpp.obj
                0x08006230                MX_USART3_UART_Init()
 .text._Z12MX_GPIO_Initv
                0x080062f0      0x13c CMakeFiles/slave.dir/Core/Src/board.slave.cpp.obj
                0x080062f0                MX_GPIO_Init()
 .text._Z9BoardInitv
                0x0800642c       0x28 CMakeFiles/slave.dir/Core/Src/board.slave.cpp.obj
                0x0800642c                BoardInit()
 .text.Reset_Handler
                0x08006454       0x50 CMakeFiles/slave.dir/startup_stm32h753xx.s.obj
                0x08006454                Reset_Handler
 .text.Default_Handler
                0x080064a4        0x2 CMakeFiles/slave.dir/startup_stm32h753xx.s.obj
                0x080064a4                RTC_Alarm_IRQHandler
                0x080064a4                HASH_RNG_IRQHandler
                0x080064a4                EXTI2_IRQHandler
                0x080064a4                TIM8_CC_IRQHandler
                0x080064a4                HRTIM1_Master_IRQHandler
                0x080064a4                UART8_IRQHandler
                0x080064a4                SPI4_IRQHandler
                0x080064a4                TIM1_CC_IRQHandler
                0x080064a4                BDMA_Channel6_IRQHandler
                0x080064a4                DMA2_Stream5_IRQHandler
                0x080064a4                HRTIM1_FLT_IRQHandler
                0x080064a4                JPEG_IRQHandler
                0x080064a4                DMA1_Stream5_IRQHandler
                0x080064a4                BDMA_Channel1_IRQHandler
                0x080064a4                HRTIM1_TIMD_IRQHandler
                0x080064a4                TAMP_STAMP_IRQHandler
                0x080064a4                EXTI3_IRQHandler
                0x080064a4                LPTIM4_IRQHandler
                0x080064a4                TIM8_TRG_COM_TIM14_IRQHandler
                0x080064a4                LPTIM2_IRQHandler
                0x080064a4                DFSDM1_FLT1_IRQHandler
                0x080064a4                DMAMUX2_OVR_IRQHandler
                0x080064a4                TIM8_UP_TIM13_IRQHandler
                0x080064a4                I2C3_ER_IRQHandler
                0x080064a4                DFSDM1_FLT2_IRQHandler
                0x080064a4                MDMA_IRQHandler
                0x080064a4                LPTIM3_IRQHandler
                0x080064a4                HSEM1_IRQHandler
                0x080064a4                EXTI0_IRQHandler
                0x080064a4                I2C2_EV_IRQHandler
                0x080064a4                DMA1_Stream2_IRQHandler
                0x080064a4                FPU_IRQHandler
                0x080064a4                OTG_HS_WKUP_IRQHandler
                0x080064a4                FDCAN1_IT1_IRQHandler
                0x080064a4                LTDC_ER_IRQHandler
                0x080064a4                DMA2_Stream2_IRQHandler
                0x080064a4                HRTIM1_TIME_IRQHandler
                0x080064a4                SPI1_IRQHandler
                0x080064a4                TIM6_DAC_IRQHandler
                0x080064a4                DCMI_IRQHandler
                0x080064a4                HRTIM1_TIMC_IRQHandler
                0x080064a4                DMA2_Stream3_IRQHandler
                0x080064a4                SAI2_IRQHandler
                0x080064a4                DFSDM1_FLT3_IRQHandler
                0x080064a4                USART6_IRQHandler
                0x080064a4                TIM17_IRQHandler
                0x080064a4                USART3_IRQHandler
                0x080064a4                BDMA_Channel7_IRQHandler
                0x080064a4                CRYP_IRQHandler
                0x080064a4                LPTIM5_IRQHandler
                0x080064a4                UART5_IRQHandler
                0x080064a4                ADC3_IRQHandler
                0x080064a4                DMA2_Stream0_IRQHandler
                0x080064a4                TIM4_IRQHandler
                0x080064a4                BDMA_Channel2_IRQHandler
                0x080064a4                QUADSPI_IRQHandler
                0x080064a4                I2C1_EV_IRQHandler
                0x080064a4                DMA1_Stream6_IRQHandler
                0x080064a4                DMAMUX1_OVR_IRQHandler
                0x080064a4                DMA1_Stream1_IRQHandler
                0x080064a4                TIM16_IRQHandler
                0x080064a4                UART4_IRQHandler
                0x080064a4                BDMA_Channel5_IRQHandler
                0x080064a4                TIM3_IRQHandler
                0x080064a4                RCC_IRQHandler
                0x080064a4                TIM8_BRK_TIM12_IRQHandler
                0x080064a4                TIM1_TRG_COM_IRQHandler
                0x080064a4                Default_Handler
                0x080064a4                ECC_IRQHandler
                0x080064a4                CEC_IRQHandler
                0x080064a4                EXTI15_10_IRQHandler
                0x080064a4                BDMA_Channel0_IRQHandler
                0x080064a4                ADC_IRQHandler
                0x080064a4                DMA1_Stream7_IRQHandler
                0x080064a4                HRTIM1_TIMA_IRQHandler
                0x080064a4                SPI5_IRQHandler
                0x080064a4                TIM7_IRQHandler
                0x080064a4                SDMMC1_IRQHandler
                0x080064a4                TIM5_IRQHandler
                0x080064a4                DMA2_Stream7_IRQHandler
                0x080064a4                TIM15_IRQHandler
                0x080064a4                PVD_AVD_IRQHandler
                0x080064a4                I2C3_EV_IRQHandler
                0x080064a4                EXTI9_5_IRQHandler
                0x080064a4                RTC_WKUP_IRQHandler
                0x080064a4                LTDC_IRQHandler
                0x080064a4                SAI3_IRQHandler
                0x080064a4                ETH_WKUP_IRQHandler
                0x080064a4                SPDIF_RX_IRQHandler
                0x080064a4                SPI2_IRQHandler
                0x080064a4                OTG_HS_EP1_IN_IRQHandler
                0x080064a4                DMA1_Stream0_IRQHandler
                0x080064a4                CRS_IRQHandler
                0x080064a4                EXTI4_IRQHandler
                0x080064a4                HRTIM1_TIMB_IRQHandler
                0x080064a4                FDCAN2_IT1_IRQHandler
                0x080064a4                ETH_IRQHandler
                0x080064a4                TIM1_UP_IRQHandler
                0x080064a4                BDMA_Channel4_IRQHandler
                0x080064a4                OTG_HS_EP1_OUT_IRQHandler
                0x080064a4                WWDG_IRQHandler
                0x080064a4                SPI6_IRQHandler
                0x080064a4                MDIOS_IRQHandler
                0x080064a4                I2C4_EV_IRQHandler
                0x080064a4                FDCAN2_IT0_IRQHandler
                0x080064a4                LPUART1_IRQHandler
                0x080064a4                FDCAN1_IT0_IRQHandler
                0x080064a4                TIM2_IRQHandler
                0x080064a4                OTG_FS_WKUP_IRQHandler
                0x080064a4                OTG_HS_IRQHandler
                0x080064a4                DMA2D_IRQHandler
                0x080064a4                TIM1_BRK_IRQHandler
                0x080064a4                EXTI1_IRQHandler
                0x080064a4                SDMMC2_IRQHandler
                0x080064a4                OTG_FS_EP1_OUT_IRQHandler
                0x080064a4                BDMA_Channel3_IRQHandler
                0x080064a4                UART7_IRQHandler
                0x080064a4                MDIOS_WKUP_IRQHandler
                0x080064a4                USART2_IRQHandler
                0x080064a4                DFSDM1_FLT0_IRQHandler
                0x080064a4                SAI4_IRQHandler
                0x080064a4                I2C2_ER_IRQHandler
                0x080064a4                DMA2_Stream1_IRQHandler
                0x080064a4                FLASH_IRQHandler
                0x080064a4                DMA2_Stream4_IRQHandler
                0x080064a4                USART1_IRQHandler
                0x080064a4                OTG_FS_IRQHandler
                0x080064a4                SPI3_IRQHandler
                0x080064a4                WAKEUP_PIN_IRQHandler
                0x080064a4                DMA1_Stream4_IRQHandler
                0x080064a4                OTG_FS_EP1_IN_IRQHandler
                0x080064a4                I2C1_ER_IRQHandler
                0x080064a4                FMC_IRQHandler
                0x080064a4                FDCAN_CAL_IRQHandler
                0x080064a4                SWPMI1_IRQHandler
                0x080064a4                COMP1_IRQHandler
                0x080064a4                LPTIM1_IRQHandler
                0x080064a4                I2C4_ER_IRQHandler
                0x080064a4                DMA2_Stream6_IRQHandler
                0x080064a4                SAI1_IRQHandler
                0x080064a4                DMA1_Stream3_IRQHandler
 .text.__aeabi_atexit
                0x080064a6        0xa /opt/st/stm32cubeclt_1.16.0/GNU-tools-for-STM32/bin/../lib/gcc/arm-none-eabi/12.3.1/../../../../arm-none-eabi/lib/thumb/v7e-m+dp/hard/libstdc++_nano.a(atexit_arm.o)
                0x080064a6                __aeabi_atexit
 .text._ZdlPvj  0x080064b0        0x4 /opt/st/stm32cubeclt_1.16.0/GNU-tools-for-STM32/bin/../lib/gcc/arm-none-eabi/12.3.1/../../../../arm-none-eabi/lib/thumb/v7e-m+dp/hard/libstdc++_nano.a(del_ops.o)
                0x080064b0                operator delete(void*, unsigned int)
 .text._ZdlPv   0x080064b4        0x4 /opt/st/stm32cubeclt_1.16.0/GNU-tools-for-STM32/bin/../lib/gcc/arm-none-eabi/12.3.1/../../../../arm-none-eabi/lib/thumb/v7e-m+dp/hard/libstdc++_nano.a(del_op.o)
                0x080064b4                operator delete(void*)
 .text.free     0x080064b8       0x10 /opt/st/stm32cubeclt_1.16.0/GNU-tools-for-STM32/bin/../lib/gcc/arm-none-eabi/12.3.1/../../../../arm-none-eabi/lib/thumb/v7e-m+dp/hard/libc_nano.a(libc_a-malloc.o)
                0x080064b8                free
 .text.__malloc_lock
                0x080064c8        0xc /opt/st/stm32cubeclt_1.16.0/GNU-tools-for-STM32/bin/../lib/gcc/arm-none-eabi/12.3.1/../../../../arm-none-eabi/lib/thumb/v7e-m+dp/hard/libc_nano.a(libc_a-mlock.o)
                0x080064c8                __malloc_lock
 .text.__malloc_unlock
                0x080064d4        0xc /opt/st/stm32cubeclt_1.16.0/GNU-tools-for-STM32/bin/../lib/gcc/arm-none-eabi/12.3.1/../../../../arm-none-eabi/lib/thumb/v7e-m+dp/hard/libc_nano.a(libc_a-mlock.o)
                0x080064d4                __malloc_unlock
 .text.__cxa_atexit
                0x080064e0       0x1c /opt/st/stm32cubeclt_1.16.0/GNU-tools-for-STM32/bin/../lib/gcc/arm-none-eabi/12.3.1/../../../../arm-none-eabi/lib/thumb/v7e-m+dp/hard/libc_nano.a(libc_a-cxa_atexit.o)
                0x080064e0                __cxa_atexit
 .text.memset   0x080064fc       0x10 /opt/st/stm32cubeclt_1.16.0/GNU-tools-for-STM32/bin/../lib/gcc/arm-none-eabi/12.3.1/../../../../arm-none-eabi/lib/thumb/v7e-m+dp/hard/libc_nano.a(libc_a-memset.o)
                0x080064fc                memset
 .text.__libc_init_array
                0x0800650c       0x48 /opt/st/stm32cubeclt_1.16.0/GNU-tools-for-STM32/bin/../lib/gcc/arm-none-eabi/12.3.1/../../../../arm-none-eabi/lib/thumb/v7e-m+dp/hard/libc_nano.a(libc_a-init.o)
                0x0800650c                __libc_init_array
 .text.__retarget_lock_acquire_recursive
                0x08006554        0x2 /opt/st/stm32cubeclt_1.16.0/GNU-tools-for-STM32/bin/../lib/gcc/arm-none-eabi/12.3.1/../../../../arm-none-eabi/lib/thumb/v7e-m+dp/hard/libc_nano.a(libc_a-lock.o)
                0x08006554                __retarget_lock_acquire_recursive
 .text.__retarget_lock_release_recursive
                0x08006556        0x2 /opt/st/stm32cubeclt_1.16.0/GNU-tools-for-STM32/bin/../lib/gcc/arm-none-eabi/12.3.1/../../../../arm-none-eabi/lib/thumb/v7e-m+dp/hard/libc_nano.a(libc_a-lock.o)
                0x08006556                __retarget_lock_release_recursive
 .text.memcpy   0x08006558       0x1c /opt/st/stm32cubeclt_1.16.0/GNU-tools-for-STM32/bin/../lib/gcc/arm-none-eabi/12.3.1/../../../../arm-none-eabi/lib/thumb/v7e-m+dp/hard/libc_nano.a(libc_a-memcpy-stub.o)
                0x08006558                memcpy
 .text._free_r  0x08006574       0x94 /opt/st/stm32cubeclt_1.16.0/GNU-tools-for-STM32/bin/../lib/gcc/arm-none-eabi/12.3.1/../../../../arm-none-eabi/lib/thumb/v7e-m+dp/hard/libc_nano.a(libc_a-freer.o)
                0x08006574                _free_r
 *(.glue_7)
 .glue_7        0x08006608        0x0 linker stubs
 *(.glue_7t)
 .glue_7t       0x08006608        0x0 linker stubs
 *(.eh_frame)
 .eh_frame      0x08006608        0x0 /opt/st/stm32cubeclt_1.16.0/GNU-tools-for-STM32/bin/../lib/gcc/arm-none-eabi/12.3.1/thumb/v7e-m+dp/hard/crtbegin.o
 *(.init)
 .init          0x08006608        0x4 /opt/st/stm32cubeclt_1.16.0/GNU-tools-for-STM32/bin/../lib/gcc/arm-none-eabi/12.3.1/thumb/v7e-m+dp/hard/crti.o
                0x08006608                _init
 .init          0x0800660c        0x8 /opt/st/stm32cubeclt_1.16.0/GNU-tools-for-STM32/bin/../lib/gcc/arm-none-eabi/12.3.1/thumb/v7e-m+dp/hard/crtn.o
 *(.fini)
 .fini          0x08006614        0x4 /opt/st/stm32cubeclt_1.16.0/GNU-tools-for-STM32/bin/../lib/gcc/arm-none-eabi/12.3.1/thumb/v7e-m+dp/hard/crti.o
                0x08006614                _fini
 .fini          0x08006618        0x8 /opt/st/stm32cubeclt_1.16.0/GNU-tools-for-STM32/bin/../lib/gcc/arm-none-eabi/12.3.1/thumb/v7e-m+dp/hard/crtn.o
                0x08006620                        . = ALIGN (0x4)
                0x08006620                        _etext = .

.vfp11_veneer   0x08006620        0x0
 .vfp11_veneer  0x08006620        0x0 linker stubs

.v4_bx          0x08006620        0x0
 .v4_bx         0x08006620        0x0 linker stubs

.iplt           0x08006620        0x0
 .iplt          0x08006620        0x0 /opt/st/stm32cubeclt_1.16.0/GNU-tools-for-STM32/bin/../lib/gcc/arm-none-eabi/12.3.1/thumb/v7e-m+dp/hard/crtbegin.o

.rodata         0x08006620       0x94
                0x08006620                        . = ALIGN (0x4)
 *(.rodata)
 .rodata        0x08006620       0x4c CMakeFiles/slave.dir/Drivers/STM32H7xx_HAL_Driver/Src/stm32h7xx_hal_fdcan.c.obj
 *(.rodata*)
 .rodata._ZTVN4dina5DummyE
                0x0800666c       0x10 CMakeFiles/slave.dir/Core/Src/main.cpp.obj
                0x0800666c                vtable for dina::Dummy
 .rodata.UARTPrescTable
                0x0800667c       0x18 CMakeFiles/slave.dir/Drivers/STM32H7xx_HAL_Driver/Src/stm32h7xx_hal_uart.c.obj
                0x0800667c                UARTPrescTable
 .rodata.numerator.1
                0x08006694        0x8 CMakeFiles/slave.dir/Drivers/STM32H7xx_HAL_Driver/Src/stm32h7xx_hal_uart_ex.c.obj
 .rodata.denominator.0
                0x0800669c        0x8 CMakeFiles/slave.dir/Drivers/STM32H7xx_HAL_Driver/Src/stm32h7xx_hal_uart_ex.c.obj
 .rodata.D1CorePrescTable
                0x080066a4       0x10 CMakeFiles/slave.dir/Core/Src/system_stm32h7xx.c.obj
                0x080066a4                D1CorePrescTable
                0x080066b4                        . = ALIGN (0x4)

.ARM.extab
 *(.ARM.extab* .gnu.linkonce.armextab.*)

.ARM            0x080066b4        0x8
                0x080066b4                        __exidx_start = .
 *(.ARM.exidx*)
 .ARM.exidx     0x080066b4        0x8 /opt/st/stm32cubeclt_1.16.0/GNU-tools-for-STM32/bin/../lib/gcc/arm-none-eabi/12.3.1/thumb/v7e-m+dp/hard/libgcc.a(_udivmoddi4.o)
                0x080066bc                        __exidx_end = .

.rel.dyn        0x080066bc        0x0
 .rel.iplt      0x080066bc        0x0 /opt/st/stm32cubeclt_1.16.0/GNU-tools-for-STM32/bin/../lib/gcc/arm-none-eabi/12.3.1/thumb/v7e-m+dp/hard/crtbegin.o

.preinit_array  0x080066bc        0x0
                0x080066bc                        PROVIDE (__preinit_array_start = .)
 *(.preinit_array*)
                0x080066bc                        PROVIDE (__preinit_array_end = .)

.init_array     0x080066bc        0x4
                0x080066bc                        PROVIDE (__init_array_start = .)
 *(SORT_BY_NAME(.init_array.*))
 *(.init_array*)
 .init_array    0x080066bc        0x4 /opt/st/stm32cubeclt_1.16.0/GNU-tools-for-STM32/bin/../lib/gcc/arm-none-eabi/12.3.1/thumb/v7e-m+dp/hard/crtbegin.o
                0x080066c0                        PROVIDE (__init_array_end = .)

.fini_array     0x080066c0        0x4
                [!provide]                        PROVIDE (__fini_array_start = .)
 *(SORT_BY_NAME(.fini_array.*))
 *(.fini_array*)
 .fini_array    0x080066c0        0x4 /opt/st/stm32cubeclt_1.16.0/GNU-tools-for-STM32/bin/../lib/gcc/arm-none-eabi/12.3.1/thumb/v7e-m+dp/hard/crtbegin.o
                [!provide]                        PROVIDE (__fini_array_end = .)
                0x080066c4                        _sidata = LOADADDR (.data)

.data           0x20000000       0x68 load address 0x080066c4
                0x20000000                        . = ALIGN (0x4)
                0x20000000                        _sdata = .
 *(.data)
 .data          0x20000000        0x4 /opt/st/stm32cubeclt_1.16.0/GNU-tools-for-STM32/bin/../lib/gcc/arm-none-eabi/12.3.1/thumb/v7e-m+dp/hard/crtbegin.o
                0x20000000                __dso_handle
 *(.data*)
 .data._ZZ4mainE5dummy
                0x20000004        0x4 CMakeFiles/slave.dir/Core/Src/main.cpp.obj
 .data.uwTickPrio
                0x20000008        0x4 CMakeFiles/slave.dir/Drivers/STM32H7xx_HAL_Driver/Src/stm32h7xx_hal.c.obj
                0x20000008                uwTickPrio
 .data.uwTickFreq
                0x2000000c        0x1 CMakeFiles/slave.dir/Drivers/STM32H7xx_HAL_Driver/Src/stm32h7xx_hal.c.obj
                0x2000000c                uwTickFreq
 *fill*         0x2000000d        0x3 
 .data.SystemCoreClock
                0x20000010        0x4 CMakeFiles/slave.dir/Core/Src/system_stm32h7xx.c.obj
                0x20000010                SystemCoreClock
 .data.SystemD2Clock
                0x20000014        0x4 CMakeFiles/slave.dir/Core/Src/system_stm32h7xx.c.obj
                0x20000014                SystemD2Clock
 .data._impure_ptr
                0x20000018        0x4 /opt/st/stm32cubeclt_1.16.0/GNU-tools-for-STM32/bin/../lib/gcc/arm-none-eabi/12.3.1/../../../../arm-none-eabi/lib/thumb/v7e-m+dp/hard/libc_nano.a(libc_a-impure.o)
                0x20000018                _impure_ptr
 .data._impure_data
                0x2000001c       0x4c /opt/st/stm32cubeclt_1.16.0/GNU-tools-for-STM32/bin/../lib/gcc/arm-none-eabi/12.3.1/../../../../arm-none-eabi/lib/thumb/v7e-m+dp/hard/libc_nano.a(libc_a-impure.o)
                0x2000001c                _impure_data
                0x20000068                        . = ALIGN (0x4)
                0x20000068                        _edata = .

.igot.plt       0x20000068        0x0 load address 0x0800672c
 .igot.plt      0x20000068        0x0 /opt/st/stm32cubeclt_1.16.0/GNU-tools-for-STM32/bin/../lib/gcc/arm-none-eabi/12.3.1/thumb/v7e-m+dp/hard/crtbegin.o
                0x20000068                        . = ALIGN (0x4)

.bss            0x20000068      0x580 load address 0x0800672c
                0x20000068                        _sbss = .
                0x20000068                        __bss_start__ = _sbss
 *(.bss)
 .bss           0x20000068       0x1c /opt/st/stm32cubeclt_1.16.0/GNU-tools-for-STM32/bin/../lib/gcc/arm-none-eabi/12.3.1/thumb/v7e-m+dp/hard/crtbegin.o
 *(.bss*)
 .bss._ZGVZ4mainE5dummy
                0x20000084        0x4 CMakeFiles/slave.dir/Core/Src/main.cpp.obj
 .bss.HAL_RCC_FDCAN_CLK_ENABLED
                0x20000088        0x4 CMakeFiles/slave.dir/Core/Src/stm32h7xx_hal_msp.c.obj
 .bss.uwTick    0x2000008c        0x4 CMakeFiles/slave.dir/Drivers/STM32H7xx_HAL_Driver/Src/stm32h7xx_hal.c.obj
                0x2000008c                uwTick
 .bss.hfdcan1   0x20000090       0xa0 CMakeFiles/slave.dir/Core/Src/board.slave.cpp.obj
                0x20000090                hfdcan1
 .bss.hfdcan2   0x20000130       0xa0 CMakeFiles/slave.dir/Core/Src/board.slave.cpp.obj
                0x20000130                hfdcan2
 .bss.hspi1     0x200001d0       0x88 CMakeFiles/slave.dir/Core/Src/board.slave.cpp.obj
                0x200001d0                hspi1
 .bss.huart4    0x20000258       0x94 CMakeFiles/slave.dir/Core/Src/board.slave.cpp.obj
                0x20000258                huart4
 .bss.huart5    0x200002ec       0x94 CMakeFiles/slave.dir/Core/Src/board.slave.cpp.obj
                0x200002ec                huart5
 .bss.huart1    0x20000380       0x94 CMakeFiles/slave.dir/Core/Src/board.slave.cpp.obj
                0x20000380                huart1
 .bss.huart3    0x20000414       0x94 CMakeFiles/slave.dir/Core/Src/board.slave.cpp.obj
                0x20000414                huart3
 .bss.__malloc_free_list
                0x200004a8        0x4 /opt/st/stm32cubeclt_1.16.0/GNU-tools-for-STM32/bin/../lib/gcc/arm-none-eabi/12.3.1/../../../../arm-none-eabi/lib/thumb/v7e-m+dp/hard/libc_nano.a(libc_a-mallocr.o)
                0x200004a8                __malloc_free_list
 .bss.__sf      0x200004ac      0x138 /opt/st/stm32cubeclt_1.16.0/GNU-tools-for-STM32/bin/../lib/gcc/arm-none-eabi/12.3.1/../../../../arm-none-eabi/lib/thumb/v7e-m+dp/hard/libc_nano.a(libc_a-findfp.o)
                0x200004ac                __sf
 .bss.__lock___malloc_recursive_mutex
                0x200005e4        0x1 /opt/st/stm32cubeclt_1.16.0/GNU-tools-for-STM32/bin/../lib/gcc/arm-none-eabi/12.3.1/../../../../arm-none-eabi/lib/thumb/v7e-m+dp/hard/libc_nano.a(libc_a-lock.o)
                0x200005e4                __lock___malloc_recursive_mutex
 *(COMMON)
                0x200005e8                        . = ALIGN (0x4)
 *fill*         0x200005e5        0x3 
                0x200005e8                        _ebss = .
                0x200005e8                        __bss_end__ = _ebss

._user_heap_stack
                0x200005e8      0x600 load address 0x0800672c
                0x200005e8                        . = ALIGN (0x8)
                [!provide]                        PROVIDE (end = .)
                0x200005e8                        PROVIDE (_end = .)
                0x200007e8                        . = (. + _Min_Heap_Size)
 *fill*         0x200005e8      0x200 
                0x20000be8                        . = (. + _Min_Stack_Size)
 *fill*         0x200007e8      0x400 
                0x20000be8                        . = ALIGN (0x8)

/DISCARD/
 libc.a(*)
 libm.a(*)
 libgcc.a(*)

.ARM.attributes
                0x00000000       0x2e
 *(.ARM.attributes)
 .ARM.attributes
                0x00000000       0x20 /opt/st/stm32cubeclt_1.16.0/GNU-tools-for-STM32/bin/../lib/gcc/arm-none-eabi/12.3.1/thumb/v7e-m+dp/hard/crti.o
 .ARM.attributes
                0x00000020       0x32 /opt/st/stm32cubeclt_1.16.0/GNU-tools-for-STM32/bin/../lib/gcc/arm-none-eabi/12.3.1/thumb/v7e-m+dp/hard/crtbegin.o
 .ARM.attributes
                0x00000052       0x32 CMakeFiles/slave.dir/Core/Src/main.cpp.obj
 .ARM.attributes
                0x00000084       0x32 CMakeFiles/slave.dir/Core/Src/dummy.cpp.obj
 .ARM.attributes
                0x000000b6       0x32 CMakeFiles/slave.dir/Core/Src/stm32h7xx_it.c.obj
 .ARM.attributes
                0x000000e8       0x32 CMakeFiles/slave.dir/Core/Src/stm32h7xx_hal_msp.c.obj
 .ARM.attributes
                0x0000011a       0x32 CMakeFiles/slave.dir/Drivers/STM32H7xx_HAL_Driver/Src/stm32h7xx_hal_cortex.c.obj
 .ARM.attributes
                0x0000014c       0x32 CMakeFiles/slave.dir/Drivers/STM32H7xx_HAL_Driver/Src/stm32h7xx_hal_rcc.c.obj
 .ARM.attributes
                0x0000017e       0x32 CMakeFiles/slave.dir/Drivers/STM32H7xx_HAL_Driver/Src/stm32h7xx_hal_rcc_ex.c.obj
 .ARM.attributes
                0x000001b0       0x32 CMakeFiles/slave.dir/Drivers/STM32H7xx_HAL_Driver/Src/stm32h7xx_hal_gpio.c.obj
 .ARM.attributes
                0x000001e2       0x32 CMakeFiles/slave.dir/Drivers/STM32H7xx_HAL_Driver/Src/stm32h7xx_hal_pwr_ex.c.obj
 .ARM.attributes
                0x00000214       0x32 CMakeFiles/slave.dir/Drivers/STM32H7xx_HAL_Driver/Src/stm32h7xx_hal.c.obj
 .ARM.attributes
                0x00000246       0x32 CMakeFiles/slave.dir/Drivers/STM32H7xx_HAL_Driver/Src/stm32h7xx_hal_fdcan.c.obj
 .ARM.attributes
                0x00000278       0x32 CMakeFiles/slave.dir/Drivers/STM32H7xx_HAL_Driver/Src/stm32h7xx_hal_spi.c.obj
 .ARM.attributes
                0x000002aa       0x32 CMakeFiles/slave.dir/Drivers/STM32H7xx_HAL_Driver/Src/stm32h7xx_hal_uart.c.obj
 .ARM.attributes
                0x000002dc       0x32 CMakeFiles/slave.dir/Drivers/STM32H7xx_HAL_Driver/Src/stm32h7xx_hal_uart_ex.c.obj
 .ARM.attributes
                0x0000030e       0x32 CMakeFiles/slave.dir/Core/Src/system_stm32h7xx.c.obj
 .ARM.attributes
                0x00000340       0x32 CMakeFiles/slave.dir/Core/Src/board.slave.cpp.obj
 .ARM.attributes
                0x00000372       0x21 CMakeFiles/slave.dir/startup_stm32h753xx.s.obj
 .ARM.attributes
                0x00000393       0x32 /opt/st/stm32cubeclt_1.16.0/GNU-tools-for-STM32/bin/../lib/gcc/arm-none-eabi/12.3.1/../../../../arm-none-eabi/lib/thumb/v7e-m+dp/hard/libstdc++_nano.a(atexit_arm.o)
 .ARM.attributes
                0x000003c5       0x32 /opt/st/stm32cubeclt_1.16.0/GNU-tools-for-STM32/bin/../lib/gcc/arm-none-eabi/12.3.1/../../../../arm-none-eabi/lib/thumb/v7e-m+dp/hard/libstdc++_nano.a(del_ops.o)
 .ARM.attributes
                0x000003f7       0x32 /opt/st/stm32cubeclt_1.16.0/GNU-tools-for-STM32/bin/../lib/gcc/arm-none-eabi/12.3.1/../../../../arm-none-eabi/lib/thumb/v7e-m+dp/hard/libstdc++_nano.a(del_op.o)
 .ARM.attributes
                0x00000429       0x32 /opt/st/stm32cubeclt_1.16.0/GNU-tools-for-STM32/bin/../lib/gcc/arm-none-eabi/12.3.1/../../../../arm-none-eabi/lib/thumb/v7e-m+dp/hard/libc_nano.a(libc_a-malloc.o)
 .ARM.attributes
                0x0000045b       0x32 /opt/st/stm32cubeclt_1.16.0/GNU-tools-for-STM32/bin/../lib/gcc/arm-none-eabi/12.3.1/../../../../arm-none-eabi/lib/thumb/v7e-m+dp/hard/libc_nano.a(libc_a-mallocr.o)
 .ARM.attributes
                0x0000048d       0x32 /opt/st/stm32cubeclt_1.16.0/GNU-tools-for-STM32/bin/../lib/gcc/arm-none-eabi/12.3.1/../../../../arm-none-eabi/lib/thumb/v7e-m+dp/hard/libc_nano.a(libc_a-mlock.o)
 .ARM.attributes
                0x000004bf       0x32 /opt/st/stm32cubeclt_1.16.0/GNU-tools-for-STM32/bin/../lib/gcc/arm-none-eabi/12.3.1/../../../../arm-none-eabi/lib/thumb/v7e-m+dp/hard/libc_nano.a(libc_a-cxa_atexit.o)
 .ARM.attributes
                0x000004f1       0x32 /opt/st/stm32cubeclt_1.16.0/GNU-tools-for-STM32/bin/../lib/gcc/arm-none-eabi/12.3.1/../../../../arm-none-eabi/lib/thumb/v7e-m+dp/hard/libc_nano.a(libc_a-findfp.o)
 .ARM.attributes
                0x00000523       0x32 /opt/st/stm32cubeclt_1.16.0/GNU-tools-for-STM32/bin/../lib/gcc/arm-none-eabi/12.3.1/../../../../arm-none-eabi/lib/thumb/v7e-m+dp/hard/libc_nano.a(libc_a-memset.o)
 .ARM.attributes
                0x00000555       0x32 /opt/st/stm32cubeclt_1.16.0/GNU-tools-for-STM32/bin/../lib/gcc/arm-none-eabi/12.3.1/../../../../arm-none-eabi/lib/thumb/v7e-m+dp/hard/libc_nano.a(libc_a-impure.o)
 .ARM.attributes
                0x00000587       0x32 /opt/st/stm32cubeclt_1.16.0/GNU-tools-for-STM32/bin/../lib/gcc/arm-none-eabi/12.3.1/../../../../arm-none-eabi/lib/thumb/v7e-m+dp/hard/libc_nano.a(libc_a-init.o)
 .ARM.attributes
                0x000005b9       0x32 /opt/st/stm32cubeclt_1.16.0/GNU-tools-for-STM32/bin/../lib/gcc/arm-none-eabi/12.3.1/../../../../arm-none-eabi/lib/thumb/v7e-m+dp/hard/libc_nano.a(libc_a-lock.o)
 .ARM.attributes
                0x000005eb       0x32 /opt/st/stm32cubeclt_1.16.0/GNU-tools-for-STM32/bin/../lib/gcc/arm-none-eabi/12.3.1/../../../../arm-none-eabi/lib/thumb/v7e-m+dp/hard/libc_nano.a(libc_a-memcpy-stub.o)
 .ARM.attributes
                0x0000061d       0x32 /opt/st/stm32cubeclt_1.16.0/GNU-tools-for-STM32/bin/../lib/gcc/arm-none-eabi/12.3.1/../../../../arm-none-eabi/lib/thumb/v7e-m+dp/hard/libc_nano.a(libc_a-freer.o)
 .ARM.attributes
                0x0000064f       0x20 /opt/st/stm32cubeclt_1.16.0/GNU-tools-for-STM32/bin/../lib/gcc/arm-none-eabi/12.3.1/thumb/v7e-m+dp/hard/libgcc.a(_aeabi_uldivmod.o)
 .ARM.attributes
                0x0000066f       0x32 /opt/st/stm32cubeclt_1.16.0/GNU-tools-for-STM32/bin/../lib/gcc/arm-none-eabi/12.3.1/thumb/v7e-m+dp/hard/libgcc.a(_udivmoddi4.o)
 .ARM.attributes
                0x000006a1       0x20 /opt/st/stm32cubeclt_1.16.0/GNU-tools-for-STM32/bin/../lib/gcc/arm-none-eabi/12.3.1/thumb/v7e-m+dp/hard/libgcc.a(_dvmd_tls.o)
 .ARM.attributes
                0x000006c1       0x20 /opt/st/stm32cubeclt_1.16.0/GNU-tools-for-STM32/bin/../lib/gcc/arm-none-eabi/12.3.1/thumb/v7e-m+dp/hard/crtn.o
OUTPUT(slave.elf elf32-littlearm)
LOAD linker stubs
LOAD /opt/st/stm32cubeclt_1.16.0/GNU-tools-for-STM32/bin/../lib/gcc/arm-none-eabi/12.3.1/../../../../arm-none-eabi/lib/thumb/v7e-m+dp/hard/libc.a
LOAD /opt/st/stm32cubeclt_1.16.0/GNU-tools-for-STM32/bin/../lib/gcc/arm-none-eabi/12.3.1/../../../../arm-none-eabi/lib/thumb/v7e-m+dp/hard/libm.a
LOAD /opt/st/stm32cubeclt_1.16.0/GNU-tools-for-STM32/bin/../lib/gcc/arm-none-eabi/12.3.1/thumb/v7e-m+dp/hard/libgcc.a

.debug_info     0x00000000    0x17df3
 .debug_info    0x00000000     0x24d5 CMakeFiles/slave.dir/Core/Src/main.cpp.obj
 .debug_info    0x000024d5       0x80 CMakeFiles/slave.dir/Core/Src/dummy.cpp.obj
 .debug_info    0x00002555      0x128 CMakeFiles/slave.dir/Core/Src/stm32h7xx_it.c.obj
 .debug_info    0x0000267d     0x1d58 CMakeFiles/slave.dir/Core/Src/stm32h7xx_hal_msp.c.obj
 .debug_info    0x000043d5     0x10b2 CMakeFiles/slave.dir/Drivers/STM32H7xx_HAL_Driver/Src/stm32h7xx_hal_cortex.c.obj
 .debug_info    0x00005487      0xe5b CMakeFiles/slave.dir/Drivers/STM32H7xx_HAL_Driver/Src/stm32h7xx_hal_rcc.c.obj
 .debug_info    0x000062e2     0x1216 CMakeFiles/slave.dir/Drivers/STM32H7xx_HAL_Driver/Src/stm32h7xx_hal_rcc_ex.c.obj
 .debug_info    0x000074f8      0xc4b CMakeFiles/slave.dir/Drivers/STM32H7xx_HAL_Driver/Src/stm32h7xx_hal_gpio.c.obj
 .debug_info    0x00008143     0x1008 CMakeFiles/slave.dir/Drivers/STM32H7xx_HAL_Driver/Src/stm32h7xx_hal_pwr_ex.c.obj
 .debug_info    0x0000914b     0x1541 CMakeFiles/slave.dir/Drivers/STM32H7xx_HAL_Driver/Src/stm32h7xx_hal.c.obj
 .debug_info    0x0000a68c     0x2baf CMakeFiles/slave.dir/Drivers/STM32H7xx_HAL_Driver/Src/stm32h7xx_hal_fdcan.c.obj
 .debug_info    0x0000d23b     0x1440 CMakeFiles/slave.dir/Drivers/STM32H7xx_HAL_Driver/Src/stm32h7xx_hal_spi.c.obj
 .debug_info    0x0000e67b     0x4b13 CMakeFiles/slave.dir/Drivers/STM32H7xx_HAL_Driver/Src/stm32h7xx_hal_uart.c.obj
 .debug_info    0x0001318e      0xfbf CMakeFiles/slave.dir/Drivers/STM32H7xx_HAL_Driver/Src/stm32h7xx_hal_uart_ex.c.obj
 .debug_info    0x0001414d      0xcef CMakeFiles/slave.dir/Core/Src/system_stm32h7xx.c.obj
 .debug_info    0x00014e3c     0x2f87 CMakeFiles/slave.dir/Core/Src/board.slave.cpp.obj
 .debug_info    0x00017dc3       0x30 CMakeFiles/slave.dir/startup_stm32h753xx.s.obj

.debug_abbrev   0x00000000     0x26dc
 .debug_abbrev  0x00000000      0x432 CMakeFiles/slave.dir/Core/Src/main.cpp.obj
 .debug_abbrev  0x00000432       0x7c CMakeFiles/slave.dir/Core/Src/dummy.cpp.obj
 .debug_abbrev  0x000004ae       0x73 CMakeFiles/slave.dir/Core/Src/stm32h7xx_it.c.obj
 .debug_abbrev  0x00000521      0x248 CMakeFiles/slave.dir/Core/Src/stm32h7xx_hal_msp.c.obj
 .debug_abbrev  0x00000769      0x339 CMakeFiles/slave.dir/Drivers/STM32H7xx_HAL_Driver/Src/stm32h7xx_hal_cortex.c.obj
 .debug_abbrev  0x00000aa2      0x2c8 CMakeFiles/slave.dir/Drivers/STM32H7xx_HAL_Driver/Src/stm32h7xx_hal_rcc.c.obj
 .debug_abbrev  0x00000d6a      0x269 CMakeFiles/slave.dir/Drivers/STM32H7xx_HAL_Driver/Src/stm32h7xx_hal_rcc_ex.c.obj
 .debug_abbrev  0x00000fd3      0x1fe CMakeFiles/slave.dir/Drivers/STM32H7xx_HAL_Driver/Src/stm32h7xx_hal_gpio.c.obj
 .debug_abbrev  0x000011d1      0x2a7 CMakeFiles/slave.dir/Drivers/STM32H7xx_HAL_Driver/Src/stm32h7xx_hal_pwr_ex.c.obj
 .debug_abbrev  0x00001478      0x295 CMakeFiles/slave.dir/Drivers/STM32H7xx_HAL_Driver/Src/stm32h7xx_hal.c.obj
 .debug_abbrev  0x0000170d      0x288 CMakeFiles/slave.dir/Drivers/STM32H7xx_HAL_Driver/Src/stm32h7xx_hal_fdcan.c.obj
 .debug_abbrev  0x00001995      0x2b1 CMakeFiles/slave.dir/Drivers/STM32H7xx_HAL_Driver/Src/stm32h7xx_hal_spi.c.obj
 .debug_abbrev  0x00001c46      0x33d CMakeFiles/slave.dir/Drivers/STM32H7xx_HAL_Driver/Src/stm32h7xx_hal_uart.c.obj
 .debug_abbrev  0x00001f83      0x2d2 CMakeFiles/slave.dir/Drivers/STM32H7xx_HAL_Driver/Src/stm32h7xx_hal_uart_ex.c.obj
 .debug_abbrev  0x00002255      0x14c CMakeFiles/slave.dir/Core/Src/system_stm32h7xx.c.obj
 .debug_abbrev  0x000023a1      0x317 CMakeFiles/slave.dir/Core/Src/board.slave.cpp.obj
 .debug_abbrev  0x000026b8       0x24 CMakeFiles/slave.dir/startup_stm32h753xx.s.obj

.debug_aranges  0x00000000      0xf98
 .debug_aranges
                0x00000000       0x50 CMakeFiles/slave.dir/Core/Src/main.cpp.obj
 .debug_aranges
                0x00000050       0x20 CMakeFiles/slave.dir/Core/Src/dummy.cpp.obj
 .debug_aranges
                0x00000070       0x60 CMakeFiles/slave.dir/Core/Src/stm32h7xx_it.c.obj
 .debug_aranges
                0x000000d0       0x50 CMakeFiles/slave.dir/Core/Src/stm32h7xx_hal_msp.c.obj
 .debug_aranges
                0x00000120      0x130 CMakeFiles/slave.dir/Drivers/STM32H7xx_HAL_Driver/Src/stm32h7xx_hal_cortex.c.obj
 .debug_aranges
                0x00000250       0x88 CMakeFiles/slave.dir/Drivers/STM32H7xx_HAL_Driver/Src/stm32h7xx_hal_rcc.c.obj
 .debug_aranges
                0x000002d8       0xf8 CMakeFiles/slave.dir/Drivers/STM32H7xx_HAL_Driver/Src/stm32h7xx_hal_rcc_ex.c.obj
 .debug_aranges
                0x000003d0       0x58 CMakeFiles/slave.dir/Drivers/STM32H7xx_HAL_Driver/Src/stm32h7xx_hal_gpio.c.obj
 .debug_aranges
                0x00000428      0x158 CMakeFiles/slave.dir/Drivers/STM32H7xx_HAL_Driver/Src/stm32h7xx_hal_pwr_ex.c.obj
 .debug_aranges
                0x00000580      0x198 CMakeFiles/slave.dir/Drivers/STM32H7xx_HAL_Driver/Src/stm32h7xx_hal.c.obj
 .debug_aranges
                0x00000718      0x338 CMakeFiles/slave.dir/Drivers/STM32H7xx_HAL_Driver/Src/stm32h7xx_hal_fdcan.c.obj
 .debug_aranges
                0x00000a50      0x1a8 CMakeFiles/slave.dir/Drivers/STM32H7xx_HAL_Driver/Src/stm32h7xx_hal_spi.c.obj
 .debug_aranges
                0x00000bf8      0x248 CMakeFiles/slave.dir/Drivers/STM32H7xx_HAL_Driver/Src/stm32h7xx_hal_uart.c.obj
 .debug_aranges
                0x00000e40       0xa8 CMakeFiles/slave.dir/Drivers/STM32H7xx_HAL_Driver/Src/stm32h7xx_hal_uart_ex.c.obj
 .debug_aranges
                0x00000ee8       0x28 CMakeFiles/slave.dir/Core/Src/system_stm32h7xx.c.obj
 .debug_aranges
                0x00000f10       0x60 CMakeFiles/slave.dir/Core/Src/board.slave.cpp.obj
 .debug_aranges
                0x00000f70       0x28 CMakeFiles/slave.dir/startup_stm32h753xx.s.obj

.debug_rnglists
                0x00000000      0xc11
 .debug_rnglists
                0x00000000       0x39 CMakeFiles/slave.dir/Core/Src/main.cpp.obj
 .debug_rnglists
                0x00000039       0x13 CMakeFiles/slave.dir/Core/Src/dummy.cpp.obj
 .debug_rnglists
                0x0000004c       0x43 CMakeFiles/slave.dir/Core/Src/stm32h7xx_it.c.obj
 .debug_rnglists
                0x0000008f       0x3c CMakeFiles/slave.dir/Core/Src/stm32h7xx_hal_msp.c.obj
 .debug_rnglists
                0x000000cb       0xe0 CMakeFiles/slave.dir/Drivers/STM32H7xx_HAL_Driver/Src/stm32h7xx_hal_cortex.c.obj
 .debug_rnglists
                0x000001ab       0x68 CMakeFiles/slave.dir/Drivers/STM32H7xx_HAL_Driver/Src/stm32h7xx_hal_rcc.c.obj
 .debug_rnglists
                0x00000213       0xc0 CMakeFiles/slave.dir/Drivers/STM32H7xx_HAL_Driver/Src/stm32h7xx_hal_rcc_ex.c.obj
 .debug_rnglists
                0x000002d3       0x3f CMakeFiles/slave.dir/Drivers/STM32H7xx_HAL_Driver/Src/stm32h7xx_hal_gpio.c.obj
 .debug_rnglists
                0x00000312      0x103 CMakeFiles/slave.dir/Drivers/STM32H7xx_HAL_Driver/Src/stm32h7xx_hal_pwr_ex.c.obj
 .debug_rnglists
                0x00000415      0x131 CMakeFiles/slave.dir/Drivers/STM32H7xx_HAL_Driver/Src/stm32h7xx_hal.c.obj
 .debug_rnglists
                0x00000546      0x28b CMakeFiles/slave.dir/Drivers/STM32H7xx_HAL_Driver/Src/stm32h7xx_hal_fdcan.c.obj
 .debug_rnglists
                0x000007d1      0x148 CMakeFiles/slave.dir/Drivers/STM32H7xx_HAL_Driver/Src/stm32h7xx_hal_spi.c.obj
 .debug_rnglists
                0x00000919      0x1fa CMakeFiles/slave.dir/Drivers/STM32H7xx_HAL_Driver/Src/stm32h7xx_hal_uart.c.obj
 .debug_rnglists
                0x00000b13       0x7f CMakeFiles/slave.dir/Drivers/STM32H7xx_HAL_Driver/Src/stm32h7xx_hal_uart_ex.c.obj
 .debug_rnglists
                0x00000b92       0x1b CMakeFiles/slave.dir/Core/Src/system_stm32h7xx.c.obj
 .debug_rnglists
                0x00000bad       0x4b CMakeFiles/slave.dir/Core/Src/board.slave.cpp.obj
 .debug_rnglists
                0x00000bf8       0x19 CMakeFiles/slave.dir/startup_stm32h753xx.s.obj

.debug_macro    0x00000000    0x3b5a4
 .debug_macro   0x00000000      0x4a0 CMakeFiles/slave.dir/Core/Src/main.cpp.obj
 .debug_macro   0x000004a0      0xc10 CMakeFiles/slave.dir/Core/Src/main.cpp.obj
 .debug_macro   0x000010b0      0x23e CMakeFiles/slave.dir/Core/Src/main.cpp.obj
 .debug_macro   0x000012ee       0x2e CMakeFiles/slave.dir/Core/Src/main.cpp.obj
 .debug_macro   0x0000131c       0x3b CMakeFiles/slave.dir/Core/Src/main.cpp.obj
 .debug_macro   0x00001357       0x1c CMakeFiles/slave.dir/Core/Src/main.cpp.obj
 .debug_macro   0x00001373       0x22 CMakeFiles/slave.dir/Core/Src/main.cpp.obj
 .debug_macro   0x00001395       0x8e CMakeFiles/slave.dir/Core/Src/main.cpp.obj
 .debug_macro   0x00001423       0x51 CMakeFiles/slave.dir/Core/Src/main.cpp.obj
 .debug_macro   0x00001474      0x103 CMakeFiles/slave.dir/Core/Src/main.cpp.obj
 .debug_macro   0x00001577       0x6a CMakeFiles/slave.dir/Core/Src/main.cpp.obj
 .debug_macro   0x000015e1      0x1df CMakeFiles/slave.dir/Core/Src/main.cpp.obj
 .debug_macro   0x000017c0       0x1c CMakeFiles/slave.dir/Core/Src/main.cpp.obj
 .debug_macro   0x000017dc       0x22 CMakeFiles/slave.dir/Core/Src/main.cpp.obj
 .debug_macro   0x000017fe       0xfb CMakeFiles/slave.dir/Core/Src/main.cpp.obj
 .debug_macro   0x000018f9     0x1305 CMakeFiles/slave.dir/Core/Src/main.cpp.obj
 .debug_macro   0x00002bfe      0x11f CMakeFiles/slave.dir/Core/Src/main.cpp.obj
 .debug_macro   0x00002d1d       0x27 CMakeFiles/slave.dir/Core/Src/main.cpp.obj
 .debug_macro   0x00002d44    0x25f24 CMakeFiles/slave.dir/Core/Src/main.cpp.obj
 .debug_macro   0x00028c68       0x6d CMakeFiles/slave.dir/Core/Src/main.cpp.obj
 .debug_macro   0x00028cd5     0x3d79 CMakeFiles/slave.dir/Core/Src/main.cpp.obj
 .debug_macro   0x0002ca4e      0x190 CMakeFiles/slave.dir/Core/Src/main.cpp.obj
 .debug_macro   0x0002cbde      0x1d6 CMakeFiles/slave.dir/Core/Src/main.cpp.obj
 .debug_macro   0x0002cdb4       0x10 CMakeFiles/slave.dir/Core/Src/main.cpp.obj
 .debug_macro   0x0002cdc4       0xc1 CMakeFiles/slave.dir/Core/Src/main.cpp.obj
 .debug_macro   0x0002ce85      0x103 CMakeFiles/slave.dir/Core/Src/main.cpp.obj
 .debug_macro   0x0002cf88      0x37d CMakeFiles/slave.dir/Core/Src/main.cpp.obj
 .debug_macro   0x0002d305       0x18 CMakeFiles/slave.dir/Core/Src/main.cpp.obj
 .debug_macro   0x0002d31d       0x74 CMakeFiles/slave.dir/Core/Src/main.cpp.obj
 .debug_macro   0x0002d391       0x29 CMakeFiles/slave.dir/Core/Src/main.cpp.obj
 .debug_macro   0x0002d3ba       0x3c CMakeFiles/slave.dir/Core/Src/main.cpp.obj
 .debug_macro   0x0002d3f6       0x34 CMakeFiles/slave.dir/Core/Src/main.cpp.obj
 .debug_macro   0x0002d42a       0x16 CMakeFiles/slave.dir/Core/Src/main.cpp.obj
 .debug_macro   0x0002d440       0x43 CMakeFiles/slave.dir/Core/Src/main.cpp.obj
 .debug_macro   0x0002d483       0x34 CMakeFiles/slave.dir/Core/Src/main.cpp.obj
 .debug_macro   0x0002d4b7       0x10 CMakeFiles/slave.dir/Core/Src/main.cpp.obj
 .debug_macro   0x0002d4c7       0x58 CMakeFiles/slave.dir/Core/Src/main.cpp.obj
 .debug_macro   0x0002d51f      0x1de CMakeFiles/slave.dir/Core/Src/main.cpp.obj
 .debug_macro   0x0002d6fd      0x38c CMakeFiles/slave.dir/Core/Src/main.cpp.obj
 .debug_macro   0x0002da89      0x194 CMakeFiles/slave.dir/Core/Src/main.cpp.obj
 .debug_macro   0x0002dc1d       0x10 CMakeFiles/slave.dir/Core/Src/main.cpp.obj
 .debug_macro   0x0002dc2d       0x16 CMakeFiles/slave.dir/Core/Src/main.cpp.obj
 .debug_macro   0x0002dc43       0x35 CMakeFiles/slave.dir/Core/Src/main.cpp.obj
 .debug_macro   0x0002dc78       0x16 CMakeFiles/slave.dir/Core/Src/main.cpp.obj
 .debug_macro   0x0002dc8e       0x29 CMakeFiles/slave.dir/Core/Src/main.cpp.obj
 .debug_macro   0x0002dcb7       0x10 CMakeFiles/slave.dir/Core/Src/main.cpp.obj
 .debug_macro   0x0002dcc7      0x3ce CMakeFiles/slave.dir/Core/Src/main.cpp.obj
 .debug_macro   0x0002e095       0x16 CMakeFiles/slave.dir/Core/Src/main.cpp.obj
 .debug_macro   0x0002e0ab       0x1c CMakeFiles/slave.dir/Core/Src/main.cpp.obj
 .debug_macro   0x0002e0c7       0x4f CMakeFiles/slave.dir/Core/Src/main.cpp.obj
 .debug_macro   0x0002e116       0x6a CMakeFiles/slave.dir/Core/Src/main.cpp.obj
 .debug_macro   0x0002e180       0x26 CMakeFiles/slave.dir/Core/Src/main.cpp.obj
 .debug_macro   0x0002e1a6       0x18 CMakeFiles/slave.dir/Core/Src/main.cpp.obj
 .debug_macro   0x0002e1be       0x19 CMakeFiles/slave.dir/Core/Src/main.cpp.obj
 .debug_macro   0x0002e1d7       0x28 CMakeFiles/slave.dir/Core/Src/main.cpp.obj
 .debug_macro   0x0002e1ff       0x2e CMakeFiles/slave.dir/Core/Src/main.cpp.obj
 .debug_macro   0x0002e22d       0x1f CMakeFiles/slave.dir/Core/Src/main.cpp.obj
 .debug_macro   0x0002e24c       0x88 CMakeFiles/slave.dir/Core/Src/main.cpp.obj
 .debug_macro   0x0002e2d4       0x19 CMakeFiles/slave.dir/Core/Src/main.cpp.obj
 .debug_macro   0x0002e2ed      0x120 CMakeFiles/slave.dir/Core/Src/main.cpp.obj
 .debug_macro   0x0002e40d       0x11 CMakeFiles/slave.dir/Core/Src/main.cpp.obj
 .debug_macro   0x0002e41e       0x17 CMakeFiles/slave.dir/Core/Src/main.cpp.obj
 .debug_macro   0x0002e435       0x17 CMakeFiles/slave.dir/Core/Src/main.cpp.obj
 .debug_macro   0x0002e44c       0x17 CMakeFiles/slave.dir/Core/Src/main.cpp.obj
 .debug_macro   0x0002e463       0x17 CMakeFiles/slave.dir/Core/Src/main.cpp.obj
 .debug_macro   0x0002e47a       0x17 CMakeFiles/slave.dir/Core/Src/main.cpp.obj
 .debug_macro   0x0002e491       0x17 CMakeFiles/slave.dir/Core/Src/main.cpp.obj
 .debug_macro   0x0002e4a8       0x5d CMakeFiles/slave.dir/Core/Src/main.cpp.obj
 .debug_macro   0x0002e505     0x240e CMakeFiles/slave.dir/Core/Src/main.cpp.obj
 .debug_macro   0x00030913     0x102c CMakeFiles/slave.dir/Core/Src/main.cpp.obj
 .debug_macro   0x0003193f      0x154 CMakeFiles/slave.dir/Core/Src/main.cpp.obj
 .debug_macro   0x00031a93      0x114 CMakeFiles/slave.dir/Core/Src/main.cpp.obj
 .debug_macro   0x00031ba7      0x3b6 CMakeFiles/slave.dir/Core/Src/main.cpp.obj
 .debug_macro   0x00031f5d       0xac CMakeFiles/slave.dir/Core/Src/main.cpp.obj
 .debug_macro   0x00032009      0x72d CMakeFiles/slave.dir/Core/Src/main.cpp.obj
 .debug_macro   0x00032736      0x228 CMakeFiles/slave.dir/Core/Src/main.cpp.obj
 .debug_macro   0x0003295e       0x66 CMakeFiles/slave.dir/Core/Src/main.cpp.obj
 .debug_macro   0x000329c4      0x3bb CMakeFiles/slave.dir/Core/Src/main.cpp.obj
 .debug_macro   0x00032d7f      0x3e4 CMakeFiles/slave.dir/Core/Src/main.cpp.obj
 .debug_macro   0x00033163      0x275 CMakeFiles/slave.dir/Core/Src/main.cpp.obj
 .debug_macro   0x000333d8      0xe42 CMakeFiles/slave.dir/Core/Src/main.cpp.obj
 .debug_macro   0x0003421a      0x3ca CMakeFiles/slave.dir/Core/Src/main.cpp.obj
 .debug_macro   0x000345e4      0x408 CMakeFiles/slave.dir/Core/Src/main.cpp.obj
 .debug_macro   0x000349ec       0x51 CMakeFiles/slave.dir/Core/Src/main.cpp.obj
 .debug_macro   0x00034a3d       0x4a CMakeFiles/slave.dir/Core/Src/main.cpp.obj
 .debug_macro   0x00034a87      0x22c CMakeFiles/slave.dir/Core/Src/main.cpp.obj
 .debug_macro   0x00034cb3       0x67 CMakeFiles/slave.dir/Core/Src/main.cpp.obj
 .debug_macro   0x00034d1a       0xa5 CMakeFiles/slave.dir/Core/Src/main.cpp.obj
 .debug_macro   0x00034dbf      0x1c4 CMakeFiles/slave.dir/Core/Src/main.cpp.obj
 .debug_macro   0x00034f83      0x25e CMakeFiles/slave.dir/Core/Src/main.cpp.obj
 .debug_macro   0x000351e1       0x35 CMakeFiles/slave.dir/Core/Src/main.cpp.obj
 .debug_macro   0x00035216      0x5e4 CMakeFiles/slave.dir/Core/Src/main.cpp.obj
 .debug_macro   0x000357fa       0xc1 CMakeFiles/slave.dir/Core/Src/main.cpp.obj
 .debug_macro   0x000358bb      0x693 CMakeFiles/slave.dir/Core/Src/main.cpp.obj
 .debug_macro   0x00035f4e       0xa6 CMakeFiles/slave.dir/Core/Src/main.cpp.obj
 .debug_macro   0x00035ff4      0x5a0 CMakeFiles/slave.dir/Core/Src/main.cpp.obj
 .debug_macro   0x00036594      0x124 CMakeFiles/slave.dir/Core/Src/main.cpp.obj
 .debug_macro   0x000366b8      0x100 CMakeFiles/slave.dir/Core/Src/main.cpp.obj
 .debug_macro   0x000367b8       0x15 CMakeFiles/slave.dir/Core/Src/dummy.cpp.obj
 .debug_macro   0x000367cd      0x2c1 CMakeFiles/slave.dir/Core/Src/stm32h7xx_it.c.obj
 .debug_macro   0x00036a8e      0xad2 CMakeFiles/slave.dir/Core/Src/stm32h7xx_it.c.obj
 .debug_macro   0x00037560     0x1305 CMakeFiles/slave.dir/Core/Src/stm32h7xx_it.c.obj
 .debug_macro   0x00038865      0x189 CMakeFiles/slave.dir/Core/Src/stm32h7xx_it.c.obj
 .debug_macro   0x000389ee       0x34 CMakeFiles/slave.dir/Core/Src/stm32h7xx_it.c.obj
 .debug_macro   0x00038a22       0x43 CMakeFiles/slave.dir/Core/Src/stm32h7xx_it.c.obj
 .debug_macro   0x00038a65      0x369 CMakeFiles/slave.dir/Core/Src/stm32h7xx_it.c.obj
 .debug_macro   0x00038dce      0x19b CMakeFiles/slave.dir/Core/Src/stm32h7xx_it.c.obj
 .debug_macro   0x00038f69      0x2b7 CMakeFiles/slave.dir/Core/Src/stm32h7xx_hal_msp.c.obj
 .debug_macro   0x00039220      0x2a8 CMakeFiles/slave.dir/Drivers/STM32H7xx_HAL_Driver/Src/stm32h7xx_hal_cortex.c.obj
 .debug_macro   0x000394c8      0x2cc CMakeFiles/slave.dir/Drivers/STM32H7xx_HAL_Driver/Src/stm32h7xx_hal_rcc.c.obj
 .debug_macro   0x00039794      0x2c6 CMakeFiles/slave.dir/Drivers/STM32H7xx_HAL_Driver/Src/stm32h7xx_hal_rcc_ex.c.obj
 .debug_macro   0x00039a5a      0x2af CMakeFiles/slave.dir/Drivers/STM32H7xx_HAL_Driver/Src/stm32h7xx_hal_gpio.c.obj
 .debug_macro   0x00039d09      0x2e1 CMakeFiles/slave.dir/Drivers/STM32H7xx_HAL_Driver/Src/stm32h7xx_hal_pwr_ex.c.obj
 .debug_macro   0x00039fea      0x2d2 CMakeFiles/slave.dir/Drivers/STM32H7xx_HAL_Driver/Src/stm32h7xx_hal.c.obj
 .debug_macro   0x0003a2bc      0x36d CMakeFiles/slave.dir/Drivers/STM32H7xx_HAL_Driver/Src/stm32h7xx_hal_fdcan.c.obj
 .debug_macro   0x0003a629      0x2b0 CMakeFiles/slave.dir/Drivers/STM32H7xx_HAL_Driver/Src/stm32h7xx_hal_spi.c.obj
 .debug_macro   0x0003a8d9      0x2d3 CMakeFiles/slave.dir/Drivers/STM32H7xx_HAL_Driver/Src/stm32h7xx_hal_uart.c.obj
 .debug_macro   0x0003abac      0x2b4 CMakeFiles/slave.dir/Drivers/STM32H7xx_HAL_Driver/Src/stm32h7xx_hal_uart_ex.c.obj
 .debug_macro   0x0003ae60      0x2a8 CMakeFiles/slave.dir/Core/Src/system_stm32h7xx.c.obj
 .debug_macro   0x0003b108      0x49c CMakeFiles/slave.dir/Core/Src/board.slave.cpp.obj

.debug_line     0x00000000    0x13413
 .debug_line    0x00000000      0xe61 CMakeFiles/slave.dir/Core/Src/main.cpp.obj
 .debug_line    0x00000e61       0xd4 CMakeFiles/slave.dir/Core/Src/dummy.cpp.obj
 .debug_line    0x00000f35      0x83c CMakeFiles/slave.dir/Core/Src/stm32h7xx_it.c.obj
 .debug_line    0x00001771      0x962 CMakeFiles/slave.dir/Core/Src/stm32h7xx_hal_msp.c.obj
 .debug_line    0x000020d3      0xd59 CMakeFiles/slave.dir/Drivers/STM32H7xx_HAL_Driver/Src/stm32h7xx_hal_cortex.c.obj
 .debug_line    0x00002e2c     0x12fa CMakeFiles/slave.dir/Drivers/STM32H7xx_HAL_Driver/Src/stm32h7xx_hal_rcc.c.obj
 .debug_line    0x00004126     0x1c12 CMakeFiles/slave.dir/Drivers/STM32H7xx_HAL_Driver/Src/stm32h7xx_hal_rcc_ex.c.obj
 .debug_line    0x00005d38      0xc02 CMakeFiles/slave.dir/Drivers/STM32H7xx_HAL_Driver/Src/stm32h7xx_hal_gpio.c.obj
 .debug_line    0x0000693a      0xe4d CMakeFiles/slave.dir/Drivers/STM32H7xx_HAL_Driver/Src/stm32h7xx_hal_pwr_ex.c.obj
 .debug_line    0x00007787      0xd2a CMakeFiles/slave.dir/Drivers/STM32H7xx_HAL_Driver/Src/stm32h7xx_hal.c.obj
 .debug_line    0x000084b1     0x27e8 CMakeFiles/slave.dir/Drivers/STM32H7xx_HAL_Driver/Src/stm32h7xx_hal_fdcan.c.obj
 .debug_line    0x0000ac99     0x224a CMakeFiles/slave.dir/Drivers/STM32H7xx_HAL_Driver/Src/stm32h7xx_hal_spi.c.obj
 .debug_line    0x0000cee3     0x3db8 CMakeFiles/slave.dir/Drivers/STM32H7xx_HAL_Driver/Src/stm32h7xx_hal_uart.c.obj
 .debug_line    0x00010c9b      0xdc8 CMakeFiles/slave.dir/Drivers/STM32H7xx_HAL_Driver/Src/stm32h7xx_hal_uart_ex.c.obj
 .debug_line    0x00011a63      0x935 CMakeFiles/slave.dir/Core/Src/system_stm32h7xx.c.obj
 .debug_line    0x00012398     0x1001 CMakeFiles/slave.dir/Core/Src/board.slave.cpp.obj
 .debug_line    0x00013399       0x7a CMakeFiles/slave.dir/startup_stm32h753xx.s.obj

.debug_str      0x00000000   0x16cfd3
 .debug_str     0x00000000   0x1666a8 CMakeFiles/slave.dir/Core/Src/main.cpp.obj
                             0x166d45 (size before relaxing)
 .debug_str     0x001666a8       0x4c CMakeFiles/slave.dir/Core/Src/dummy.cpp.obj
                               0x350b (size before relaxing)
 .debug_str     0x001666f4      0x3c3 CMakeFiles/slave.dir/Core/Src/stm32h7xx_it.c.obj
                             0x15fa2d (size before relaxing)
 .debug_str     0x00166ab7      0xb36 CMakeFiles/slave.dir/Core/Src/stm32h7xx_hal_msp.c.obj
                             0x160d0f (size before relaxing)
 .debug_str     0x001675ed      0xc3c CMakeFiles/slave.dir/Drivers/STM32H7xx_HAL_Driver/Src/stm32h7xx_hal_cortex.c.obj
                             0x160428 (size before relaxing)
 .debug_str     0x00168229      0x44f CMakeFiles/slave.dir/Drivers/STM32H7xx_HAL_Driver/Src/stm32h7xx_hal_rcc.c.obj
                             0x15fe63 (size before relaxing)
 .debug_str     0x00168678      0x72a CMakeFiles/slave.dir/Drivers/STM32H7xx_HAL_Driver/Src/stm32h7xx_hal_rcc_ex.c.obj
                             0x160344 (size before relaxing)
 .debug_str     0x00168da2      0x162 CMakeFiles/slave.dir/Drivers/STM32H7xx_HAL_Driver/Src/stm32h7xx_hal_gpio.c.obj
                             0x15fa7f (size before relaxing)
 .debug_str     0x00168f04      0x678 CMakeFiles/slave.dir/Drivers/STM32H7xx_HAL_Driver/Src/stm32h7xx_hal_pwr_ex.c.obj
                             0x15ff40 (size before relaxing)
 .debug_str     0x0016957c      0x6cc CMakeFiles/slave.dir/Drivers/STM32H7xx_HAL_Driver/Src/stm32h7xx_hal.c.obj
                             0x1609ed (size before relaxing)
 .debug_str     0x00169c48     0x1c00 CMakeFiles/slave.dir/Drivers/STM32H7xx_HAL_Driver/Src/stm32h7xx_hal_fdcan.c.obj
                             0x1617b6 (size before relaxing)
 .debug_str     0x0016b848      0x5bc CMakeFiles/slave.dir/Drivers/STM32H7xx_HAL_Driver/Src/stm32h7xx_hal_spi.c.obj
                             0x160187 (size before relaxing)
 .debug_str     0x0016be04      0xa5e CMakeFiles/slave.dir/Drivers/STM32H7xx_HAL_Driver/Src/stm32h7xx_hal_uart.c.obj
                             0x1609a4 (size before relaxing)
 .debug_str     0x0016c862      0x2fa CMakeFiles/slave.dir/Drivers/STM32H7xx_HAL_Driver/Src/stm32h7xx_hal_uart_ex.c.obj
                             0x15ff64 (size before relaxing)
 .debug_str     0x0016cb5c       0x76 CMakeFiles/slave.dir/Core/Src/system_stm32h7xx.c.obj
                             0x15fac8 (size before relaxing)
 .debug_str     0x0016cbd2      0x396 CMakeFiles/slave.dir/Core/Src/board.slave.cpp.obj
                             0x167550 (size before relaxing)
 .debug_str     0x0016cf68       0x6b CMakeFiles/slave.dir/startup_stm32h753xx.s.obj
                                 0xa4 (size before relaxing)

.comment        0x00000000       0x43
 .comment       0x00000000       0x43 CMakeFiles/slave.dir/Core/Src/main.cpp.obj
                                 0x44 (size before relaxing)
 .comment       0x00000043       0x44 CMakeFiles/slave.dir/Core/Src/dummy.cpp.obj
 .comment       0x00000043       0x44 CMakeFiles/slave.dir/Core/Src/stm32h7xx_it.c.obj
 .comment       0x00000043       0x44 CMakeFiles/slave.dir/Core/Src/stm32h7xx_hal_msp.c.obj
 .comment       0x00000043       0x44 CMakeFiles/slave.dir/Drivers/STM32H7xx_HAL_Driver/Src/stm32h7xx_hal_cortex.c.obj
 .comment       0x00000043       0x44 CMakeFiles/slave.dir/Drivers/STM32H7xx_HAL_Driver/Src/stm32h7xx_hal_rcc.c.obj
 .comment       0x00000043       0x44 CMakeFiles/slave.dir/Drivers/STM32H7xx_HAL_Driver/Src/stm32h7xx_hal_rcc_ex.c.obj
 .comment       0x00000043       0x44 CMakeFiles/slave.dir/Drivers/STM32H7xx_HAL_Driver/Src/stm32h7xx_hal_gpio.c.obj
 .comment       0x00000043       0x44 CMakeFiles/slave.dir/Drivers/STM32H7xx_HAL_Driver/Src/stm32h7xx_hal_pwr_ex.c.obj
 .comment       0x00000043       0x44 CMakeFiles/slave.dir/Drivers/STM32H7xx_HAL_Driver/Src/stm32h7xx_hal.c.obj
 .comment       0x00000043       0x44 CMakeFiles/slave.dir/Drivers/STM32H7xx_HAL_Driver/Src/stm32h7xx_hal_fdcan.c.obj
 .comment       0x00000043       0x44 CMakeFiles/slave.dir/Drivers/STM32H7xx_HAL_Driver/Src/stm32h7xx_hal_spi.c.obj
 .comment       0x00000043       0x44 CMakeFiles/slave.dir/Drivers/STM32H7xx_HAL_Driver/Src/stm32h7xx_hal_uart.c.obj
 .comment       0x00000043       0x44 CMakeFiles/slave.dir/Drivers/STM32H7xx_HAL_Driver/Src/stm32h7xx_hal_uart_ex.c.obj
 .comment       0x00000043       0x44 CMakeFiles/slave.dir/Core/Src/system_stm32h7xx.c.obj
 .comment       0x00000043       0x44 CMakeFiles/slave.dir/Core/Src/board.slave.cpp.obj

.debug_frame    0x00000000     0x4600
 .debug_frame   0x00000000      0x104 CMakeFiles/slave.dir/Core/Src/main.cpp.obj
 .debug_frame   0x00000104       0x38 CMakeFiles/slave.dir/Core/Src/dummy.cpp.obj
 .debug_frame   0x0000013c      0x104 CMakeFiles/slave.dir/Core/Src/stm32h7xx_it.c.obj
 .debug_frame   0x00000240      0x114 CMakeFiles/slave.dir/Core/Src/stm32h7xx_hal_msp.c.obj
 .debug_frame   0x00000354      0x508 CMakeFiles/slave.dir/Drivers/STM32H7xx_HAL_Driver/Src/stm32h7xx_hal_cortex.c.obj
 .debug_frame   0x0000085c      0x1f8 CMakeFiles/slave.dir/Drivers/STM32H7xx_HAL_Driver/Src/stm32h7xx_hal_rcc.c.obj
 .debug_frame   0x00000a54      0x414 CMakeFiles/slave.dir/Drivers/STM32H7xx_HAL_Driver/Src/stm32h7xx_hal_rcc_ex.c.obj
 .debug_frame   0x00000e68      0x14c CMakeFiles/slave.dir/Drivers/STM32H7xx_HAL_Driver/Src/stm32h7xx_hal_gpio.c.obj
 .debug_frame   0x00000fb4      0x580 CMakeFiles/slave.dir/Drivers/STM32H7xx_HAL_Driver/Src/stm32h7xx_hal_pwr_ex.c.obj
 .debug_frame   0x00001534      0x690 CMakeFiles/slave.dir/Drivers/STM32H7xx_HAL_Driver/Src/stm32h7xx_hal.c.obj
 .debug_frame   0x00001bc4      0xf9c CMakeFiles/slave.dir/Drivers/STM32H7xx_HAL_Driver/Src/stm32h7xx_hal_fdcan.c.obj
 .debug_frame   0x00002b60      0x7a8 CMakeFiles/slave.dir/Drivers/STM32H7xx_HAL_Driver/Src/stm32h7xx_hal_spi.c.obj
 .debug_frame   0x00003308      0xa94 CMakeFiles/slave.dir/Drivers/STM32H7xx_HAL_Driver/Src/stm32h7xx_hal_uart.c.obj
 .debug_frame   0x00003d9c      0x2c0 CMakeFiles/slave.dir/Drivers/STM32H7xx_HAL_Driver/Src/stm32h7xx_hal_uart_ex.c.obj
 .debug_frame   0x0000405c       0x58 CMakeFiles/slave.dir/Core/Src/system_stm32h7xx.c.obj
 .debug_frame   0x000040b4      0x114 CMakeFiles/slave.dir/Core/Src/board.slave.cpp.obj
 .debug_frame   0x000041c8       0x20 /opt/st/stm32cubeclt_1.16.0/GNU-tools-for-STM32/bin/../lib/gcc/arm-none-eabi/12.3.1/../../../../arm-none-eabi/lib/thumb/v7e-m+dp/hard/libstdc++_nano.a(atexit_arm.o)
 .debug_frame   0x000041e8       0x20 /opt/st/stm32cubeclt_1.16.0/GNU-tools-for-STM32/bin/../lib/gcc/arm-none-eabi/12.3.1/../../../../arm-none-eabi/lib/thumb/v7e-m+dp/hard/libstdc++_nano.a(del_ops.o)
 .debug_frame   0x00004208       0x20 /opt/st/stm32cubeclt_1.16.0/GNU-tools-for-STM32/bin/../lib/gcc/arm-none-eabi/12.3.1/../../../../arm-none-eabi/lib/thumb/v7e-m+dp/hard/libstdc++_nano.a(del_op.o)
 .debug_frame   0x00004228       0x30 /opt/st/stm32cubeclt_1.16.0/GNU-tools-for-STM32/bin/../lib/gcc/arm-none-eabi/12.3.1/../../../../arm-none-eabi/lib/thumb/v7e-m+dp/hard/libc_nano.a(libc_a-malloc.o)
 .debug_frame   0x00004258       0x50 /opt/st/stm32cubeclt_1.16.0/GNU-tools-for-STM32/bin/../lib/gcc/arm-none-eabi/12.3.1/../../../../arm-none-eabi/lib/thumb/v7e-m+dp/hard/libc_nano.a(libc_a-mallocr.o)
 .debug_frame   0x000042a8       0x30 /opt/st/stm32cubeclt_1.16.0/GNU-tools-for-STM32/bin/../lib/gcc/arm-none-eabi/12.3.1/../../../../arm-none-eabi/lib/thumb/v7e-m+dp/hard/libc_nano.a(libc_a-mlock.o)
 .debug_frame   0x000042d8       0x28 /opt/st/stm32cubeclt_1.16.0/GNU-tools-for-STM32/bin/../lib/gcc/arm-none-eabi/12.3.1/../../../../arm-none-eabi/lib/thumb/v7e-m+dp/hard/libc_nano.a(libc_a-cxa_atexit.o)
 .debug_frame   0x00004300      0x144 /opt/st/stm32cubeclt_1.16.0/GNU-tools-for-STM32/bin/../lib/gcc/arm-none-eabi/12.3.1/../../../../arm-none-eabi/lib/thumb/v7e-m+dp/hard/libc_nano.a(libc_a-findfp.o)
 .debug_frame   0x00004444       0x20 /opt/st/stm32cubeclt_1.16.0/GNU-tools-for-STM32/bin/../lib/gcc/arm-none-eabi/12.3.1/../../../../arm-none-eabi/lib/thumb/v7e-m+dp/hard/libc_nano.a(libc_a-memset.o)
 .debug_frame   0x00004464       0x2c /opt/st/stm32cubeclt_1.16.0/GNU-tools-for-STM32/bin/../lib/gcc/arm-none-eabi/12.3.1/../../../../arm-none-eabi/lib/thumb/v7e-m+dp/hard/libc_nano.a(libc_a-init.o)
 .debug_frame   0x00004490       0xb0 /opt/st/stm32cubeclt_1.16.0/GNU-tools-for-STM32/bin/../lib/gcc/arm-none-eabi/12.3.1/../../../../arm-none-eabi/lib/thumb/v7e-m+dp/hard/libc_nano.a(libc_a-lock.o)
 .debug_frame   0x00004540       0x28 /opt/st/stm32cubeclt_1.16.0/GNU-tools-for-STM32/bin/../lib/gcc/arm-none-eabi/12.3.1/../../../../arm-none-eabi/lib/thumb/v7e-m+dp/hard/libc_nano.a(libc_a-memcpy-stub.o)
 .debug_frame   0x00004568       0x38 /opt/st/stm32cubeclt_1.16.0/GNU-tools-for-STM32/bin/../lib/gcc/arm-none-eabi/12.3.1/../../../../arm-none-eabi/lib/thumb/v7e-m+dp/hard/libc_nano.a(libc_a-freer.o)
 .debug_frame   0x000045a0       0x2c /opt/st/stm32cubeclt_1.16.0/GNU-tools-for-STM32/bin/../lib/gcc/arm-none-eabi/12.3.1/thumb/v7e-m+dp/hard/libgcc.a(_aeabi_uldivmod.o)
 .debug_frame   0x000045cc       0x34 /opt/st/stm32cubeclt_1.16.0/GNU-tools-for-STM32/bin/../lib/gcc/arm-none-eabi/12.3.1/thumb/v7e-m+dp/hard/libgcc.a(_udivmoddi4.o)

.debug_line_str
                0x00000000       0x4f
 .debug_line_str
                0x00000000       0x4f CMakeFiles/slave.dir/startup_stm32h753xx.s.obj
                                 0x88 (size before relaxing)
