Archive member included to satisfy reference by file (symbol)

/opt/st/stm32cubeclt_1.16.0/GNU-tools-for-STM32/bin/../lib/gcc/arm-none-eabi/12.3.1/../../../../arm-none-eabi/lib/thumb/v7e-m+dp/hard/libc_nano.a(libc_a-exit.o)
                              /opt/st/stm32cubeclt_1.16.0/GNU-tools-for-STM32/bin/../lib/gcc/arm-none-eabi/12.3.1/../../../../arm-none-eabi/lib/thumb/v7e-m+dp/hard/crt0.o (exit)
/opt/st/stm32cubeclt_1.16.0/GNU-tools-for-STM32/bin/../lib/gcc/arm-none-eabi/12.3.1/../../../../arm-none-eabi/lib/thumb/v7e-m+dp/hard/libc_nano.a(libc_a-findfp.o)
                              /opt/st/stm32cubeclt_1.16.0/GNU-tools-for-STM32/bin/../lib/gcc/arm-none-eabi/12.3.1/../../../../arm-none-eabi/lib/thumb/v7e-m+dp/hard/libc_nano.a(libc_a-exit.o) (__stdio_exit_handler)
/opt/st/stm32cubeclt_1.16.0/GNU-tools-for-STM32/bin/../lib/gcc/arm-none-eabi/12.3.1/../../../../arm-none-eabi/lib/thumb/v7e-m+dp/hard/libc_nano.a(libc_a-fwalk.o)
                              /opt/st/stm32cubeclt_1.16.0/GNU-tools-for-STM32/bin/../lib/gcc/arm-none-eabi/12.3.1/../../../../arm-none-eabi/lib/thumb/v7e-m+dp/hard/libc_nano.a(libc_a-findfp.o) (_fwalk_sglue)
/opt/st/stm32cubeclt_1.16.0/GNU-tools-for-STM32/bin/../lib/gcc/arm-none-eabi/12.3.1/../../../../arm-none-eabi/lib/thumb/v7e-m+dp/hard/libc_nano.a(libc_a-stdio.o)
                              /opt/st/stm32cubeclt_1.16.0/GNU-tools-for-STM32/bin/../lib/gcc/arm-none-eabi/12.3.1/../../../../arm-none-eabi/lib/thumb/v7e-m+dp/hard/libc_nano.a(libc_a-findfp.o) (__sread)
/opt/st/stm32cubeclt_1.16.0/GNU-tools-for-STM32/bin/../lib/gcc/arm-none-eabi/12.3.1/../../../../arm-none-eabi/lib/thumb/v7e-m+dp/hard/libc_nano.a(libc_a-memset.o)
                              /opt/st/stm32cubeclt_1.16.0/GNU-tools-for-STM32/bin/../lib/gcc/arm-none-eabi/12.3.1/../../../../arm-none-eabi/lib/thumb/v7e-m+dp/hard/crt0.o (memset)
/opt/st/stm32cubeclt_1.16.0/GNU-tools-for-STM32/bin/../lib/gcc/arm-none-eabi/12.3.1/../../../../arm-none-eabi/lib/thumb/v7e-m+dp/hard/libc_nano.a(libc_a-closer.o)
                              /opt/st/stm32cubeclt_1.16.0/GNU-tools-for-STM32/bin/../lib/gcc/arm-none-eabi/12.3.1/../../../../arm-none-eabi/lib/thumb/v7e-m+dp/hard/libc_nano.a(libc_a-stdio.o) (_close_r)
/opt/st/stm32cubeclt_1.16.0/GNU-tools-for-STM32/bin/../lib/gcc/arm-none-eabi/12.3.1/../../../../arm-none-eabi/lib/thumb/v7e-m+dp/hard/libc_nano.a(libc_a-reent.o)
                              /opt/st/stm32cubeclt_1.16.0/GNU-tools-for-STM32/bin/../lib/gcc/arm-none-eabi/12.3.1/../../../../arm-none-eabi/lib/thumb/v7e-m+dp/hard/libc_nano.a(libc_a-closer.o) (errno)
/opt/st/stm32cubeclt_1.16.0/GNU-tools-for-STM32/bin/../lib/gcc/arm-none-eabi/12.3.1/../../../../arm-none-eabi/lib/thumb/v7e-m+dp/hard/libc_nano.a(libc_a-impure.o)
                              /opt/st/stm32cubeclt_1.16.0/GNU-tools-for-STM32/bin/../lib/gcc/arm-none-eabi/12.3.1/../../../../arm-none-eabi/lib/thumb/v7e-m+dp/hard/libc_nano.a(libc_a-reent.o) (_impure_ptr)
/opt/st/stm32cubeclt_1.16.0/GNU-tools-for-STM32/bin/../lib/gcc/arm-none-eabi/12.3.1/../../../../arm-none-eabi/lib/thumb/v7e-m+dp/hard/libc_nano.a(libc_a-lseekr.o)
                              /opt/st/stm32cubeclt_1.16.0/GNU-tools-for-STM32/bin/../lib/gcc/arm-none-eabi/12.3.1/../../../../arm-none-eabi/lib/thumb/v7e-m+dp/hard/libc_nano.a(libc_a-stdio.o) (_lseek_r)
/opt/st/stm32cubeclt_1.16.0/GNU-tools-for-STM32/bin/../lib/gcc/arm-none-eabi/12.3.1/../../../../arm-none-eabi/lib/thumb/v7e-m+dp/hard/libc_nano.a(libc_a-readr.o)
                              /opt/st/stm32cubeclt_1.16.0/GNU-tools-for-STM32/bin/../lib/gcc/arm-none-eabi/12.3.1/../../../../arm-none-eabi/lib/thumb/v7e-m+dp/hard/libc_nano.a(libc_a-stdio.o) (_read_r)
/opt/st/stm32cubeclt_1.16.0/GNU-tools-for-STM32/bin/../lib/gcc/arm-none-eabi/12.3.1/../../../../arm-none-eabi/lib/thumb/v7e-m+dp/hard/libc_nano.a(libc_a-writer.o)
                              /opt/st/stm32cubeclt_1.16.0/GNU-tools-for-STM32/bin/../lib/gcc/arm-none-eabi/12.3.1/../../../../arm-none-eabi/lib/thumb/v7e-m+dp/hard/libc_nano.a(libc_a-stdio.o) (_write_r)
/opt/st/stm32cubeclt_1.16.0/GNU-tools-for-STM32/bin/../lib/gcc/arm-none-eabi/12.3.1/../../../../arm-none-eabi/lib/thumb/v7e-m+dp/hard/libc_nano.a(libc_a-init.o)
                              /opt/st/stm32cubeclt_1.16.0/GNU-tools-for-STM32/bin/../lib/gcc/arm-none-eabi/12.3.1/../../../../arm-none-eabi/lib/thumb/v7e-m+dp/hard/crt0.o (__libc_init_array)
/opt/st/stm32cubeclt_1.16.0/GNU-tools-for-STM32/bin/../lib/gcc/arm-none-eabi/12.3.1/../../../../arm-none-eabi/lib/thumb/v7e-m+dp/hard/libc_nano.a(libc_a-lock.o)
                              /opt/st/stm32cubeclt_1.16.0/GNU-tools-for-STM32/bin/../lib/gcc/arm-none-eabi/12.3.1/../../../../arm-none-eabi/lib/thumb/v7e-m+dp/hard/libc_nano.a(libc_a-findfp.o) (__retarget_lock_init_recursive)
/opt/st/stm32cubeclt_1.16.0/GNU-tools-for-STM32/bin/../lib/gcc/arm-none-eabi/12.3.1/../../../../arm-none-eabi/lib/thumb/v7e-m+dp/hard/libc_nano.a(libc_a-freer.o)
[...]
Memory Configuration

Name             Origin             Length             Attributes
DTCMRAM          0x20000000         0x00020000         xrw
RAM              0x24000000         0x00080000         xrw
RAM_D2           0x30000000         0x00048000         xrw
RAM_D3           0x38000000         0x00010000         xrw
ITCMRAM          0x00000000         0x00010000         xrw
FLASH            0x08000000         0x00200000         xr
*default*        0x00000000         0xffffffff

Linker script and memory map

LOAD /opt/st/stm32cubeclt_1.16.0/GNU-tools-for-STM32/bin/../lib/gcc/arm-none-eabi/12.3.1/thumb/v7e-m+dp/hard/crti.o
LOAD /opt/st/stm32cubeclt_1.16.0/GNU-tools-for-STM32/bin/../lib/gcc/arm-none-eabi/12.3.1/thumb/v7e-m+dp/hard/crtbegin.o
LOAD /opt/st/stm32cubeclt_1.16.0/GNU-tools-for-STM32/bin/../lib/gcc/arm-none-eabi/12.3.1/../../../../arm-none-eabi/lib/thumb/v7e-m+dp/hard/crt0.o
START GROUP
LOAD /opt/st/stm32cubeclt_1.16.0/GNU-tools-for-STM32/bin/../lib/gcc/arm-none-eabi/12.3.1/../../../../arm-none-eabi/lib/thumb/v7e-m+dp/hard/libc_nano.a
LOAD /opt/st/stm32cubeclt_1.16.0/GNU-tools-for-STM32/bin/../lib/gcc/arm-none-eabi/12.3.1/../../../../arm-none-eabi/lib/thumb/v7e-m+dp/hard/libm.a
END GROUP
LOAD CMakeFiles/slave.dir/Core/Src/main.c.obj
LOAD CMakeFiles/slave.dir/Core/Src/stm32h7xx_it.c.obj
LOAD CMakeFiles/slave.dir/Core/Src/stm32h7xx_hal_msp.c.obj
LOAD CMakeFiles/slave.dir/Drivers/STM32H7xx_HAL_Driver/Src/stm32h7xx_hal_cortex.c.obj
LOAD CMakeFiles/slave.dir/Drivers/STM32H7xx_HAL_Driver/Src/stm32h7xx_hal_rcc.c.obj
LOAD CMakeFiles/slave.dir/Drivers/STM32H7xx_HAL_Driver/Src/stm32h7xx_hal_rcc_ex.c.obj
LOAD CMakeFiles/slave.dir/Drivers/STM32H7xx_HAL_Driver/Src/stm32h7xx_hal_flash.c.obj
LOAD CMakeFiles/slave.dir/Drivers/STM32H7xx_HAL_Driver/Src/stm32h7xx_hal_flash_ex.c.obj
LOAD CMakeFiles/slave.dir/Drivers/STM32H7xx_HAL_Driver/Src/stm32h7xx_hal_gpio.c.obj
LOAD CMakeFiles/slave.dir/Drivers/STM32H7xx_HAL_Driver/Src/stm32h7xx_hal_hsem.c.obj
LOAD CMakeFiles/slave.dir/Drivers/STM32H7xx_HAL_Driver/Src/stm32h7xx_hal_dma.c.obj
LOAD CMakeFiles/slave.dir/Drivers/STM32H7xx_HAL_Driver/Src/stm32h7xx_hal_dma_ex.c.obj
LOAD CMakeFiles/slave.dir/Drivers/STM32H7xx_HAL_Driver/Src/stm32h7xx_hal_mdma.c.obj
LOAD CMakeFiles/slave.dir/Drivers/STM32H7xx_HAL_Driver/Src/stm32h7xx_hal_pwr.c.obj
LOAD CMakeFiles/slave.dir/Drivers/STM32H7xx_HAL_Driver/Src/stm32h7xx_hal_pwr_ex.c.obj
LOAD CMakeFiles/slave.dir/Drivers/STM32H7xx_HAL_Driver/Src/stm32h7xx_hal.c.obj
LOAD CMakeFiles/slave.dir/Drivers/STM32H7xx_HAL_Driver/Src/stm32h7xx_hal_i2c.c.obj
LOAD CMakeFiles/slave.dir/Drivers/STM32H7xx_HAL_Driver/Src/stm32h7xx_hal_i2c_ex.c.obj
LOAD CMakeFiles/slave.dir/Drivers/STM32H7xx_HAL_Driver/Src/stm32h7xx_hal_exti.c.obj
LOAD CMakeFiles/slave.dir/Drivers/STM32H7xx_HAL_Driver/Src/stm32h7xx_hal_fdcan.c.obj
LOAD CMakeFiles/slave.dir/Drivers/STM32H7xx_HAL_Driver/Src/stm32h7xx_hal_spi.c.obj
LOAD CMakeFiles/slave.dir/Drivers/STM32H7xx_HAL_Driver/Src/stm32h7xx_hal_spi_ex.c.obj
LOAD CMakeFiles/slave.dir/Drivers/STM32H7xx_HAL_Driver/Src/stm32h7xx_hal_tim.c.obj
LOAD CMakeFiles/slave.dir/Drivers/STM32H7xx_HAL_Driver/Src/stm32h7xx_hal_tim_ex.c.obj
LOAD CMakeFiles/slave.dir/Drivers/STM32H7xx_HAL_Driver/Src/stm32h7xx_hal_uart.c.obj
LOAD CMakeFiles/slave.dir/Drivers/STM32H7xx_HAL_Driver/Src/stm32h7xx_hal_uart_ex.c.obj
LOAD CMakeFiles/slave.dir/Core/Src/system_stm32h7xx.c.obj
LOAD CMakeFiles/slave.dir/Core/Src/sysmem.c.obj
LOAD CMakeFiles/slave.dir/Core/Src/syscalls.c.obj
LOAD CMakeFiles/slave.dir/startup_stm32h753xx.s.obj
START GROUP
LOAD /opt/st/stm32cubeclt_1.16.0/GNU-tools-for-STM32/bin/../lib/gcc/arm-none-eabi/12.3.1/thumb/v7e-m+dp/hard/libgcc.a
LOAD /opt/st/stm32cubeclt_1.16.0/GNU-tools-for-STM32/bin/../lib/gcc/arm-none-eabi/12.3.1/../../../../arm-none-eabi/lib/thumb/v7e-m+dp/hard/libg_nano.a
LOAD /opt/st/stm32cubeclt_1.16.0/GNU-tools-for-STM32/bin/../lib/gcc/arm-none-eabi/12.3.1/../../../../arm-none-eabi/lib/thumb/v7e-m+dp/hard/libc_nano.a
END GROUP
START GROUP
LOAD /opt/st/stm32cubeclt_1.16.0/GNU-tools-for-STM32/bin/../lib/gcc/arm-none-eabi/12.3.1/thumb/v7e-m+dp/hard/libgcc.a
LOAD /opt/st/stm32cubeclt_1.16.0/GNU-tools-for-STM32/bin/../lib/gcc/arm-none-eabi/12.3.1/../../../../arm-none-eabi/lib/thumb/v7e-m+dp/hard/libc_nano.a
END GROUP
LOAD /opt/st/stm32cubeclt_1.16.0/GNU-tools-for-STM32/bin/../lib/gcc/arm-none-eabi/12.3.1/thumb/v7e-m+dp/hard/crtend.o
LOAD /opt/st/stm32cubeclt_1.16.0/GNU-tools-for-STM32/bin/../lib/gcc/arm-none-eabi/12.3.1/thumb/v7e-m+dp/hard/crtn.o
                0x20020000                        _estack = (ORIGIN (DTCMRAM) + LENGTH (DTCMRAM))
                0x00000200                        _Min_Heap_Size = 0x200
                0x00000400                        _Min_Stack_Size = 0x400

.isr_vector     0x08000000      0x298
                0x08000000                        . = ALIGN (0x4)
 *(.isr_vector)
 .isr_vector    0x08000000      0x298 CMakeFiles/slave.dir/startup_stm32h753xx.s.obj
                0x08000000                g_pfnVectors
                0x08000298                        . = ALIGN (0x4)

.text           0x08000298     0x6160
                0x08000298                        . = ALIGN (0x4)
 *(.text)
 .text          0x08000298       0x40 /opt/st/stm32cubeclt_1.16.0/GNU-tools-for-STM32/bin/../lib/gcc/arm-none-eabi/12.3.1/thumb/v7e-m+dp/hard/crtbegin.o
 .text          0x080002d8       0x30 /opt/st/stm32cubeclt_1.16.0/GNU-tools-for-STM32/bin/../lib/gcc/arm-none-eabi/12.3.1/thumb/v7e-m+dp/hard/libgcc.a(_aeabi_uldivmod.o)
                0x080002d8                __aeabi_uldivmod
 .text          0x08000308      0x2bc /opt/st/stm32cubeclt_1.16.0/GNU-tools-for-STM32/bin/../lib/gcc/arm-none-eabi/12.3.1/thumb/v7e-m+dp/hard/libgcc.a(_udivmoddi4.o)
                0x08000308                __udivmoddi4
 .text          0x080005c4        0x4 /opt/st/stm32cubeclt_1.16.0/GNU-tools-for-STM32/bin/../lib/gcc/arm-none-eabi/12.3.1/thumb/v7e-m+dp/hard/libgcc.a(_dvmd_tls.o)
                0x080005c4                __aeabi_ldiv0
                0x080005c4                __aeabi_idiv0
 *(.text*)
 .text.memset   0x080005c8       0x10 /opt/st/stm32cubeclt_1.16.0/GNU-tools-for-STM32/bin/../lib/gcc/arm-none-eabi/12.3.1/../../../../arm-none-eabi/lib/thumb/v7e-m+dp/hard/libc_nano.a(libc_a-memset.o)
                0x080005c8                memset
 .text.__libc_init_array
                0x080005d8       0x48 /opt/st/stm32cubeclt_1.16.0/GNU-tools-for-STM32/bin/../lib/gcc/arm-none-eabi/12.3.1/../../../../arm-none-eabi/lib/thumb/v7e-m+dp/hard/libc_nano.a(libc_a-init.o)
                0x080005d8                __libc_init_array
 .text.main     0x08000620       0x38 CMakeFiles/slave.dir/Core/Src/main.c.obj
                0x08000620                main
 .text.SystemClock_Config
                0x08000658      0x15c CMakeFiles/slave.dir/Core/Src/main.c.obj
                0x08000658                SystemClock_Config
 .text.PeriphCommonClock_Config
                0x080007b4       0x88 CMakeFiles/slave.dir/Core/Src/main.c.obj
                0x080007b4                PeriphCommonClock_Config
 .text.MX_FDCAN1_Init
                0x0800083c       0xc8 CMakeFiles/slave.dir/Core/Src/main.c.obj
 .text.MX_FDCAN2_Init
                0x08000904       0xc8 CMakeFiles/slave.dir/Core/Src/main.c.obj
 .text.MX_SPI1_Init
                0x080009cc       0xac CMakeFiles/slave.dir/Core/Src/main.c.obj
 .text.MX_UART4_Init
                0x08000a78       0x98 CMakeFiles/slave.dir/Core/Src/main.c.obj
 .text.MX_UART5_Init
                0x08000b10       0x98 CMakeFiles/slave.dir/Core/Src/main.c.obj
 .text.MX_USART1_UART_Init
                0x08000ba8       0x98 CMakeFiles/slave.dir/Core/Src/main.c.obj
 .text.MX_USART3_UART_Init
                0x08000c40       0x98 CMakeFiles/slave.dir/Core/Src/main.c.obj
 .text.MX_GPIO_Init
                0x08000cd8      0x13c CMakeFiles/slave.dir/Core/Src/main.c.obj
 .text.MPU_Config
                0x08000e14       0x58 CMakeFiles/slave.dir/Core/Src/main.c.obj
 .text.Error_Handler
                0x08000e6c        0xc CMakeFiles/slave.dir/Core/Src/main.c.obj
                0x08000e6c                Error_Handler
 .text.NMI_Handler
                0x08000e78        0x8 CMakeFiles/slave.dir/Core/Src/stm32h7xx_it.c.obj
                0x08000e78                NMI_Handler
 .text.HardFault_Handler
                0x08000e80        0x8 CMakeFiles/slave.dir/Core/Src/stm32h7xx_it.c.obj
                0x08000e80                HardFault_Handler
 .text.MemManage_Handler
                0x08000e88        0x8 CMakeFiles/slave.dir/Core/Src/stm32h7xx_it.c.obj
                0x08000e88                MemManage_Handler
 .text.BusFault_Handler
                0x08000e90        0x8 CMakeFiles/slave.dir/Core/Src/stm32h7xx_it.c.obj
                0x08000e90                BusFault_Handler
 .text.UsageFault_Handler
                0x08000e98        0x8 CMakeFiles/slave.dir/Core/Src/stm32h7xx_it.c.obj
                0x08000e98                UsageFault_Handler
 .text.SVC_Handler
                0x08000ea0        0xe CMakeFiles/slave.dir/Core/Src/stm32h7xx_it.c.obj
                0x08000ea0                SVC_Handler
 .text.DebugMon_Handler
                0x08000eae        0xe CMakeFiles/slave.dir/Core/Src/stm32h7xx_it.c.obj
                0x08000eae                DebugMon_Handler
 .text.PendSV_Handler
                0x08000ebc        0xe CMakeFiles/slave.dir/Core/Src/stm32h7xx_it.c.obj
                0x08000ebc                PendSV_Handler
 .text.SysTick_Handler
                0x08000eca        0xc CMakeFiles/slave.dir/Core/Src/stm32h7xx_it.c.obj
                0x08000eca                SysTick_Handler
 *fill*         0x08000ed6        0x2 
 .text.HAL_MspInit
                0x08000ed8       0x34 CMakeFiles/slave.dir/Core/Src/stm32h7xx_hal_msp.c.obj
                0x08000ed8                HAL_MspInit
 .text.HAL_FDCAN_MspInit
                0x08000f0c      0x130 CMakeFiles/slave.dir/Core/Src/stm32h7xx_hal_msp.c.obj
                0x08000f0c                HAL_FDCAN_MspInit
 .text.HAL_SPI_MspInit
                0x0800103c      0x11c CMakeFiles/slave.dir/Core/Src/stm32h7xx_hal_msp.c.obj
                0x0800103c                HAL_SPI_MspInit
 .text.HAL_UART_MspInit
                0x08001158      0x1e8 CMakeFiles/slave.dir/Core/Src/stm32h7xx_hal_msp.c.obj
                0x08001158                HAL_UART_MspInit
 .text.__NVIC_SetPriorityGrouping
                0x08001340       0x48 CMakeFiles/slave.dir/Drivers/STM32H7xx_HAL_Driver/Src/stm32h7xx_hal_cortex.c.obj
 .text.__NVIC_GetPriorityGrouping
                0x08001388       0x1c CMakeFiles/slave.dir/Drivers/STM32H7xx_HAL_Driver/Src/stm32h7xx_hal_cortex.c.obj
 .text.__NVIC_SetPriority
                0x080013a4       0x54 CMakeFiles/slave.dir/Drivers/STM32H7xx_HAL_Driver/Src/stm32h7xx_hal_cortex.c.obj
 .text.NVIC_EncodePriority
                0x080013f8       0x66 CMakeFiles/slave.dir/Drivers/STM32H7xx_HAL_Driver/Src/stm32h7xx_hal_cortex.c.obj
 *fill*         0x0800145e        0x2 
 .text.SysTick_Config
                0x08001460       0x44 CMakeFiles/slave.dir/Drivers/STM32H7xx_HAL_Driver/Src/stm32h7xx_hal_cortex.c.obj
 .text.HAL_NVIC_SetPriorityGrouping
                0x080014a4       0x16 CMakeFiles/slave.dir/Drivers/STM32H7xx_HAL_Driver/Src/stm32h7xx_hal_cortex.c.obj
                0x080014a4                HAL_NVIC_SetPriorityGrouping
 .text.HAL_NVIC_SetPriority
                0x080014ba       0x34 CMakeFiles/slave.dir/Drivers/STM32H7xx_HAL_Driver/Src/stm32h7xx_hal_cortex.c.obj
                0x080014ba                HAL_NVIC_SetPriority
 .text.HAL_SYSTICK_Config
                0x080014ee       0x18 CMakeFiles/slave.dir/Drivers/STM32H7xx_HAL_Driver/Src/stm32h7xx_hal_cortex.c.obj
                0x080014ee                HAL_SYSTICK_Config
 *fill*         0x08001506        0x2 
 .text.HAL_MPU_Disable
                0x08001508       0x30 CMakeFiles/slave.dir/Drivers/STM32H7xx_HAL_Driver/Src/stm32h7xx_hal_cortex.c.obj
                0x08001508                HAL_MPU_Disable
 .text.HAL_MPU_Enable
                0x08001538       0x40 CMakeFiles/slave.dir/Drivers/STM32H7xx_HAL_Driver/Src/stm32h7xx_hal_cortex.c.obj
                0x08001538                HAL_MPU_Enable
 .text.HAL_MPU_ConfigRegion
                0x08001578       0x80 CMakeFiles/slave.dir/Drivers/STM32H7xx_HAL_Driver/Src/stm32h7xx_hal_cortex.c.obj
                0x08001578                HAL_MPU_ConfigRegion
 .text.HAL_RCC_OscConfig
                0x080015f8      0x8b4 CMakeFiles/slave.dir/Drivers/STM32H7xx_HAL_Driver/Src/stm32h7xx_hal_rcc.c.obj
                0x080015f8                HAL_RCC_OscConfig
 .text.HAL_RCC_ClockConfig
                0x08001eac      0x36c CMakeFiles/slave.dir/Drivers/STM32H7xx_HAL_Driver/Src/stm32h7xx_hal_rcc.c.obj
                0x08001eac                HAL_RCC_ClockConfig
 .text.HAL_RCC_GetSysClockFreq
                0x08002218      0x2f4 CMakeFiles/slave.dir/Drivers/STM32H7xx_HAL_Driver/Src/stm32h7xx_hal_rcc.c.obj
                0x08002218                HAL_RCC_GetSysClockFreq
 .text.HAL_RCC_GetHCLKFreq
                0x0800250c       0x60 CMakeFiles/slave.dir/Drivers/STM32H7xx_HAL_Driver/Src/stm32h7xx_hal_rcc.c.obj
                0x0800250c                HAL_RCC_GetHCLKFreq
 .text.HAL_RCC_GetPCLK1Freq
                0x0800256c       0x2c CMakeFiles/slave.dir/Drivers/STM32H7xx_HAL_Driver/Src/stm32h7xx_hal_rcc.c.obj
                0x0800256c                HAL_RCC_GetPCLK1Freq
 .text.HAL_RCC_GetPCLK2Freq
                0x08002598       0x2c CMakeFiles/slave.dir/Drivers/STM32H7xx_HAL_Driver/Src/stm32h7xx_hal_rcc.c.obj
                0x08002598                HAL_RCC_GetPCLK2Freq
 .text.HAL_RCCEx_PeriphCLKConfig
                0x080025c4     0x1414 CMakeFiles/slave.dir/Drivers/STM32H7xx_HAL_Driver/Src/stm32h7xx_hal_rcc_ex.c.obj
                0x080025c4                HAL_RCCEx_PeriphCLKConfig
 .text.HAL_RCCEx_GetD3PCLK1Freq
                0x080039d8       0x2c CMakeFiles/slave.dir/Drivers/STM32H7xx_HAL_Driver/Src/stm32h7xx_hal_rcc_ex.c.obj
                0x080039d8                HAL_RCCEx_GetD3PCLK1Freq
 .text.HAL_RCCEx_GetPLL2ClockFreq
                0x08003a04      0x2a8 CMakeFiles/slave.dir/Drivers/STM32H7xx_HAL_Driver/Src/stm32h7xx_hal_rcc_ex.c.obj
                0x08003a04                HAL_RCCEx_GetPLL2ClockFreq
 .text.HAL_RCCEx_GetPLL3ClockFreq
                0x08003cac      0x2a8 CMakeFiles/slave.dir/Drivers/STM32H7xx_HAL_Driver/Src/stm32h7xx_hal_rcc_ex.c.obj
                0x08003cac                HAL_RCCEx_GetPLL3ClockFreq
 .text.RCCEx_PLL2_Config
                0x08003f54      0x164 CMakeFiles/slave.dir/Drivers/STM32H7xx_HAL_Driver/Src/stm32h7xx_hal_rcc_ex.c.obj
 .text.RCCEx_PLL3_Config
                0x080040b8      0x164 CMakeFiles/slave.dir/Drivers/STM32H7xx_HAL_Driver/Src/stm32h7xx_hal_rcc_ex.c.obj
 .text.HAL_GPIO_Init
                0x0800421c      0x360 CMakeFiles/slave.dir/Drivers/STM32H7xx_HAL_Driver/Src/stm32h7xx_hal_gpio.c.obj
                0x0800421c                HAL_GPIO_Init
 .text.HAL_GPIO_WritePin
                0x0800457c       0x32 CMakeFiles/slave.dir/Drivers/STM32H7xx_HAL_Driver/Src/stm32h7xx_hal_gpio.c.obj
                0x0800457c                HAL_GPIO_WritePin
 *fill*         0x080045ae        0x2 
 .text.HAL_PWREx_ConfigSupply
                0x080045b0       0x74 CMakeFiles/slave.dir/Drivers/STM32H7xx_HAL_Driver/Src/stm32h7xx_hal_pwr_ex.c.obj
                0x080045b0                HAL_PWREx_ConfigSupply
 .text.HAL_Init
                0x08004624       0x78 CMakeFiles/slave.dir/Drivers/STM32H7xx_HAL_Driver/Src/stm32h7xx_hal.c.obj
                0x08004624                HAL_Init
 .text.HAL_InitTick
                0x0800469c       0x6c CMakeFiles/slave.dir/Drivers/STM32H7xx_HAL_Driver/Src/stm32h7xx_hal.c.obj
                0x0800469c                HAL_InitTick
 .text.HAL_IncTick
                0x08004708       0x28 CMakeFiles/slave.dir/Drivers/STM32H7xx_HAL_Driver/Src/stm32h7xx_hal.c.obj
                0x08004708                HAL_IncTick
 .text.HAL_GetTick
                0x08004730       0x18 CMakeFiles/slave.dir/Drivers/STM32H7xx_HAL_Driver/Src/stm32h7xx_hal.c.obj
                0x08004730                HAL_GetTick
 .text.HAL_GetREVID
                0x08004748       0x18 CMakeFiles/slave.dir/Drivers/STM32H7xx_HAL_Driver/Src/stm32h7xx_hal.c.obj
                0x08004748                HAL_GetREVID
 .text.HAL_FDCAN_Init
                0x08004760      0x3bc CMakeFiles/slave.dir/Drivers/STM32H7xx_HAL_Driver/Src/stm32h7xx_hal_fdcan.c.obj
                0x08004760                HAL_FDCAN_Init
 .text.FDCAN_CalcultateRamBlockAddresses
                0x08004b1c      0x30c CMakeFiles/slave.dir/Drivers/STM32H7xx_HAL_Driver/Src/stm32h7xx_hal_fdcan.c.obj
 .text.HAL_SPI_Init
                0x08004e28      0x248 CMakeFiles/slave.dir/Drivers/STM32H7xx_HAL_Driver/Src/stm32h7xx_hal_spi.c.obj
                0x08004e28                HAL_SPI_Init
 .text.SPI_GetPacketSize
                0x08005070       0x36 CMakeFiles/slave.dir/Drivers/STM32H7xx_HAL_Driver/Src/stm32h7xx_hal_spi.c.obj
 .text.HAL_UART_Init
                0x080050a6       0xa0 CMakeFiles/slave.dir/Drivers/STM32H7xx_HAL_Driver/Src/stm32h7xx_hal_uart.c.obj
                0x080050a6                HAL_UART_Init
 *fill*         0x08005146        0x2 
 .text.UART_SetConfig
                0x08005148      0xad0 CMakeFiles/slave.dir/Drivers/STM32H7xx_HAL_Driver/Src/stm32h7xx_hal_uart.c.obj
                0x08005148                UART_SetConfig
 .text.UART_AdvFeatureConfig
                0x08005c18      0x144 CMakeFiles/slave.dir/Drivers/STM32H7xx_HAL_Driver/Src/stm32h7xx_hal_uart.c.obj
                0x08005c18                UART_AdvFeatureConfig
 .text.UART_CheckIdleState
                0x08005d5c      0x154 CMakeFiles/slave.dir/Drivers/STM32H7xx_HAL_Driver/Src/stm32h7xx_hal_uart.c.obj
                0x08005d5c                UART_CheckIdleState
 .text.UART_WaitOnFlagUntilTimeout
                0x08005eb0       0xda CMakeFiles/slave.dir/Drivers/STM32H7xx_HAL_Driver/Src/stm32h7xx_hal_uart.c.obj
                0x08005eb0                UART_WaitOnFlagUntilTimeout
 *fill*         0x08005f8a        0x2 
 .text.UART_EndRxTransfer
                0x08005f8c       0xcc CMakeFiles/slave.dir/Drivers/STM32H7xx_HAL_Driver/Src/stm32h7xx_hal_uart.c.obj
 .text.HAL_UARTEx_DisableFifoMode
                0x08006058       0x72 CMakeFiles/slave.dir/Drivers/STM32H7xx_HAL_Driver/Src/stm32h7xx_hal_uart_ex.c.obj
                0x08006058                HAL_UARTEx_DisableFifoMode
 .text.HAL_UARTEx_SetTxFifoThreshold
                0x080060ca       0x7c CMakeFiles/slave.dir/Drivers/STM32H7xx_HAL_Driver/Src/stm32h7xx_hal_uart_ex.c.obj
                0x080060ca                HAL_UARTEx_SetTxFifoThreshold
 .text.HAL_UARTEx_SetRxFifoThreshold
                0x08006146       0x7c CMakeFiles/slave.dir/Drivers/STM32H7xx_HAL_Driver/Src/stm32h7xx_hal_uart_ex.c.obj
                0x08006146                HAL_UARTEx_SetRxFifoThreshold
 *fill*         0x080061c2        0x2 
 .text.UARTEx_SetNbDataToProcess
                0x080061c4       0x9c CMakeFiles/slave.dir/Drivers/STM32H7xx_HAL_Driver/Src/stm32h7xx_hal_uart_ex.c.obj
 .text.SystemInit
                0x08006260      0x110 CMakeFiles/slave.dir/Core/Src/system_stm32h7xx.c.obj
                0x08006260                SystemInit
 .text.Reset_Handler
                0x08006370       0x50 CMakeFiles/slave.dir/startup_stm32h753xx.s.obj
                0x08006370                Reset_Handler
 .text.Default_Handler
                0x080063c0        0x2 CMakeFiles/slave.dir/startup_stm32h753xx.s.obj
                0x080063c0                RTC_Alarm_IRQHandler
                0x080063c0                HASH_RNG_IRQHandler
                0x080063c0                EXTI2_IRQHandler
                0x080063c0                TIM8_CC_IRQHandler
                0x080063c0                HRTIM1_Master_IRQHandler
                0x080063c0                UART8_IRQHandler
                0x080063c0                SPI4_IRQHandler
                0x080063c0                TIM1_CC_IRQHandler
                0x080063c0                BDMA_Channel6_IRQHandler
                0x080063c0                DMA2_Stream5_IRQHandler
                0x080063c0                HRTIM1_FLT_IRQHandler
                0x080063c0                JPEG_IRQHandler
                0x080063c0                DMA1_Stream5_IRQHandler
                0x080063c0                BDMA_Channel1_IRQHandler
                0x080063c0                HRTIM1_TIMD_IRQHandler
                0x080063c0                TAMP_STAMP_IRQHandler
                0x080063c0                EXTI3_IRQHandler
                0x080063c0                LPTIM4_IRQHandler
                0x080063c0                TIM8_TRG_COM_TIM14_IRQHandler
                0x080063c0                LPTIM2_IRQHandler
                0x080063c0                DFSDM1_FLT1_IRQHandler
                0x080063c0                DMAMUX2_OVR_IRQHandler
                0x080063c0                TIM8_UP_TIM13_IRQHandler
                0x080063c0                I2C3_ER_IRQHandler
                0x080063c0                DFSDM1_FLT2_IRQHandler
                0x080063c0                MDMA_IRQHandler
                0x080063c0                LPTIM3_IRQHandler
                0x080063c0                HSEM1_IRQHandler
                0x080063c0                EXTI0_IRQHandler
                0x080063c0                I2C2_EV_IRQHandler
                0x080063c0                DMA1_Stream2_IRQHandler
                0x080063c0                FPU_IRQHandler
                0x080063c0                OTG_HS_WKUP_IRQHandler
                0x080063c0                FDCAN1_IT1_IRQHandler
                0x080063c0                LTDC_ER_IRQHandler
                0x080063c0                DMA2_Stream2_IRQHandler
                0x080063c0                HRTIM1_TIME_IRQHandler
                0x080063c0                SPI1_IRQHandler
                0x080063c0                TIM6_DAC_IRQHandler
                0x080063c0                DCMI_IRQHandler
                0x080063c0                HRTIM1_TIMC_IRQHandler
                0x080063c0                DMA2_Stream3_IRQHandler
                0x080063c0                SAI2_IRQHandler
                0x080063c0                DFSDM1_FLT3_IRQHandler
                0x080063c0                USART6_IRQHandler
                0x080063c0                TIM17_IRQHandler
                0x080063c0                USART3_IRQHandler
                0x080063c0                BDMA_Channel7_IRQHandler
                0x080063c0                CRYP_IRQHandler
                0x080063c0                LPTIM5_IRQHandler
                0x080063c0                UART5_IRQHandler
                0x080063c0                ADC3_IRQHandler
                0x080063c0                DMA2_Stream0_IRQHandler
                0x080063c0                TIM4_IRQHandler
                0x080063c0                BDMA_Channel2_IRQHandler
                0x080063c0                QUADSPI_IRQHandler
                0x080063c0                I2C1_EV_IRQHandler
                0x080063c0                DMA1_Stream6_IRQHandler
                0x080063c0                DMAMUX1_OVR_IRQHandler
                0x080063c0                DMA1_Stream1_IRQHandler
                0x080063c0                TIM16_IRQHandler
                0x080063c0                UART4_IRQHandler
                0x080063c0                BDMA_Channel5_IRQHandler
                0x080063c0                TIM3_IRQHandler
                0x080063c0                RCC_IRQHandler
                0x080063c0                TIM8_BRK_TIM12_IRQHandler
                0x080063c0                TIM1_TRG_COM_IRQHandler
                0x080063c0                Default_Handler
                0x080063c0                ECC_IRQHandler
                0x080063c0                CEC_IRQHandler
                0x080063c0                EXTI15_10_IRQHandler
                0x080063c0                BDMA_Channel0_IRQHandler
                0x080063c0                ADC_IRQHandler
                0x080063c0                DMA1_Stream7_IRQHandler
                0x080063c0                HRTIM1_TIMA_IRQHandler
                0x080063c0                SPI5_IRQHandler
                0x080063c0                TIM7_IRQHandler
                0x080063c0                SDMMC1_IRQHandler
                0x080063c0                TIM5_IRQHandler
                0x080063c0                DMA2_Stream7_IRQHandler
                0x080063c0                TIM15_IRQHandler
                0x080063c0                PVD_AVD_IRQHandler
                0x080063c0                I2C3_EV_IRQHandler
                0x080063c0                EXTI9_5_IRQHandler
                0x080063c0                RTC_WKUP_IRQHandler
                0x080063c0                LTDC_IRQHandler
                0x080063c0                SAI3_IRQHandler
                0x080063c0                ETH_WKUP_IRQHandler
                0x080063c0                SPDIF_RX_IRQHandler
                0x080063c0                SPI2_IRQHandler
                0x080063c0                OTG_HS_EP1_IN_IRQHandler
                0x080063c0                DMA1_Stream0_IRQHandler
                0x080063c0                CRS_IRQHandler
                0x080063c0                EXTI4_IRQHandler
                0x080063c0                HRTIM1_TIMB_IRQHandler
                0x080063c0                FDCAN2_IT1_IRQHandler
                0x080063c0                ETH_IRQHandler
                0x080063c0                TIM1_UP_IRQHandler
                0x080063c0                BDMA_Channel4_IRQHandler
                0x080063c0                OTG_HS_EP1_OUT_IRQHandler
                0x080063c0                WWDG_IRQHandler
                0x080063c0                SPI6_IRQHandler
                0x080063c0                MDIOS_IRQHandler
                0x080063c0                I2C4_EV_IRQHandler
                0x080063c0                FDCAN2_IT0_IRQHandler
                0x080063c0                LPUART1_IRQHandler
                0x080063c0                FDCAN1_IT0_IRQHandler
                0x080063c0                TIM2_IRQHandler
                0x080063c0                OTG_FS_WKUP_IRQHandler
                0x080063c0                OTG_HS_IRQHandler
                0x080063c0                DMA2D_IRQHandler
                0x080063c0                TIM1_BRK_IRQHandler
                0x080063c0                EXTI1_IRQHandler
                0x080063c0                SDMMC2_IRQHandler
                0x080063c0                OTG_FS_EP1_OUT_IRQHandler
                0x080063c0                BDMA_Channel3_IRQHandler
                0x080063c0                UART7_IRQHandler
                0x080063c0                MDIOS_WKUP_IRQHandler
                0x080063c0                USART2_IRQHandler
                0x080063c0                DFSDM1_FLT0_IRQHandler
                0x080063c0                SAI4_IRQHandler
                0x080063c0                I2C2_ER_IRQHandler
                0x080063c0                DMA2_Stream1_IRQHandler
                0x080063c0                FLASH_IRQHandler
                0x080063c0                DMA2_Stream4_IRQHandler
                0x080063c0                USART1_IRQHandler
                0x080063c0                OTG_FS_IRQHandler
                0x080063c0                SPI3_IRQHandler
                0x080063c0                WAKEUP_PIN_IRQHandler
                0x080063c0                DMA1_Stream4_IRQHandler
                0x080063c0                OTG_FS_EP1_IN_IRQHandler
                0x080063c0                I2C1_ER_IRQHandler
                0x080063c0                FMC_IRQHandler
                0x080063c0                FDCAN_CAL_IRQHandler
                0x080063c0                SWPMI1_IRQHandler
                0x080063c0                COMP1_IRQHandler
                0x080063c0                LPTIM1_IRQHandler
                0x080063c0                I2C4_ER_IRQHandler
                0x080063c0                DMA2_Stream6_IRQHandler
                0x080063c0                SAI1_IRQHandler
                0x080063c0                DMA1_Stream3_IRQHandler
 .text.memcpy   0x080063c2       0x1c /opt/st/stm32cubeclt_1.16.0/GNU-tools-for-STM32/bin/../lib/gcc/arm-none-eabi/12.3.1/../../../../arm-none-eabi/lib/thumb/v7e-m+dp/hard/libg_nano.a(libc_a-memcpy-stub.o)
                0x080063c2                memcpy
 *(.glue_7)
 .glue_7        0x080063de        0x0 linker stubs
 *(.glue_7t)
 .glue_7t       0x080063de        0x0 linker stubs
 *(.eh_frame)
 *fill*         0x080063de        0x2 
 .eh_frame      0x080063e0        0x0 /opt/st/stm32cubeclt_1.16.0/GNU-tools-for-STM32/bin/../lib/gcc/arm-none-eabi/12.3.1/thumb/v7e-m+dp/hard/crtbegin.o
 *(.init)
 .init          0x080063e0        0x4 /opt/st/stm32cubeclt_1.16.0/GNU-tools-for-STM32/bin/../lib/gcc/arm-none-eabi/12.3.1/thumb/v7e-m+dp/hard/crti.o
                0x080063e0                _init
 .init          0x080063e4        0x8 /opt/st/stm32cubeclt_1.16.0/GNU-tools-for-STM32/bin/../lib/gcc/arm-none-eabi/12.3.1/thumb/v7e-m+dp/hard/crtn.o
 *(.fini)
 .fini          0x080063ec        0x4 /opt/st/stm32cubeclt_1.16.0/GNU-tools-for-STM32/bin/../lib/gcc/arm-none-eabi/12.3.1/thumb/v7e-m+dp/hard/crti.o
                0x080063ec                _fini
 .fini          0x080063f0        0x8 /opt/st/stm32cubeclt_1.16.0/GNU-tools-for-STM32/bin/../lib/gcc/arm-none-eabi/12.3.1/thumb/v7e-m+dp/hard/crtn.o
                0x080063f8                        . = ALIGN (0x4)
                0x080063f8                        _etext = .

.vfp11_veneer   0x080063f8        0x0
 .vfp11_veneer  0x080063f8        0x0 linker stubs

.v4_bx          0x080063f8        0x0
 .v4_bx         0x080063f8        0x0 linker stubs

.iplt           0x080063f8        0x0
 .iplt          0x080063f8        0x0 /opt/st/stm32cubeclt_1.16.0/GNU-tools-for-STM32/bin/../lib/gcc/arm-none-eabi/12.3.1/thumb/v7e-m+dp/hard/crtbegin.o

.rodata         0x080063f8       0x84
                0x080063f8                        . = ALIGN (0x4)
 *(.rodata)
 .rodata        0x080063f8       0x4c CMakeFiles/slave.dir/Drivers/STM32H7xx_HAL_Driver/Src/stm32h7xx_hal_fdcan.c.obj
 *(.rodata*)
 .rodata.UARTPrescTable
                0x08006444       0x18 CMakeFiles/slave.dir/Drivers/STM32H7xx_HAL_Driver/Src/stm32h7xx_hal_uart.c.obj
                0x08006444                UARTPrescTable
 .rodata.numerator.1
                0x0800645c        0x8 CMakeFiles/slave.dir/Drivers/STM32H7xx_HAL_Driver/Src/stm32h7xx_hal_uart_ex.c.obj
 .rodata.denominator.0
                0x08006464        0x8 CMakeFiles/slave.dir/Drivers/STM32H7xx_HAL_Driver/Src/stm32h7xx_hal_uart_ex.c.obj
 .rodata.D1CorePrescTable
                0x0800646c       0x10 CMakeFiles/slave.dir/Core/Src/system_stm32h7xx.c.obj
                0x0800646c                D1CorePrescTable
                0x0800647c                        . = ALIGN (0x4)

.ARM.extab
 *(.ARM.extab* .gnu.linkonce.armextab.*)

.ARM            0x0800647c        0x8
                0x0800647c                        __exidx_start = .
 *(.ARM.exidx*)
 .ARM.exidx     0x0800647c        0x8 /opt/st/stm32cubeclt_1.16.0/GNU-tools-for-STM32/bin/../lib/gcc/arm-none-eabi/12.3.1/thumb/v7e-m+dp/hard/libgcc.a(_udivmoddi4.o)
                0x08006484                        __exidx_end = .

.rel.dyn        0x08006484        0x0
 .rel.iplt      0x08006484        0x0 /opt/st/stm32cubeclt_1.16.0/GNU-tools-for-STM32/bin/../lib/gcc/arm-none-eabi/12.3.1/thumb/v7e-m+dp/hard/crtbegin.o

.preinit_array  0x08006484        0x0
                0x08006484                        PROVIDE (__preinit_array_start = .)
 *(.preinit_array*)
                0x08006484                        PROVIDE (__preinit_array_end = .)

.init_array     0x08006484        0x4
                0x08006484                        PROVIDE (__init_array_start = .)
 *(SORT_BY_NAME(.init_array.*))
 *(.init_array*)
 .init_array    0x08006484        0x4 /opt/st/stm32cubeclt_1.16.0/GNU-tools-for-STM32/bin/../lib/gcc/arm-none-eabi/12.3.1/thumb/v7e-m+dp/hard/crtbegin.o
                0x08006488                        PROVIDE (__init_array_end = .)

.fini_array     0x08006488        0x4
                [!provide]                        PROVIDE (__fini_array_start = .)
 *(SORT_BY_NAME(.fini_array.*))
 *(.fini_array*)
 .fini_array    0x08006488        0x4 /opt/st/stm32cubeclt_1.16.0/GNU-tools-for-STM32/bin/../lib/gcc/arm-none-eabi/12.3.1/thumb/v7e-m+dp/hard/crtbegin.o
                [!provide]                        PROVIDE (__fini_array_end = .)
                0x0800648c                        _sidata = LOADADDR (.data)

.data           0x20000000       0x10 load address 0x0800648c
                0x20000000                        . = ALIGN (0x4)
                0x20000000                        _sdata = .
 *(.data)
 *(.data*)
 .data.uwTickPrio
                0x20000000        0x4 CMakeFiles/slave.dir/Drivers/STM32H7xx_HAL_Driver/Src/stm32h7xx_hal.c.obj
                0x20000000                uwTickPrio
 .data.uwTickFreq
                0x20000004        0x1 CMakeFiles/slave.dir/Drivers/STM32H7xx_HAL_Driver/Src/stm32h7xx_hal.c.obj
                0x20000004                uwTickFreq
 *fill*         0x20000005        0x3 
 .data.SystemCoreClock
                0x20000008        0x4 CMakeFiles/slave.dir/Core/Src/system_stm32h7xx.c.obj
                0x20000008                SystemCoreClock
 .data.SystemD2Clock
                0x2000000c        0x4 CMakeFiles/slave.dir/Core/Src/system_stm32h7xx.c.obj
                0x2000000c                SystemD2Clock
                0x20000010                        . = ALIGN (0x4)
                0x20000010                        _edata = .

.igot.plt       0x20000010        0x0 load address 0x0800649c
 .igot.plt      0x20000010        0x0 /opt/st/stm32cubeclt_1.16.0/GNU-tools-for-STM32/bin/../lib/gcc/arm-none-eabi/12.3.1/thumb/v7e-m+dp/hard/crtbegin.o
                0x20000010                        . = ALIGN (0x4)

.bss            0x20000010      0x43c load address 0x0800649c
                0x20000010                        _sbss = .
                0x20000010                        __bss_start__ = _sbss
 *(.bss)
 .bss           0x20000010       0x1c /opt/st/stm32cubeclt_1.16.0/GNU-tools-for-STM32/bin/../lib/gcc/arm-none-eabi/12.3.1/thumb/v7e-m+dp/hard/crtbegin.o
 *(.bss*)
 .bss.hfdcan1   0x2000002c       0xa0 CMakeFiles/slave.dir/Core/Src/main.c.obj
                0x2000002c                hfdcan1
 .bss.hfdcan2   0x200000cc       0xa0 CMakeFiles/slave.dir/Core/Src/main.c.obj
                0x200000cc                hfdcan2
 .bss.hspi1     0x2000016c       0x88 CMakeFiles/slave.dir/Core/Src/main.c.obj
                0x2000016c                hspi1
 .bss.huart4    0x200001f4       0x94 CMakeFiles/slave.dir/Core/Src/main.c.obj
                0x200001f4                huart4
 .bss.huart5    0x20000288       0x94 CMakeFiles/slave.dir/Core/Src/main.c.obj
                0x20000288                huart5
 .bss.huart1    0x2000031c       0x94 CMakeFiles/slave.dir/Core/Src/main.c.obj
                0x2000031c                huart1
 .bss.huart3    0x200003b0       0x94 CMakeFiles/slave.dir/Core/Src/main.c.obj
                0x200003b0                huart3
 .bss.HAL_RCC_FDCAN_CLK_ENABLED
                0x20000444        0x4 CMakeFiles/slave.dir/Core/Src/stm32h7xx_hal_msp.c.obj
 .bss.uwTick    0x20000448        0x4 CMakeFiles/slave.dir/Drivers/STM32H7xx_HAL_Driver/Src/stm32h7xx_hal.c.obj
                0x20000448                uwTick
 *(COMMON)
                0x2000044c                        . = ALIGN (0x4)
                0x2000044c                        _ebss = .
                0x2000044c                        __bss_end__ = _ebss

._user_heap_stack
                0x2000044c      0x604 load address 0x0800649c
                0x20000450                        . = ALIGN (0x8)
 *fill*         0x2000044c        0x4 
                [!provide]                        PROVIDE (end = .)
                0x20000450                        PROVIDE (_end = .)
                0x20000650                        . = (. + _Min_Heap_Size)
 *fill*         0x20000450      0x200 
                0x20000a50                        . = (. + _Min_Stack_Size)
 *fill*         0x20000650      0x400 
                0x20000a50                        . = ALIGN (0x8)

/DISCARD/
 libc.a(*)
 libm.a(*)
 libgcc.a(*)

.ARM.attributes
                0x00000000       0x2e
 *(.ARM.attributes)
 .ARM.attributes
                0x00000000       0x20 /opt/st/stm32cubeclt_1.16.0/GNU-tools-for-STM32/bin/../lib/gcc/arm-none-eabi/12.3.1/thumb/v7e-m+dp/hard/crti.o
 .ARM.attributes
                0x00000020       0x32 /opt/st/stm32cubeclt_1.16.0/GNU-tools-for-STM32/bin/../lib/gcc/arm-none-eabi/12.3.1/thumb/v7e-m+dp/hard/crtbegin.o
 .ARM.attributes
                0x00000052       0x32 /opt/st/stm32cubeclt_1.16.0/GNU-tools-for-STM32/bin/../lib/gcc/arm-none-eabi/12.3.1/../../../../arm-none-eabi/lib/thumb/v7e-m+dp/hard/libc_nano.a(libc_a-memset.o)
 .ARM.attributes
                0x00000084       0x32 /opt/st/stm32cubeclt_1.16.0/GNU-tools-for-STM32/bin/../lib/gcc/arm-none-eabi/12.3.1/../../../../arm-none-eabi/lib/thumb/v7e-m+dp/hard/libc_nano.a(libc_a-init.o)
 .ARM.attributes
                0x000000b6       0x32 CMakeFiles/slave.dir/Core/Src/main.c.obj
 .ARM.attributes
                0x000000e8       0x32 CMakeFiles/slave.dir/Core/Src/stm32h7xx_it.c.obj
 .ARM.attributes
                0x0000011a       0x32 CMakeFiles/slave.dir/Core/Src/stm32h7xx_hal_msp.c.obj
 .ARM.attributes
                0x0000014c       0x32 CMakeFiles/slave.dir/Drivers/STM32H7xx_HAL_Driver/Src/stm32h7xx_hal_cortex.c.obj
 .ARM.attributes
                0x0000017e       0x32 CMakeFiles/slave.dir/Drivers/STM32H7xx_HAL_Driver/Src/stm32h7xx_hal_rcc.c.obj
 .ARM.attributes
                0x000001b0       0x32 CMakeFiles/slave.dir/Drivers/STM32H7xx_HAL_Driver/Src/stm32h7xx_hal_rcc_ex.c.obj
 .ARM.attributes
                0x000001e2       0x32 CMakeFiles/slave.dir/Drivers/STM32H7xx_HAL_Driver/Src/stm32h7xx_hal_gpio.c.obj
 .ARM.attributes
                0x00000214       0x32 CMakeFiles/slave.dir/Drivers/STM32H7xx_HAL_Driver/Src/stm32h7xx_hal_pwr_ex.c.obj
 .ARM.attributes
                0x00000246       0x32 CMakeFiles/slave.dir/Drivers/STM32H7xx_HAL_Driver/Src/stm32h7xx_hal.c.obj
 .ARM.attributes
                0x00000278       0x32 CMakeFiles/slave.dir/Drivers/STM32H7xx_HAL_Driver/Src/stm32h7xx_hal_fdcan.c.obj
 .ARM.attributes
                0x000002aa       0x32 CMakeFiles/slave.dir/Drivers/STM32H7xx_HAL_Driver/Src/stm32h7xx_hal_spi.c.obj
 .ARM.attributes
                0x000002dc       0x32 CMakeFiles/slave.dir/Drivers/STM32H7xx_HAL_Driver/Src/stm32h7xx_hal_uart.c.obj
 .ARM.attributes
                0x0000030e       0x32 CMakeFiles/slave.dir/Drivers/STM32H7xx_HAL_Driver/Src/stm32h7xx_hal_uart_ex.c.obj
 .ARM.attributes
                0x00000340       0x32 CMakeFiles/slave.dir/Core/Src/system_stm32h7xx.c.obj
 .ARM.attributes
                0x00000372       0x21 CMakeFiles/slave.dir/startup_stm32h753xx.s.obj
 .ARM.attributes
                0x00000393       0x20 /opt/st/stm32cubeclt_1.16.0/GNU-tools-for-STM32/bin/../lib/gcc/arm-none-eabi/12.3.1/thumb/v7e-m+dp/hard/libgcc.a(_aeabi_uldivmod.o)
 .ARM.attributes
                0x000003b3       0x32 /opt/st/stm32cubeclt_1.16.0/GNU-tools-for-STM32/bin/../lib/gcc/arm-none-eabi/12.3.1/thumb/v7e-m+dp/hard/libgcc.a(_udivmoddi4.o)
 .ARM.attributes
                0x000003e5       0x20 /opt/st/stm32cubeclt_1.16.0/GNU-tools-for-STM32/bin/../lib/gcc/arm-none-eabi/12.3.1/thumb/v7e-m+dp/hard/libgcc.a(_dvmd_tls.o)
 .ARM.attributes
                0x00000405       0x32 /opt/st/stm32cubeclt_1.16.0/GNU-tools-for-STM32/bin/../lib/gcc/arm-none-eabi/12.3.1/../../../../arm-none-eabi/lib/thumb/v7e-m+dp/hard/libg_nano.a(libc_a-memcpy-stub.o)
 .ARM.attributes
                0x00000437       0x20 /opt/st/stm32cubeclt_1.16.0/GNU-tools-for-STM32/bin/../lib/gcc/arm-none-eabi/12.3.1/thumb/v7e-m+dp/hard/crtn.o
OUTPUT(slave.elf elf32-littlearm)
LOAD linker stubs
LOAD /opt/st/stm32cubeclt_1.16.0/GNU-tools-for-STM32/bin/../lib/gcc/arm-none-eabi/12.3.1/../../../../arm-none-eabi/lib/thumb/v7e-m+dp/hard/libc.a
LOAD /opt/st/stm32cubeclt_1.16.0/GNU-tools-for-STM32/bin/../lib/gcc/arm-none-eabi/12.3.1/../../../../arm-none-eabi/lib/thumb/v7e-m+dp/hard/libm.a
LOAD /opt/st/stm32cubeclt_1.16.0/GNU-tools-for-STM32/bin/../lib/gcc/arm-none-eabi/12.3.1/thumb/v7e-m+dp/hard/libgcc.a

.debug_frame    0x00000000     0x41e8
 .debug_frame   0x00000000       0x20 /opt/st/stm32cubeclt_1.16.0/GNU-tools-for-STM32/bin/../lib/gcc/arm-none-eabi/12.3.1/../../../../arm-none-eabi/lib/thumb/v7e-m+dp/hard/libc_nano.a(libc_a-memset.o)
 .debug_frame   0x00000020       0x2c /opt/st/stm32cubeclt_1.16.0/GNU-tools-for-STM32/bin/../lib/gcc/arm-none-eabi/12.3.1/../../../../arm-none-eabi/lib/thumb/v7e-m+dp/hard/libc_nano.a(libc_a-init.o)
 .debug_frame   0x0000004c      0x19c CMakeFiles/slave.dir/Core/Src/main.c.obj
 .debug_frame   0x000001e8      0x104 CMakeFiles/slave.dir/Core/Src/stm32h7xx_it.c.obj
 .debug_frame   0x000002ec      0x114 CMakeFiles/slave.dir/Core/Src/stm32h7xx_hal_msp.c.obj
 .debug_frame   0x00000400      0x508 CMakeFiles/slave.dir/Drivers/STM32H7xx_HAL_Driver/Src/stm32h7xx_hal_cortex.c.obj
 .debug_frame   0x00000908      0x1f8 CMakeFiles/slave.dir/Drivers/STM32H7xx_HAL_Driver/Src/stm32h7xx_hal_rcc.c.obj
 .debug_frame   0x00000b00      0x414 CMakeFiles/slave.dir/Drivers/STM32H7xx_HAL_Driver/Src/stm32h7xx_hal_rcc_ex.c.obj
 .debug_frame   0x00000f14      0x14c CMakeFiles/slave.dir/Drivers/STM32H7xx_HAL_Driver/Src/stm32h7xx_hal_gpio.c.obj
 .debug_frame   0x00001060      0x580 CMakeFiles/slave.dir/Drivers/STM32H7xx_HAL_Driver/Src/stm32h7xx_hal_pwr_ex.c.obj
 .debug_frame   0x000015e0      0x690 CMakeFiles/slave.dir/Drivers/STM32H7xx_HAL_Driver/Src/stm32h7xx_hal.c.obj
 .debug_frame   0x00001c70      0xf9c CMakeFiles/slave.dir/Drivers/STM32H7xx_HAL_Driver/Src/stm32h7xx_hal_fdcan.c.obj
 .debug_frame   0x00002c0c      0x7a8 CMakeFiles/slave.dir/Drivers/STM32H7xx_HAL_Driver/Src/stm32h7xx_hal_spi.c.obj
 .debug_frame   0x000033b4      0xa94 CMakeFiles/slave.dir/Drivers/STM32H7xx_HAL_Driver/Src/stm32h7xx_hal_uart.c.obj
 .debug_frame   0x00003e48      0x2c0 CMakeFiles/slave.dir/Drivers/STM32H7xx_HAL_Driver/Src/stm32h7xx_hal_uart_ex.c.obj
 .debug_frame   0x00004108       0x58 CMakeFiles/slave.dir/Core/Src/system_stm32h7xx.c.obj
 .debug_frame   0x00004160       0x2c /opt/st/stm32cubeclt_1.16.0/GNU-tools-for-STM32/bin/../lib/gcc/arm-none-eabi/12.3.1/thumb/v7e-m+dp/hard/libgcc.a(_aeabi_uldivmod.o)
 .debug_frame   0x0000418c       0x34 /opt/st/stm32cubeclt_1.16.0/GNU-tools-for-STM32/bin/../lib/gcc/arm-none-eabi/12.3.1/thumb/v7e-m+dp/hard/libgcc.a(_udivmoddi4.o)
 .debug_frame   0x000041c0       0x28 /opt/st/stm32cubeclt_1.16.0/GNU-tools-for-STM32/bin/../lib/gcc/arm-none-eabi/12.3.1/../../../../arm-none-eabi/lib/thumb/v7e-m+dp/hard/libg_nano.a(libc_a-memcpy-stub.o)

.debug_info     0x00000000    0x14db5
 .debug_info    0x00000000     0x2360 CMakeFiles/slave.dir/Core/Src/main.c.obj
 .debug_info    0x00002360      0x128 CMakeFiles/slave.dir/Core/Src/stm32h7xx_it.c.obj
 .debug_info    0x00002488     0x1d75 CMakeFiles/slave.dir/Core/Src/stm32h7xx_hal_msp.c.obj
 .debug_info    0x000041fd     0x10b2 CMakeFiles/slave.dir/Drivers/STM32H7xx_HAL_Driver/Src/stm32h7xx_hal_cortex.c.obj
 .debug_info    0x000052af      0xe5b CMakeFiles/slave.dir/Drivers/STM32H7xx_HAL_Driver/Src/stm32h7xx_hal_rcc.c.obj
 .debug_info    0x0000610a     0x1216 CMakeFiles/slave.dir/Drivers/STM32H7xx_HAL_Driver/Src/stm32h7xx_hal_rcc_ex.c.obj
 .debug_info    0x00007320      0xc4b CMakeFiles/slave.dir/Drivers/STM32H7xx_HAL_Driver/Src/stm32h7xx_hal_gpio.c.obj
 .debug_info    0x00007f6b     0x1008 CMakeFiles/slave.dir/Drivers/STM32H7xx_HAL_Driver/Src/stm32h7xx_hal_pwr_ex.c.obj
 .debug_info    0x00008f73     0x1541 CMakeFiles/slave.dir/Drivers/STM32H7xx_HAL_Driver/Src/stm32h7xx_hal.c.obj
 .debug_info    0x0000a4b4     0x2baf CMakeFiles/slave.dir/Drivers/STM32H7xx_HAL_Driver/Src/stm32h7xx_hal_fdcan.c.obj
 .debug_info    0x0000d063     0x1440 CMakeFiles/slave.dir/Drivers/STM32H7xx_HAL_Driver/Src/stm32h7xx_hal_spi.c.obj
 .debug_info    0x0000e4a3     0x4b13 CMakeFiles/slave.dir/Drivers/STM32H7xx_HAL_Driver/Src/stm32h7xx_hal_uart.c.obj
 .debug_info    0x00012fb6      0xfbf CMakeFiles/slave.dir/Drivers/STM32H7xx_HAL_Driver/Src/stm32h7xx_hal_uart_ex.c.obj
 .debug_info    0x00013f75      0xcef CMakeFiles/slave.dir/Core/Src/system_stm32h7xx.c.obj
 .debug_info    0x00014c64       0x30 CMakeFiles/slave.dir/startup_stm32h753xx.s.obj
 .debug_info    0x00014c94      0x121 /opt/st/stm32cubeclt_1.16.0/GNU-tools-for-STM32/bin/../lib/gcc/arm-none-eabi/12.3.1/../../../../arm-none-eabi/lib/thumb/v7e-m+dp/hard/libg_nano.a(libc_a-memcpy-stub.o)

.debug_abbrev   0x00000000     0x22be
 .debug_abbrev  0x00000000      0x2e6 CMakeFiles/slave.dir/Core/Src/main.c.obj
 .debug_abbrev  0x000002e6       0x73 CMakeFiles/slave.dir/Core/Src/stm32h7xx_it.c.obj
 .debug_abbrev  0x00000359      0x248 CMakeFiles/slave.dir/Core/Src/stm32h7xx_hal_msp.c.obj
 .debug_abbrev  0x000005a1      0x339 CMakeFiles/slave.dir/Drivers/STM32H7xx_HAL_Driver/Src/stm32h7xx_hal_cortex.c.obj
 .debug_abbrev  0x000008da      0x2c8 CMakeFiles/slave.dir/Drivers/STM32H7xx_HAL_Driver/Src/stm32h7xx_hal_rcc.c.obj
 .debug_abbrev  0x00000ba2      0x269 CMakeFiles/slave.dir/Drivers/STM32H7xx_HAL_Driver/Src/stm32h7xx_hal_rcc_ex.c.obj
 .debug_abbrev  0x00000e0b      0x1fe CMakeFiles/slave.dir/Drivers/STM32H7xx_HAL_Driver/Src/stm32h7xx_hal_gpio.c.obj
 .debug_abbrev  0x00001009      0x2a7 CMakeFiles/slave.dir/Drivers/STM32H7xx_HAL_Driver/Src/stm32h7xx_hal_pwr_ex.c.obj
 .debug_abbrev  0x000012b0      0x295 CMakeFiles/slave.dir/Drivers/STM32H7xx_HAL_Driver/Src/stm32h7xx_hal.c.obj
 .debug_abbrev  0x00001545      0x288 CMakeFiles/slave.dir/Drivers/STM32H7xx_HAL_Driver/Src/stm32h7xx_hal_fdcan.c.obj
 .debug_abbrev  0x000017cd      0x2b1 CMakeFiles/slave.dir/Drivers/STM32H7xx_HAL_Driver/Src/stm32h7xx_hal_spi.c.obj
 .debug_abbrev  0x00001a7e      0x33d CMakeFiles/slave.dir/Drivers/STM32H7xx_HAL_Driver/Src/stm32h7xx_hal_uart.c.obj
 .debug_abbrev  0x00001dbb      0x2d2 CMakeFiles/slave.dir/Drivers/STM32H7xx_HAL_Driver/Src/stm32h7xx_hal_uart_ex.c.obj
 .debug_abbrev  0x0000208d      0x14c CMakeFiles/slave.dir/Core/Src/system_stm32h7xx.c.obj
 .debug_abbrev  0x000021d9       0x24 CMakeFiles/slave.dir/startup_stm32h753xx.s.obj
 .debug_abbrev  0x000021fd       0xc1 /opt/st/stm32cubeclt_1.16.0/GNU-tools-for-STM32/bin/../lib/gcc/arm-none-eabi/12.3.1/../../../../arm-none-eabi/lib/thumb/v7e-m+dp/hard/libg_nano.a(libc_a-memcpy-stub.o)

.debug_aranges  0x00000000      0xf68
 .debug_aranges
                0x00000000       0x80 CMakeFiles/slave.dir/Core/Src/main.c.obj
 .debug_aranges
                0x00000080       0x60 CMakeFiles/slave.dir/Core/Src/stm32h7xx_it.c.obj
 .debug_aranges
                0x000000e0       0x50 CMakeFiles/slave.dir/Core/Src/stm32h7xx_hal_msp.c.obj
 .debug_aranges
                0x00000130      0x130 CMakeFiles/slave.dir/Drivers/STM32H7xx_HAL_Driver/Src/stm32h7xx_hal_cortex.c.obj
 .debug_aranges
                0x00000260       0x88 CMakeFiles/slave.dir/Drivers/STM32H7xx_HAL_Driver/Src/stm32h7xx_hal_rcc.c.obj
 .debug_aranges
                0x000002e8       0xf8 CMakeFiles/slave.dir/Drivers/STM32H7xx_HAL_Driver/Src/stm32h7xx_hal_rcc_ex.c.obj
 .debug_aranges
                0x000003e0       0x58 CMakeFiles/slave.dir/Drivers/STM32H7xx_HAL_Driver/Src/stm32h7xx_hal_gpio.c.obj
 .debug_aranges
                0x00000438      0x158 CMakeFiles/slave.dir/Drivers/STM32H7xx_HAL_Driver/Src/stm32h7xx_hal_pwr_ex.c.obj
 .debug_aranges
                0x00000590      0x198 CMakeFiles/slave.dir/Drivers/STM32H7xx_HAL_Driver/Src/stm32h7xx_hal.c.obj
 .debug_aranges
                0x00000728      0x338 CMakeFiles/slave.dir/Drivers/STM32H7xx_HAL_Driver/Src/stm32h7xx_hal_fdcan.c.obj
 .debug_aranges
                0x00000a60      0x1a8 CMakeFiles/slave.dir/Drivers/STM32H7xx_HAL_Driver/Src/stm32h7xx_hal_spi.c.obj
 .debug_aranges
                0x00000c08      0x248 CMakeFiles/slave.dir/Drivers/STM32H7xx_HAL_Driver/Src/stm32h7xx_hal_uart.c.obj
 .debug_aranges
                0x00000e50       0xa8 CMakeFiles/slave.dir/Drivers/STM32H7xx_HAL_Driver/Src/stm32h7xx_hal_uart_ex.c.obj
 .debug_aranges
                0x00000ef8       0x28 CMakeFiles/slave.dir/Core/Src/system_stm32h7xx.c.obj
 .debug_aranges
                0x00000f20       0x28 CMakeFiles/slave.dir/startup_stm32h753xx.s.obj
 .debug_aranges
                0x00000f48       0x20 /opt/st/stm32cubeclt_1.16.0/GNU-tools-for-STM32/bin/../lib/gcc/arm-none-eabi/12.3.1/../../../../arm-none-eabi/lib/thumb/v7e-m+dp/hard/libg_nano.a(libc_a-memcpy-stub.o)

.debug_rnglists
                0x00000000      0xbf2
 .debug_rnglists
                0x00000000       0x65 CMakeFiles/slave.dir/Core/Src/main.c.obj
 .debug_rnglists
                0x00000065       0x43 CMakeFiles/slave.dir/Core/Src/stm32h7xx_it.c.obj
 .debug_rnglists
                0x000000a8       0x3c CMakeFiles/slave.dir/Core/Src/stm32h7xx_hal_msp.c.obj
 .debug_rnglists
                0x000000e4       0xe0 CMakeFiles/slave.dir/Drivers/STM32H7xx_HAL_Driver/Src/stm32h7xx_hal_cortex.c.obj
 .debug_rnglists
                0x000001c4       0x68 CMakeFiles/slave.dir/Drivers/STM32H7xx_HAL_Driver/Src/stm32h7xx_hal_rcc.c.obj
 .debug_rnglists
                0x0000022c       0xc0 CMakeFiles/slave.dir/Drivers/STM32H7xx_HAL_Driver/Src/stm32h7xx_hal_rcc_ex.c.obj
 .debug_rnglists
                0x000002ec       0x3f CMakeFiles/slave.dir/Drivers/STM32H7xx_HAL_Driver/Src/stm32h7xx_hal_gpio.c.obj
 .debug_rnglists
                0x0000032b      0x103 CMakeFiles/slave.dir/Drivers/STM32H7xx_HAL_Driver/Src/stm32h7xx_hal_pwr_ex.c.obj
 .debug_rnglists
                0x0000042e      0x131 CMakeFiles/slave.dir/Drivers/STM32H7xx_HAL_Driver/Src/stm32h7xx_hal.c.obj
 .debug_rnglists
                0x0000055f      0x28b CMakeFiles/slave.dir/Drivers/STM32H7xx_HAL_Driver/Src/stm32h7xx_hal_fdcan.c.obj
 .debug_rnglists
                0x000007ea      0x148 CMakeFiles/slave.dir/Drivers/STM32H7xx_HAL_Driver/Src/stm32h7xx_hal_spi.c.obj
 .debug_rnglists
                0x00000932      0x1fa CMakeFiles/slave.dir/Drivers/STM32H7xx_HAL_Driver/Src/stm32h7xx_hal_uart.c.obj
 .debug_rnglists
                0x00000b2c       0x7f CMakeFiles/slave.dir/Drivers/STM32H7xx_HAL_Driver/Src/stm32h7xx_hal_uart_ex.c.obj
 .debug_rnglists
                0x00000bab       0x1b CMakeFiles/slave.dir/Core/Src/system_stm32h7xx.c.obj
 .debug_rnglists
                0x00000bc6       0x19 CMakeFiles/slave.dir/startup_stm32h753xx.s.obj
 .debug_rnglists
                0x00000bdf       0x13 /opt/st/stm32cubeclt_1.16.0/GNU-tools-for-STM32/bin/../lib/gcc/arm-none-eabi/12.3.1/../../../../arm-none-eabi/lib/thumb/v7e-m+dp/hard/libg_nano.a(libc_a-memcpy-stub.o)

.debug_macro    0x00000000    0x377be
 .debug_macro   0x00000000      0x2b7 CMakeFiles/slave.dir/Core/Src/main.c.obj
 .debug_macro   0x000002b7      0xacc CMakeFiles/slave.dir/Core/Src/main.c.obj
 .debug_macro   0x00000d83      0x23e CMakeFiles/slave.dir/Core/Src/main.c.obj
 .debug_macro   0x00000fc1       0x2e CMakeFiles/slave.dir/Core/Src/main.c.obj
 .debug_macro   0x00000fef       0x3b CMakeFiles/slave.dir/Core/Src/main.c.obj
 .debug_macro   0x0000102a       0x22 CMakeFiles/slave.dir/Core/Src/main.c.obj
 .debug_macro   0x0000104c       0x8e CMakeFiles/slave.dir/Core/Src/main.c.obj
 .debug_macro   0x000010da       0x51 CMakeFiles/slave.dir/Core/Src/main.c.obj
 .debug_macro   0x0000112b      0x103 CMakeFiles/slave.dir/Core/Src/main.c.obj
 .debug_macro   0x0000122e       0x6a CMakeFiles/slave.dir/Core/Src/main.c.obj
 .debug_macro   0x00001298      0x1df CMakeFiles/slave.dir/Core/Src/main.c.obj
 .debug_macro   0x00001477       0x1c CMakeFiles/slave.dir/Core/Src/main.c.obj
 .debug_macro   0x00001493       0x22 CMakeFiles/slave.dir/Core/Src/main.c.obj
 .debug_macro   0x000014b5       0xfb CMakeFiles/slave.dir/Core/Src/main.c.obj
 .debug_macro   0x000015b0     0x1305 CMakeFiles/slave.dir/Core/Src/main.c.obj
 .debug_macro   0x000028b5      0x11f CMakeFiles/slave.dir/Core/Src/main.c.obj
 .debug_macro   0x000029d4       0x27 CMakeFiles/slave.dir/Core/Src/main.c.obj
 .debug_macro   0x000029fb    0x25f24 CMakeFiles/slave.dir/Core/Src/main.c.obj
 .debug_macro   0x0002891f       0x6d CMakeFiles/slave.dir/Core/Src/main.c.obj
 .debug_macro   0x0002898c     0x3d79 CMakeFiles/slave.dir/Core/Src/main.c.obj
 .debug_macro   0x0002c705      0x189 CMakeFiles/slave.dir/Core/Src/main.c.obj
 .debug_macro   0x0002c88e       0x74 CMakeFiles/slave.dir/Core/Src/main.c.obj
 .debug_macro   0x0002c902       0x29 CMakeFiles/slave.dir/Core/Src/main.c.obj
 .debug_macro   0x0002c92b       0x3c CMakeFiles/slave.dir/Core/Src/main.c.obj
 .debug_macro   0x0002c967       0x34 CMakeFiles/slave.dir/Core/Src/main.c.obj
 .debug_macro   0x0002c99b       0x16 CMakeFiles/slave.dir/Core/Src/main.c.obj
 .debug_macro   0x0002c9b1       0x43 CMakeFiles/slave.dir/Core/Src/main.c.obj
 .debug_macro   0x0002c9f4       0x34 CMakeFiles/slave.dir/Core/Src/main.c.obj
 .debug_macro   0x0002ca28       0x10 CMakeFiles/slave.dir/Core/Src/main.c.obj
 .debug_macro   0x0002ca38       0x58 CMakeFiles/slave.dir/Core/Src/main.c.obj
 .debug_macro   0x0002ca90      0x1de CMakeFiles/slave.dir/Core/Src/main.c.obj
 .debug_macro   0x0002cc6e      0x369 CMakeFiles/slave.dir/Core/Src/main.c.obj
 .debug_macro   0x0002cfd7      0x19b CMakeFiles/slave.dir/Core/Src/main.c.obj
 .debug_macro   0x0002d172       0x5d CMakeFiles/slave.dir/Core/Src/main.c.obj
 .debug_macro   0x0002d1cf     0x240e CMakeFiles/slave.dir/Core/Src/main.c.obj
 .debug_macro   0x0002f5dd     0x102c CMakeFiles/slave.dir/Core/Src/main.c.obj
 .debug_macro   0x00030609      0x154 CMakeFiles/slave.dir/Core/Src/main.c.obj
 .debug_macro   0x0003075d      0x114 CMakeFiles/slave.dir/Core/Src/main.c.obj
 .debug_macro   0x00030871      0x3b6 CMakeFiles/slave.dir/Core/Src/main.c.obj
 .debug_macro   0x00030c27       0xac CMakeFiles/slave.dir/Core/Src/main.c.obj
 .debug_macro   0x00030cd3      0x72d CMakeFiles/slave.dir/Core/Src/main.c.obj
 .debug_macro   0x00031400      0x228 CMakeFiles/slave.dir/Core/Src/main.c.obj
 .debug_macro   0x00031628       0x66 CMakeFiles/slave.dir/Core/Src/main.c.obj
 .debug_macro   0x0003168e      0x3bb CMakeFiles/slave.dir/Core/Src/main.c.obj
 .debug_macro   0x00031a49      0x3e4 CMakeFiles/slave.dir/Core/Src/main.c.obj
 .debug_macro   0x00031e2d      0x275 CMakeFiles/slave.dir/Core/Src/main.c.obj
 .debug_macro   0x000320a2      0xe42 CMakeFiles/slave.dir/Core/Src/main.c.obj
 .debug_macro   0x00032ee4      0x3ca CMakeFiles/slave.dir/Core/Src/main.c.obj
 .debug_macro   0x000332ae      0x408 CMakeFiles/slave.dir/Core/Src/main.c.obj
 .debug_macro   0x000336b6       0x51 CMakeFiles/slave.dir/Core/Src/main.c.obj
 .debug_macro   0x00033707       0x4a CMakeFiles/slave.dir/Core/Src/main.c.obj
 .debug_macro   0x00033751      0x22c CMakeFiles/slave.dir/Core/Src/main.c.obj
 .debug_macro   0x0003397d       0x67 CMakeFiles/slave.dir/Core/Src/main.c.obj
 .debug_macro   0x000339e4       0xa5 CMakeFiles/slave.dir/Core/Src/main.c.obj
 .debug_macro   0x00033a89      0x1c4 CMakeFiles/slave.dir/Core/Src/main.c.obj
 .debug_macro   0x00033c4d      0x25e CMakeFiles/slave.dir/Core/Src/main.c.obj
 .debug_macro   0x00033eab       0x35 CMakeFiles/slave.dir/Core/Src/main.c.obj
 .debug_macro   0x00033ee0      0x5e4 CMakeFiles/slave.dir/Core/Src/main.c.obj
 .debug_macro   0x000344c4       0xc1 CMakeFiles/slave.dir/Core/Src/main.c.obj
 .debug_macro   0x00034585      0x693 CMakeFiles/slave.dir/Core/Src/main.c.obj
 .debug_macro   0x00034c18       0xa6 CMakeFiles/slave.dir/Core/Src/main.c.obj
 .debug_macro   0x00034cbe      0x5a0 CMakeFiles/slave.dir/Core/Src/main.c.obj
 .debug_macro   0x0003525e      0x100 CMakeFiles/slave.dir/Core/Src/main.c.obj
 .debug_macro   0x0003535e      0x2c1 CMakeFiles/slave.dir/Core/Src/stm32h7xx_it.c.obj
 .debug_macro   0x0003561f      0x2b7 CMakeFiles/slave.dir/Core/Src/stm32h7xx_hal_msp.c.obj
 .debug_macro   0x000358d6      0x2a8 CMakeFiles/slave.dir/Drivers/STM32H7xx_HAL_Driver/Src/stm32h7xx_hal_cortex.c.obj
 .debug_macro   0x00035b7e      0x2cc CMakeFiles/slave.dir/Drivers/STM32H7xx_HAL_Driver/Src/stm32h7xx_hal_rcc.c.obj
 .debug_macro   0x00035e4a      0x2c6 CMakeFiles/slave.dir/Drivers/STM32H7xx_HAL_Driver/Src/stm32h7xx_hal_rcc_ex.c.obj
 .debug_macro   0x00036110      0x2af CMakeFiles/slave.dir/Drivers/STM32H7xx_HAL_Driver/Src/stm32h7xx_hal_gpio.c.obj
 .debug_macro   0x000363bf      0x2e1 CMakeFiles/slave.dir/Drivers/STM32H7xx_HAL_Driver/Src/stm32h7xx_hal_pwr_ex.c.obj
 .debug_macro   0x000366a0      0x2d2 CMakeFiles/slave.dir/Drivers/STM32H7xx_HAL_Driver/Src/stm32h7xx_hal.c.obj
 .debug_macro   0x00036972      0x36d CMakeFiles/slave.dir/Drivers/STM32H7xx_HAL_Driver/Src/stm32h7xx_hal_fdcan.c.obj
 .debug_macro   0x00036cdf      0x2b0 CMakeFiles/slave.dir/Drivers/STM32H7xx_HAL_Driver/Src/stm32h7xx_hal_spi.c.obj
 .debug_macro   0x00036f8f      0x2d3 CMakeFiles/slave.dir/Drivers/STM32H7xx_HAL_Driver/Src/stm32h7xx_hal_uart.c.obj
 .debug_macro   0x00037262      0x2b4 CMakeFiles/slave.dir/Drivers/STM32H7xx_HAL_Driver/Src/stm32h7xx_hal_uart_ex.c.obj
 .debug_macro   0x00037516      0x2a8 CMakeFiles/slave.dir/Core/Src/system_stm32h7xx.c.obj

.debug_line     0x00000000    0x12887
 .debug_line    0x00000000      0xbf3 CMakeFiles/slave.dir/Core/Src/main.c.obj
 .debug_line    0x00000bf3      0x8ab CMakeFiles/slave.dir/Core/Src/stm32h7xx_it.c.obj
 .debug_line    0x0000149e      0x9e3 CMakeFiles/slave.dir/Core/Src/stm32h7xx_hal_msp.c.obj
 .debug_line    0x00001e81      0xdc8 CMakeFiles/slave.dir/Drivers/STM32H7xx_HAL_Driver/Src/stm32h7xx_hal_cortex.c.obj
 .debug_line    0x00002c49     0x1369 CMakeFiles/slave.dir/Drivers/STM32H7xx_HAL_Driver/Src/stm32h7xx_hal_rcc.c.obj
 .debug_line    0x00003fb2     0x1c81 CMakeFiles/slave.dir/Drivers/STM32H7xx_HAL_Driver/Src/stm32h7xx_hal_rcc_ex.c.obj
 .debug_line    0x00005c33      0xc71 CMakeFiles/slave.dir/Drivers/STM32H7xx_HAL_Driver/Src/stm32h7xx_hal_gpio.c.obj
 .debug_line    0x000068a4      0xebc CMakeFiles/slave.dir/Drivers/STM32H7xx_HAL_Driver/Src/stm32h7xx_hal_pwr_ex.c.obj
 .debug_line    0x00007760      0xd99 CMakeFiles/slave.dir/Drivers/STM32H7xx_HAL_Driver/Src/stm32h7xx_hal.c.obj
 .debug_line    0x000084f9     0x2857 CMakeFiles/slave.dir/Drivers/STM32H7xx_HAL_Driver/Src/stm32h7xx_hal_fdcan.c.obj
 .debug_line    0x0000ad50     0x22b9 CMakeFiles/slave.dir/Drivers/STM32H7xx_HAL_Driver/Src/stm32h7xx_hal_spi.c.obj
 .debug_line    0x0000d009     0x3e27 CMakeFiles/slave.dir/Drivers/STM32H7xx_HAL_Driver/Src/stm32h7xx_hal_uart.c.obj
 .debug_line    0x00010e30      0xe37 CMakeFiles/slave.dir/Drivers/STM32H7xx_HAL_Driver/Src/stm32h7xx_hal_uart_ex.c.obj
 .debug_line    0x00011c67      0x9a4 CMakeFiles/slave.dir/Core/Src/system_stm32h7xx.c.obj
 .debug_line    0x0001260b       0x7a CMakeFiles/slave.dir/startup_stm32h753xx.s.obj
 .debug_line    0x00012685      0x202 /opt/st/stm32cubeclt_1.16.0/GNU-tools-for-STM32/bin/../lib/gcc/arm-none-eabi/12.3.1/../../../../arm-none-eabi/lib/thumb/v7e-m+dp/hard/libg_nano.a(libc_a-memcpy-stub.o)

.debug_str      0x00000000   0x1664da
 .debug_str     0x00000000   0x160ada CMakeFiles/slave.dir/Core/Src/main.c.obj
                             0x16106e (size before relaxing)
 .debug_str     0x00160ada      0x105 CMakeFiles/slave.dir/Core/Src/stm32h7xx_it.c.obj
                             0x15f96d (size before relaxing)
 .debug_str     0x00160bdf      0x110 CMakeFiles/slave.dir/Core/Src/stm32h7xx_hal_msp.c.obj
                             0x160c4f (size before relaxing)
 .debug_str     0x00160cef      0xc42 CMakeFiles/slave.dir/Drivers/STM32H7xx_HAL_Driver/Src/stm32h7xx_hal_cortex.c.obj
                             0x160400 (size before relaxing)
 .debug_str     0x00161931      0x45d CMakeFiles/slave.dir/Drivers/STM32H7xx_HAL_Driver/Src/stm32h7xx_hal_rcc.c.obj
                             0x15fe3b (size before relaxing)
 .debug_str     0x00161d8e      0x730 CMakeFiles/slave.dir/Drivers/STM32H7xx_HAL_Driver/Src/stm32h7xx_hal_rcc_ex.c.obj
                             0x16031c (size before relaxing)
 .debug_str     0x001624be      0x13a CMakeFiles/slave.dir/Drivers/STM32H7xx_HAL_Driver/Src/stm32h7xx_hal_gpio.c.obj
                             0x15fa57 (size before relaxing)
 .debug_str     0x001625f8      0x67e CMakeFiles/slave.dir/Drivers/STM32H7xx_HAL_Driver/Src/stm32h7xx_hal_pwr_ex.c.obj
                             0x15ff18 (size before relaxing)
 .debug_str     0x00162c76      0x736 CMakeFiles/slave.dir/Drivers/STM32H7xx_HAL_Driver/Src/stm32h7xx_hal.c.obj
                             0x1609c5 (size before relaxing)
 .debug_str     0x001633ac     0x1bf7 CMakeFiles/slave.dir/Drivers/STM32H7xx_HAL_Driver/Src/stm32h7xx_hal_fdcan.c.obj
                             0x16178e (size before relaxing)
 .debug_str     0x00164fa3      0x5b5 CMakeFiles/slave.dir/Drivers/STM32H7xx_HAL_Driver/Src/stm32h7xx_hal_spi.c.obj
                             0x16015f (size before relaxing)
 .debug_str     0x00165558      0xa56 CMakeFiles/slave.dir/Drivers/STM32H7xx_HAL_Driver/Src/stm32h7xx_hal_uart.c.obj
                             0x16097c (size before relaxing)
 .debug_str     0x00165fae      0x2a9 CMakeFiles/slave.dir/Drivers/STM32H7xx_HAL_Driver/Src/stm32h7xx_hal_uart_ex.c.obj
                             0x15ff3c (size before relaxing)
 .debug_str     0x00166257       0x7c CMakeFiles/slave.dir/Core/Src/system_stm32h7xx.c.obj
                             0x15faa0 (size before relaxing)
 .debug_str     0x001662d3       0x71 CMakeFiles/slave.dir/startup_stm32h753xx.s.obj
                                 0xb0 (size before relaxing)
 .debug_str     0x00166344      0x196 /opt/st/stm32cubeclt_1.16.0/GNU-tools-for-STM32/bin/../lib/gcc/arm-none-eabi/12.3.1/../../../../arm-none-eabi/lib/thumb/v7e-m+dp/hard/libg_nano.a(libc_a-memcpy-stub.o)
                                0x232 (size before relaxing)

.comment        0x00000000       0x43
 .comment       0x00000000       0x43 CMakeFiles/slave.dir/Core/Src/main.c.obj
                                 0x44 (size before relaxing)
 .comment       0x00000043       0x44 CMakeFiles/slave.dir/Core/Src/stm32h7xx_it.c.obj
 .comment       0x00000043       0x44 CMakeFiles/slave.dir/Core/Src/stm32h7xx_hal_msp.c.obj
 .comment       0x00000043       0x44 CMakeFiles/slave.dir/Drivers/STM32H7xx_HAL_Driver/Src/stm32h7xx_hal_cortex.c.obj
 .comment       0x00000043       0x44 CMakeFiles/slave.dir/Drivers/STM32H7xx_HAL_Driver/Src/stm32h7xx_hal_rcc.c.obj
 .comment       0x00000043       0x44 CMakeFiles/slave.dir/Drivers/STM32H7xx_HAL_Driver/Src/stm32h7xx_hal_rcc_ex.c.obj
 .comment       0x00000043       0x44 CMakeFiles/slave.dir/Drivers/STM32H7xx_HAL_Driver/Src/stm32h7xx_hal_gpio.c.obj
 .comment       0x00000043       0x44 CMakeFiles/slave.dir/Drivers/STM32H7xx_HAL_Driver/Src/stm32h7xx_hal_pwr_ex.c.obj
 .comment       0x00000043       0x44 CMakeFiles/slave.dir/Drivers/STM32H7xx_HAL_Driver/Src/stm32h7xx_hal.c.obj
 .comment       0x00000043       0x44 CMakeFiles/slave.dir/Drivers/STM32H7xx_HAL_Driver/Src/stm32h7xx_hal_fdcan.c.obj
 .comment       0x00000043       0x44 CMakeFiles/slave.dir/Drivers/STM32H7xx_HAL_Driver/Src/stm32h7xx_hal_spi.c.obj
 .comment       0x00000043       0x44 CMakeFiles/slave.dir/Drivers/STM32H7xx_HAL_Driver/Src/stm32h7xx_hal_uart.c.obj
 .comment       0x00000043       0x44 CMakeFiles/slave.dir/Drivers/STM32H7xx_HAL_Driver/Src/stm32h7xx_hal_uart_ex.c.obj
 .comment       0x00000043       0x44 CMakeFiles/slave.dir/Core/Src/system_stm32h7xx.c.obj
 .comment       0x00000043       0x44 /opt/st/stm32cubeclt_1.16.0/GNU-tools-for-STM32/bin/../lib/gcc/arm-none-eabi/12.3.1/../../../../arm-none-eabi/lib/thumb/v7e-m+dp/hard/libg_nano.a(libc_a-memcpy-stub.o)

.debug_line_str
                0x00000000       0x55
 .debug_line_str
                0x00000000       0x55 CMakeFiles/slave.dir/startup_stm32h753xx.s.obj
                                 0x94 (size before relaxing)

.debug_loclists
                0x00000000       0x8f
 .debug_loclists
                0x00000000       0x8f /opt/st/stm32cubeclt_1.16.0/GNU-tools-for-STM32/bin/../lib/gcc/arm-none-eabi/12.3.1/../../../../arm-none-eabi/lib/thumb/v7e-m+dp/hard/libg_nano.a(libc_a-memcpy-stub.o)
