../Core/Src/main.c:83:5:main	1
../Core/Src/main.c:140:6:SystemClock_Config	5
../Core/Src/main.c:203:6:PeriphCommonClock_Config	2
../Core/Src/main.c:242:13:MX_FDCAN1_Init	2
../Core/Src/main.c:295:13:MX_FDCAN2_Init	2
../Core/Src/main.c:348:13:MX_SPI1_Init	2
../Core/Src/main.c:396:13:MX_UART4_Init	5
../Core/Src/main.c:444:13:MX_UART5_Init	5
../Core/Src/main.c:492:13:MX_USART1_UART_Init	5
../Core/Src/main.c:540:13:MX_USART3_UART_Init	5
../Core/Src/main.c:588:13:MX_GPIO_Init	1
../Core/Src/main.c:634:6:MPU_Config	1
../Core/Src/main.c:665:6:Error_Handler	1
