../Core/Src/main.c:83:5:main	8	static
../Core/Src/main.c:140:6:SystemClock_Config	128	static
../Core/Src/main.c:203:6:PeriphCommonClock_Config	200	static
../Core/Src/main.c:242:13:MX_FDCAN1_Init	8	static
../Core/Src/main.c:295:13:MX_FDCAN2_Init	8	static
../Core/Src/main.c:348:13:MX_SPI1_Init	8	static
../Core/Src/main.c:396:13:MX_UART4_Init	8	static
../Core/Src/main.c:444:13:MX_UART5_Init	8	static
../Core/Src/main.c:492:13:MX_USART1_UART_Init	8	static
../Core/Src/main.c:540:13:MX_USART3_UART_Init	8	static
../Core/Src/main.c:588:13:MX_GPIO_Init	56	static
../Core/Src/main.c:634:6:MPU_Config	24	static
../Core/Src/main.c:665:6:Error_Handler	4	static,ignoring_inline_asm
